07-10 01:07:08.451  1443  1443 I WindowManager: Override config changes=200 {1.0 ?mcc0mnc [en_US] ldltr sw393dp w393dp h886dp 440dpi nrml long compactNeeded port night finger -keyb/v/h -nav/h winConfig={ mBounds=Rect(0, 0 - 1080, 2436) mAppBounds=Rect(0, 0 - 1080, 2436) mMaxBounds=Rect(0, 0 - 1080, 2436) mDisplayRotation=ROTATION_0 mWindowingMode=fullscreen mActivityType=undefined mAlwaysOnTop=undefined mRotation=ROTATION_0} s.4 ?fontWeightAdjustment} for displayId=0
07-10 01:07:08.452  1443  1443 V SystemServerTiming: OnBootPhase_500_com.android.server.UiModeManagerService took to complete: 4ms
07-10 01:07:08.452  1443  1443 D SystemServerTiming: OnBootPhase_500_com.android.server.locales.LocaleManagerService
07-10 01:07:08.452  1443  1443 V SystemServerTiming: OnBootPhase_500_com.android.server.locales.LocaleManagerService took to complete: 0ms
07-10 01:07:08.452  1443  1443 D SystemServerTiming: OnBootPhase_500_com.android.server.appwindowlayout.AppWindowLayoutSettingsService
07-10 01:07:08.452  1443  1443 V SystemServerTiming: OnBootPhase_500_com.android.server.appwindowlayout.AppWindowLayoutSettingsService took to complete: 0ms
07-10 01:07:08.452  1443  1443 D SystemServerTiming: OnBootPhase_500_com.android.server.grammaticalinflection.GrammaticalInflectionService
07-10 01:07:08.452  1443  1443 V SystemServerTiming: OnBootPhase_500_com.android.server.grammaticalinflection.GrammaticalInflectionService took to complete: 0ms
07-10 01:07:08.452  1443  1443 D SystemServerTiming: OnBootPhase_500_com.android.server.apphibernation.AppHibernationService
07-10 01:07:08.453  1443  1443 V SystemServerTiming: OnBootPhase_500_com.android.server.apphibernation.AppHibernationService took to complete: 1ms
07-10 01:07:08.453  1443  1443 D SystemServerTiming: OnBootPhase_500_com.android.server.locksettings.LockSettingsService$Lifecycle
07-10 01:07:08.453  1443  1443 V SystemServerTiming: OnBootPhase_500_com.android.server.locksettings.LockSettingsService$Lifecycle took to complete: 0ms
07-10 01:07:08.453  1443  1443 D SystemServerTiming: OnBootPhase_500_com.android.server.testharness.TestHarnessModeService
07-10 01:07:08.453  1443  1443 D TestHarnessModeService: Setting up test harness mode
07-10 01:07:08.453  1443  1443 D TestHarnessModeService: Getting PersistentDataBlockManagerInternal from LocalServices
07-10 01:07:08.454  1443  1443 E TestHarnessModeService: Failed to start Test Harness Mode; no implementation of PersistentDataBlockManagerInternal was bound!
07-10 01:07:08.454  1443  1443 V SystemServerTiming: OnBootPhase_500_com.android.server.testharness.TestHarnessModeService took to complete: 0ms
07-10 01:07:08.454  1443  1443 D SystemServerTiming: OnBootPhase_500_com.android.server.DeviceIdleController
07-10 01:07:08.457  1443  1443 V SystemServerTiming: OnBootPhase_500_com.android.server.DeviceIdleController took to complete: 3ms
07-10 01:07:08.457  1443  1443 D SystemServerTiming: OnBootPhase_500_com.android.server.devicepolicy.DevicePolicyManagerService$Lifecycle
07-10 01:07:08.460  1443  1443 V SystemServerTiming: OnBootPhase_500_com.android.server.devicepolicy.DevicePolicyManagerService$Lifecycle took to complete: 3ms
07-10 01:07:08.460  1443  1443 D SystemServerTiming: OnBootPhase_500_com.android.server.voiceinteraction.VoiceInteractionManagerService
07-10 01:07:08.460  1443  1443 V SystemServerTiming: OnBootPhase_500_com.android.server.voiceinteraction.VoiceInteractionManagerService took to complete: 0ms
07-10 01:07:08.460  1443  1443 D SystemServerTiming: OnBootPhase_500_com.android.server.texttospeech.TextToSpeechManagerService
07-10 01:07:08.460  1443  1443 V SystemServerTiming: OnBootPhase_500_com.android.server.texttospeech.TextToSpeechManagerService took to complete: 0ms
07-10 01:07:08.460  1443  1443 D SystemServerTiming: OnBootPhase_500_com.android.server.wearable.WearableSensingManagerService
07-10 01:07:08.462  1443  1443 V SystemServerTiming: OnBootPhase_500_com.android.server.wearable.WearableSensingManagerService took to complete: 2ms
07-10 01:07:08.462  1443  1443 D SystemServerTiming: OnBootPhase_500_com.android.server.ondeviceintelligence.OnDeviceIntelligenceManagerService
07-10 01:07:08.463  1443  1443 V SystemServerTiming: OnBootPhase_500_com.android.server.ondeviceintelligence.OnDeviceIntelligenceManagerService took to complete: 1ms
07-10 01:07:08.463  1443  1443 D SystemServerTiming: OnBootPhase_500_com.android.server.speech.SpeechRecognitionManagerService
07-10 01:07:08.463  1443  1443 V SystemServerTiming: OnBootPhase_500_com.android.server.speech.SpeechRecognitionManagerService took to complete: 0ms
07-10 01:07:08.463  1443  1443 D SystemServerTiming: OnBootPhase_500_com.android.server.graphics.fonts.FontManagerService$Lifecycle
07-10 01:07:08.463  1443  1443 V SystemServerTiming: OnBootPhase_500_com.android.server.graphics.fonts.FontManagerService$Lifecycle took to complete: 0ms
07-10 01:07:08.464  1443  1443 D SystemServerTiming: OnBootPhase_500_com.android.server.textservices.TextServicesManagerService$Lifecycle
07-10 01:07:08.464  1443  1443 V SystemServerTiming: OnBootPhase_500_com.android.server.textservices.TextServicesManagerService$Lifecycle took to complete: 0ms
07-10 01:07:08.464  1443  1443 D SystemServerTiming: OnBootPhase_500_com.android.server.textclassifier.TextClassificationManagerService$Lifecycle
07-10 01:07:08.464  1443  1443 V SystemServerTiming: OnBootPhase_500_com.android.server.textclassifier.TextClassificationManagerService$Lifecycle took to complete: 0ms
07-10 01:07:08.464  1443  1443 D SystemServerTiming: OnBootPhase_500_com.android.server.NetworkScoreService$Lifecycle
07-10 01:07:08.464  1443  1443 V SystemServerTiming: OnBootPhase_500_com.android.server.NetworkScoreService$Lifecycle took to complete: 0ms
07-10 01:07:08.464  1443  1443 D SystemServerTiming: OnBootPhase_500_com.android.server.NetworkStatsServiceInitializer
07-10 01:07:08.464  1443  1443 V SystemServerTiming: OnBootPhase_500_com.android.server.NetworkStatsServiceInitializer took to complete: 0ms
07-10 01:07:08.464  1443  1443 D SystemServerTiming: OnBootPhase_500_com.android.server.wifi.WifiService
07-10 01:07:08.464  1443  1443 V SystemServerTiming: OnBootPhase_500_com.android.server.wifi.WifiService took to complete: 0ms
07-10 01:07:08.464  1443  1443 D SystemServerTiming: OnBootPhase_500_com.android.server.wifi.scanner.WifiScanningService
07-10 01:07:08.465  1443  1443 V SystemServerTiming: OnBootPhase_500_com.android.server.wifi.scanner.WifiScanningService took to complete: 0ms
07-10 01:07:08.465  1443  1443 D SystemServerTiming: OnBootPhase_500_com.android.server.wifi.p2p.WifiP2pService
07-10 01:07:08.466  1443  1443 V SystemServerTiming: OnBootPhase_500_com.android.server.wifi.p2p.WifiP2pService took to complete: 1ms
07-10 01:07:08.466  1443  1443 D SystemServerTiming: OnBootPhase_500_com.android.server.ConnectivityServiceInitializer
07-10 01:07:08.467  1443  1443 V SystemServerTiming: OnBootPhase_500_com.android.server.ConnectivityServiceInitializer took to complete: 1ms
07-10 01:07:08.467  1443  1443 D SystemServerTiming: OnBootPhase_500_com.android.server.bitmapoffload.BitmapOffloadService
07-10 01:07:08.467  1443  1443 V SystemServerTiming: OnBootPhase_500_com.android.server.bitmapoffload.BitmapOffloadService took to complete: 0ms
07-10 01:07:08.467  1443  1443 D SystemServerTiming: OnBootPhase_500_com.android.server.notification.NotificationManagerService
07-10 01:07:08.472  1443  1443 V SystemServerTiming: OnBootPhase_500_com.android.server.notification.NotificationManagerService took to complete: 5ms
07-10 01:07:08.472  1443  1443 D SystemServerTiming: OnBootPhase_500_com.android.server.storage.DeviceStorageMonitorService
07-10 01:07:08.472  1443  1443 V SystemServerTiming: OnBootPhase_500_com.android.server.storage.DeviceStorageMonitorService took to complete: 0ms
07-10 01:07:08.472  1443  1443 D SystemServerTiming: OnBootPhase_500_com.android.server.timedetector.TimeDetectorService$Lifecycle
07-10 01:07:08.472  1443  1443 V SystemServerTiming: OnBootPhase_500_com.android.server.timedetector.TimeDetectorService$Lifecycle took to complete: 0ms
07-10 01:07:08.472  1443  1443 D SystemServerTiming: OnBootPhase_500_com.android.server.location.LocationManagerService$Lifecycle
07-10 01:07:08.476  1443  1585 W BroadcastLoopers: Found previously unknown looper Thread[WifiHandlerThread,5,main]
07-10 01:07:08.477  1443  1443 V SystemServerTiming: OnBootPhase_500_com.android.server.location.LocationManagerService$Lifecycle took to complete: 5ms
07-10 01:07:08.477  1443  1443 D SystemServerTiming: OnBootPhase_500_com.android.server.timezonedetector.TimeZoneDetectorService$Lifecycle
07-10 01:07:08.477  1443  1443 V SystemServerTiming: OnBootPhase_500_com.android.server.timezonedetector.TimeZoneDetectorService$Lifecycle took to complete: 0ms
07-10 01:07:08.477  1443  1443 D SystemServerTiming: OnBootPhase_500_com.android.server.location.altitude.AltitudeService$Lifecycle
07-10 01:07:08.477  1443  1443 V SystemServerTiming: OnBootPhase_500_com.android.server.location.altitude.AltitudeService$Lifecycle took to complete: 0ms
07-10 01:07:08.477  1443  1443 D SystemServerTiming: OnBootPhase_500_com.android.server.timezonedetector.location.LocationTimeZoneManagerService$Lifecycle
07-10 01:07:08.477  1443  1443 V SystemServerTiming: OnBootPhase_500_com.android.server.timezonedetector.location.LocationTimeZoneManagerService$Lifecycle took to complete: 0ms
07-10 01:07:08.477  1443  1443 D SystemServerTiming: OnBootPhase_500_com.android.server.search.SearchManagerService$Lifecycle
07-10 01:07:08.477  1443  1443 V SystemServerTiming: OnBootPhase_500_com.android.server.search.SearchManagerService$Lifecycle took to complete: 0ms
07-10 01:07:08.477  1443  1443 D SystemServerTiming: OnBootPhase_500_com.android.server.wallpaper.WallpaperManagerService$Lifecycle
07-10 01:07:08.477  1443  1443 V SystemServerTiming: OnBootPhase_500_com.android.server.wallpaper.WallpaperManagerService$Lifecycle took to complete: 0ms
07-10 01:07:08.477  1443  1443 D SystemServerTiming: OnBootPhase_500_com.android.server.audio.AudioService$Lifecycle
07-10 01:07:08.477  1443  1443 V SystemServerTiming: OnBootPhase_500_com.android.server.audio.AudioService$Lifecycle took to complete: 0ms
07-10 01:07:08.478  1443  1443 D SystemServerTiming: OnBootPhase_500_com.android.server.soundtrigger_middleware.SoundTriggerMiddlewareService$Lifecycle
07-10 01:07:08.478  1443  1443 V SystemServerTiming: OnBootPhase_500_com.android.server.soundtrigger_middleware.SoundTriggerMiddlewareService$Lifecycle took to complete: 0ms
07-10 01:07:08.478  1443  1443 D SystemServerTiming: OnBootPhase_500_com.android.server.DockObserver
07-10 01:07:08.478  1443  1443 V SystemServerTiming: OnBootPhase_500_com.android.server.DockObserver took to complete: 0ms
07-10 01:07:08.478  1443  1443 D SystemServerTiming: OnBootPhase_500_com.android.server.midi.MidiService$Lifecycle
07-10 01:07:08.478  1443  1443 V SystemServerTiming: OnBootPhase_500_com.android.server.midi.MidiService$Lifecycle took to complete: 0ms
07-10 01:07:08.478  1443  1443 D SystemServerTiming: OnBootPhase_500_com.android.server.adb.AdbService$Lifecycle
07-10 01:07:08.478  1443  1443 V SystemServerTiming: OnBootPhase_500_com.android.server.adb.AdbService$Lifecycle took to complete: 0ms
07-10 01:07:08.478  1443  1443 D SystemServerTiming: OnBootPhase_500_com.android.server.usb.UsbService$Lifecycle
07-10 01:07:08.478  1443  1443 V SystemServerTiming: OnBootPhase_500_com.android.server.usb.UsbService$Lifecycle took to complete: 0ms
07-10 01:07:08.478  1443  1443 D SystemServerTiming: OnBootPhase_500_com.android.server.SerialService$Lifecycle
07-10 01:07:08.478  1443  1443 V SystemServerTiming: OnBootPhase_500_com.android.server.SerialService$Lifecycle took to complete: 0ms
07-10 01:07:08.478  1443  1443 D SystemServerTiming: OnBootPhase_500_com.android.server.twilight.TwilightService
07-10 01:07:08.478  1443  1443 V SystemServerTiming: OnBootPhase_500_com.android.server.twilight.TwilightService took to complete: 0ms
07-10 01:07:08.478  1443  1443 D SystemServerTiming: OnBootPhase_500_com.android.server.display.color.ColorDisplayService
07-10 01:07:08.478  1443  1443 V SystemServerTiming: OnBootPhase_500_com.android.server.display.color.ColorDisplayService took to complete: 0ms
07-10 01:07:08.478  1443  1443 D SystemServerTiming: OnBootPhase_500_com.android.server.job.JobSchedulerService
07-10 01:07:08.495   920   947 I android.hardware.wifi-service: Setting min callback version to 3
07-10 01:07:08.496   920   947 W android.hardware.wifi-service: Duplicate death notification registration
07-10 01:07:08.497  1443  1443 V SystemServerTiming: OnBootPhase_500_com.android.server.job.JobSchedulerService took to complete: 19ms
07-10 01:07:08.497  1443  1443 D SystemServerTiming: OnBootPhase_500_com.android.server.soundtrigger.SoundTriggerService
07-10 01:07:08.497  1443  1443 D SoundTriggerService: onBootPhase: 500 : false
07-10 01:07:08.497  1443  1443 V SystemServerTiming: OnBootPhase_500_com.android.server.soundtrigger.SoundTriggerService took to complete: 0ms
07-10 01:07:08.497  1443  1443 D SystemServerTiming: OnBootPhase_500_com.android.server.trust.TrustManagerService
07-10 01:07:08.499  1443  1443 E SystemServiceRegistry: Manager wrapper not available: face
07-10 01:07:08.499  1443  1443 V SystemServerTiming: OnBootPhase_500_com.android.server.trust.TrustManagerService took to complete: 2ms
07-10 01:07:08.499  1443  1443 D SystemServerTiming: OnBootPhase_500_com.android.server.backup.BackupManagerService$Lifecycle
07-10 01:07:08.499  1443  1443 V SystemServerTiming: OnBootPhase_500_com.android.server.backup.BackupManagerService$Lifecycle took to complete: 0ms
07-10 01:07:08.499  1443  1443 D SystemServerTiming: OnBootPhase_500_com.android.server.appwidget.AppWidgetService
07-10 01:07:08.499  1443  1443 V SystemServerTiming: OnBootPhase_500_com.android.server.appwidget.AppWidgetService took to complete: 0ms
07-10 01:07:08.499  1443  1443 D SystemServerTiming: OnBootPhase_500_com.android.server.GestureLauncherService
07-10 01:07:08.499  1443  1443 V SystemServerTiming: OnBootPhase_500_com.android.server.GestureLauncherService took to complete: 0ms
07-10 01:07:08.499  1443  1443 D SystemServerTiming: OnBootPhase_500_com.android.server.SensorNotificationService
07-10 01:07:08.499  1443  1443 V SystemServerTiming: OnBootPhase_500_com.android.server.SensorNotificationService took to complete: 0ms
07-10 01:07:08.499  1443  1443 D SystemServerTiming: OnBootPhase_500_com.android.server.emergency.EmergencyAffordanceService
07-10 01:07:08.499  1443  1443 V SystemServerTiming: OnBootPhase_500_com.android.server.emergency.EmergencyAffordanceService took to complete: 0ms
07-10 01:07:08.499  1443  1443 D SystemServerTiming: OnBootPhase_500_com.android.server.blob.BlobStoreManagerService
07-10 01:07:08.499  1443  1443 V SystemServerTiming: OnBootPhase_500_com.android.server.blob.BlobStoreManagerService took to complete: 0ms
07-10 01:07:08.499  1443  1443 D SystemServerTiming: OnBootPhase_500_com.android.server.dreams.DreamManagerService
07-10 01:07:08.499  1443  1443 V SystemServerTiming: OnBootPhase_500_com.android.server.dreams.DreamManagerService took to complete: 0ms
07-10 01:07:08.499  1443  1443 D SystemServerTiming: OnBootPhase_500_com.android.server.print.PrintManagerService
07-10 01:07:08.500  1443  1443 V SystemServerTiming: OnBootPhase_500_com.android.server.print.PrintManagerService took to complete: 0ms
07-10 01:07:08.500  1443  1443 D SystemServerTiming: OnBootPhase_500_com.android.server.security.AttestationVerificationManagerService
07-10 01:07:08.500  1443  1443 V SystemServerTiming: OnBootPhase_500_com.android.server.security.AttestationVerificationManagerService took to complete: 0ms
07-10 01:07:08.500  1443  1443 D SystemServerTiming: OnBootPhase_500_com.android.server.companion.CompanionDeviceManagerService
07-10 01:07:08.500  1443  1443 V SystemServerTiming: OnBootPhase_500_com.android.server.companion.CompanionDeviceManagerService took to complete: 0ms
07-10 01:07:08.500  1443  1443 D SystemServerTiming: OnBootPhase_500_com.android.server.companion.virtual.VirtualDeviceManagerService
07-10 01:07:08.500  1443  1443 V SystemServerTiming: OnBootPhase_500_com.android.server.companion.virtual.VirtualDeviceManagerService took to complete: 0ms
07-10 01:07:08.500  1443  1443 D SystemServerTiming: OnBootPhase_500_com.android.server.restrictions.RestrictionsManagerService
07-10 01:07:08.500  1443  1443 V SystemServerTiming: OnBootPhase_500_com.android.server.restrictions.RestrictionsManagerService took to complete: 0ms
07-10 01:07:08.500  1443  1443 D SystemServerTiming: OnBootPhase_500_com.android.server.media.MediaSessionService
07-10 01:07:08.500  1443  1443 V SystemServerTiming: OnBootPhase_500_com.android.server.media.MediaSessionService took to complete: 0ms
07-10 01:07:08.500  1443  1443 D SystemServerTiming: OnBootPhase_500_com.android.server.media.MediaResourceMonitorService
07-10 01:07:08.500  1443  1443 V SystemServerTiming: OnBootPhase_500_com.android.server.media.MediaResourceMonitorService took to complete: 0ms
07-10 01:07:08.500  1443  1443 D SystemServerTiming: OnBootPhase_500_com.android.server.biometrics.sensors.fingerprint.FingerprintService
07-10 01:07:08.500  1443  1443 V SystemServerTiming: OnBootPhase_500_com.android.server.biometrics.sensors.fingerprint.FingerprintService took to complete: 0ms
07-10 01:07:08.500  1443  1443 D SystemServerTiming: OnBootPhase_500_com.android.server.biometrics.BiometricService
07-10 01:07:08.500  1443  1443 V SystemServerTiming: OnBootPhase_500_com.android.server.biometrics.BiometricService took to complete: 0ms
07-10 01:07:08.500  1443  1443 D SystemServerTiming: OnBootPhase_500_com.android.server.biometrics.AuthService
07-10 01:07:08.500  1443  1443 V SystemServerTiming: OnBootPhase_500_com.android.server.biometrics.AuthService took to complete: 0ms
07-10 01:07:08.500  1443  1443 D SystemServerTiming: OnBootPhase_500_com.android.server.security.authenticationpolicy.SecureLockDeviceService$Lifecycle
07-10 01:07:08.500  1443  1443 V SystemServerTiming: OnBootPhase_500_com.android.server.security.authenticationpolicy.SecureLockDeviceService$Lifecycle took to complete: 0ms
07-10 01:07:08.500  1443  1443 D SystemServerTiming: OnBootPhase_500_com.android.server.security.authenticationpolicy.AuthenticationPolicyService
07-10 01:07:08.501  1443  1443 V SystemServerTiming: OnBootPhase_500_com.android.server.security.authenticationpolicy.AuthenticationPolicyService took to complete: 1ms
07-10 01:07:08.501  1443  1443 D SystemServerTiming: OnBootPhase_500_com.android.server.pm.ShortcutService$Lifecycle
07-10 01:07:08.501  1443  1443 V SystemServerTiming: OnBootPhase_500_com.android.server.pm.ShortcutService$Lifecycle took to complete: 0ms
07-10 01:07:08.501  1443  1443 D SystemServerTiming: OnBootPhase_500_com.android.server.pm.LauncherAppsService
07-10 01:07:08.501  1443  1443 V SystemServerTiming: OnBootPhase_500_com.android.server.pm.LauncherAppsService took to complete: 0ms
07-10 01:07:08.501  1443  1443 D SystemServerTiming: OnBootPhase_500_com.android.server.pm.CrossProfileAppsService
07-10 01:07:08.501  1443  1443 V SystemServerTiming: OnBootPhase_500_com.android.server.pm.CrossProfileAppsService took to complete: 0ms
07-10 01:07:08.501  1443  1443 D SystemServerTiming: OnBootPhase_500_com.android.server.people.PeopleService
07-10 01:07:08.501  1443  1443 V SystemServerTiming: OnBootPhase_500_com.android.server.people.PeopleService took to complete: 0ms
07-10 01:07:08.501  1443  1443 D SystemServerTiming: OnBootPhase_500_com.android.server.media.metrics.MediaMetricsManagerService
07-10 01:07:08.501  1443  1443 V SystemServerTiming: OnBootPhase_500_com.android.server.media.metrics.MediaMetricsManagerService took to complete: 0ms
07-10 01:07:08.501  1443  1443 D SystemServerTiming: OnBootPhase_500_com.android.server.pm.BackgroundInstallControlService
07-10 01:07:08.501  1443  1443 V SystemServerTiming: OnBootPhase_500_com.android.server.pm.BackgroundInstallControlService took to complete: 0ms
07-10 01:07:08.501  1443  1443 D SystemServerTiming: OnBootPhase_500_com.android.server.media.projection.MediaProjectionManagerService
07-10 01:07:08.501  1443  1443 V SystemServerTiming: OnBootPhase_500_com.android.server.media.projection.MediaProjectionManagerService took to complete: 0ms
07-10 01:07:08.501  1443  1443 D SystemServerTiming: OnBootPhase_500_com.android.server.slice.SliceManagerService$Lifecycle
07-10 01:07:08.501  1443  1443 V SystemServerTiming: OnBootPhase_500_com.android.server.slice.SliceManagerService$Lifecycle took to complete: 0ms
07-10 01:07:08.501  1443  1443 D SystemServerTiming: OnBootPhase_500_com.android.server.stats.StatsCompanion$Lifecycle
07-10 01:07:08.501  1443  1443 V SystemServerTiming: OnBootPhase_500_com.android.server.stats.StatsCompanion$Lifecycle took to complete: 0ms
07-10 01:07:08.501  1443  1443 D SystemServerTiming: OnBootPhase_500_com.android.server.scheduling.RebootReadinessManagerService$Lifecycle
07-10 01:07:08.501  1443  1443 V SystemServerTiming: OnBootPhase_500_com.android.server.scheduling.RebootReadinessManagerService$Lifecycle took to complete: 0ms
07-10 01:07:08.501  1443  1443 D SystemServerTiming: OnBootPhase_500_com.android.server.stats.pull.StatsPullAtomService
07-10 01:07:08.501  1443  1443 V SystemServerTiming: OnBootPhase_500_com.android.server.stats.pull.StatsPullAtomService took to complete: 0ms
07-10 01:07:08.501  1443  1443 D SystemServerTiming: OnBootPhase_500_com.android.server.stats.bootstrap.StatsBootstrapAtomService$Lifecycle
07-10 01:07:08.501  1443  1443 V SystemServerTiming: OnBootPhase_500_com.android.server.stats.bootstrap.StatsBootstrapAtomService$Lifecycle took to complete: 0ms
07-10 01:07:08.501  1443  1443 D SystemServerTiming: OnBootPhase_500_com.android.server.incident.IncidentCompanionService
07-10 01:07:08.501  1443  1443 V SystemServerTiming: OnBootPhase_500_com.android.server.incident.IncidentCompanionService took to complete: 0ms
07-10 01:07:08.501  1443  1443 D SystemServerTiming: OnBootPhase_500_com.android.server.sdksandbox.SdkSandboxManagerService$Lifecycle
07-10 01:07:08.501  1443  1443 V SystemServerTiming: OnBootPhase_500_com.android.server.sdksandbox.SdkSandboxManagerService$Lifecycle took to complete: 0ms
07-10 01:07:08.501  1443  1443 D SystemServerTiming: OnBootPhase_500_com.android.server.adservices.AdServicesManagerService$Lifecycle
07-10 01:07:08.501  1443  1443 V SystemServerTiming: OnBootPhase_500_com.android.server.adservices.AdServicesManagerService$Lifecycle took to complete: 0ms
07-10 01:07:08.502  1443  1443 D SystemServerTiming: OnBootPhase_500_com.android.server.ondevicepersonalization.OnDevicePersonalizationSystemService$Lifecycle
07-10 01:07:08.502  1443  1443 V SystemServerTiming: OnBootPhase_500_com.android.server.ondevicepersonalization.OnDevicePersonalizationSystemService$Lifecycle took to complete: 0ms
07-10 01:07:08.502  1443  1443 D SystemServerTiming: OnBootPhase_500_android.os.profiling.ProfilingService$Lifecycle
07-10 01:07:08.502  1443  1443 V SystemServerTiming: OnBootPhase_500_android.os.profiling.ProfilingService$Lifecycle took to complete: 0ms
07-10 01:07:08.502  1443  1443 D SystemServerTiming: OnBootPhase_500_com.android.server.MmsServiceBroker
07-10 01:07:08.502  1443  1443 V SystemServerTiming: OnBootPhase_500_com.android.server.MmsServiceBroker took to complete: 0ms
07-10 01:07:08.502  1443  1443 D SystemServerTiming: OnBootPhase_500_com.android.server.autofill.AutofillManagerService
07-10 01:07:08.502  1443  1443 V SystemServerTiming: OnBootPhase_500_com.android.server.autofill.AutofillManagerService took to complete: 0ms
07-10 01:07:08.502  1443  1443 D SystemServerTiming: OnBootPhase_500_com.android.server.credentials.CredentialManagerService
07-10 01:07:08.502  1443  1443 V SystemServerTiming: OnBootPhase_500_com.android.server.credentials.CredentialManagerService took to complete: 0ms
07-10 01:07:08.502  1443  1443 D SystemServerTiming: OnBootPhase_500_com.android.server.clipboard.ClipboardService
07-10 01:07:08.502  1443  1443 V SystemServerTiming: OnBootPhase_500_com.android.server.clipboard.ClipboardService took to complete: 0ms
07-10 01:07:08.502  1443  1443 D SystemServerTiming: OnBootPhase_500_com.android.server.selectiontoolbar.SelectionToolbarManagerService
07-10 01:07:08.502  1443  1443 V SystemServerTiming: OnBootPhase_500_com.android.server.selectiontoolbar.SelectionToolbarManagerService took to complete: 0ms
07-10 01:07:08.502  1443  1443 D SystemServerTiming: OnBootPhase_500_com.android.server.appbinding.AppBindingService$Lifecycle
07-10 01:07:08.502  1443  1443 V SystemServerTiming: OnBootPhase_500_com.android.server.appbinding.AppBindingService$Lifecycle took to complete: 0ms
07-10 01:07:08.502  1443  1443 D SystemServerTiming: OnBootPhase_500_com.android.server.tracing.TracingServiceProxy
07-10 01:07:08.502  1443  1443 V SystemServerTiming: OnBootPhase_500_com.android.server.tracing.TracingServiceProxy took to complete: 0ms
07-10 01:07:08.502  1443  1443 D SystemServerTiming: OnBootPhase_500_com.android.server.os.instrumentation.DynamicInstrumentationManagerService
07-10 01:07:08.502  1443  1443 V SystemServerTiming: OnBootPhase_500_com.android.server.os.instrumentation.DynamicInstrumentationManagerService took to complete: 0ms
07-10 01:07:08.502  1443  1443 D SystemServerTiming: OnBootPhase_500_org.lineageos.platform.internal.ProfileManagerService
07-10 01:07:08.502  1443  1443 V SystemServerTiming: OnBootPhase_500_org.lineageos.platform.internal.ProfileManagerService took to complete: 0ms
07-10 01:07:08.502  1443  1443 D SystemServerTiming: OnBootPhase_500_org.lineageos.platform.internal.LineageHardwareService
07-10 01:07:08.502  1443  1443 V SystemServerTiming: OnBootPhase_500_org.lineageos.platform.internal.LineageHardwareService took to complete: 0ms
07-10 01:07:08.502  1443  1443 D SystemServerTiming: OnBootPhase_500_org.lineageos.platform.internal.display.LiveDisplayService
07-10 01:07:08.502  1443  1443 V SystemServerTiming: OnBootPhase_500_org.lineageos.platform.internal.display.LiveDisplayService took to complete: 0ms
07-10 01:07:08.502  1443  1443 D SystemServerTiming: OnBootPhase_500_org.lineageos.platform.internal.TrustInterfaceService
07-10 01:07:08.502  1443  1443 V SystemServerTiming: OnBootPhase_500_org.lineageos.platform.internal.TrustInterfaceService took to complete: 0ms
07-10 01:07:08.502  1443  1443 D SystemServerTiming: OnBootPhase_500_org.lineageos.platform.internal.LineageSettingsService
07-10 01:07:08.502  1443  1443 V SystemServerTiming: OnBootPhase_500_org.lineageos.platform.internal.LineageSettingsService took to complete: 0ms
07-10 01:07:08.502  1443  1443 D SystemServerTiming: OnBootPhase_500_org.lineageos.platform.internal.LineageGlobalActionsService
07-10 01:07:08.502  1443  1443 V SystemServerTiming: OnBootPhase_500_org.lineageos.platform.internal.LineageGlobalActionsService took to complete: 0ms
07-10 01:07:08.502  1443  1443 D SystemServerTiming: OnBootPhase_500_org.lineageos.platform.internal.health.HealthInterfaceService
07-10 01:07:08.502  1443  1443 V SystemServerTiming: OnBootPhase_500_org.lineageos.platform.internal.health.HealthInterfaceService took to complete: 0ms
07-10 01:07:08.502  1443  1443 V SystemServerTiming: OnBootPhase_500 took to complete: 394ms
07-10 01:07:08.502  1443  1443 V SystemServerTiming: StartBootPhaseSystemServicesReady took to complete: 394ms
07-10 01:07:08.502  1443  1443 D SystemServerTiming: MakeWindowManagerServiceReady
07-10 01:07:08.505  1443  1443 V SystemServerTiming: MakeWindowManagerServiceReady took to complete: 3ms
07-10 01:07:08.505  1443  1443 D SystemServerTiming: RegisterLogMteState
07-10 01:07:08.505  1443  1443 V SystemServerTiming: RegisterLogMteState took to complete: 0ms
07-10 01:07:08.506  1443  1443 V Configuration: Updating configuration, locales updated from [] to [en_US]
07-10 01:07:08.506  1443  1443 D SystemServerTiming: StartPermissionPolicyService
07-10 01:07:08.506  1443  1443 I SystemServiceManager: Starting com.android.server.policy.PermissionPolicyService
07-10 01:07:08.507  1443  1476 I HealthServiceWrapperAidl: health: HealthServiceWrapper listening to AIDL HAL
07-10 01:07:08.509  1443  1443 V SystemServerTiming: StartPermissionPolicyService took to complete: 3ms
07-10 01:07:08.509  1443  1469 I DropBoxManagerService: add tag=system_server_strictmode isTagEnabled=true flags=0x2
07-10 01:07:08.509  1443  1443 D SystemServerTiming: MakePackageManagerServiceReady
07-10 01:07:08.510  1443  1469 I DropBoxManagerService: add tag=system_server_strictmode isTagEnabled=true flags=0x2
07-10 01:07:08.511  1443  1469 I DropBoxManagerService: add tag=system_server_strictmode isTagEnabled=true flags=0x2
07-10 01:07:08.512  1443  1476 I StatsPullAtomService: register thermal listener successfully
07-10 01:07:08.512  1443  1469 I DropBoxManagerService: add tag=system_server_strictmode isTagEnabled=true flags=0x2
07-10 01:07:08.512  1443  1443 E UserManagerService: Auto-lock preference updated but private space user not found
07-10 01:07:08.513  1443  1469 I DropBoxManagerService: add tag=system_server_strictmode isTagEnabled=true flags=0x2
07-10 01:07:08.514  1443  1469 I DropBoxManagerService: add tag=system_server_strictmode isTagEnabled=true flags=0x2
07-10 01:07:08.514  1443  1469 I DropBoxManagerService: add tag=system_server_strictmode isTagEnabled=true flags=0x2
07-10 01:07:08.515  1443  1469 I DropBoxManagerService: add tag=system_server_strictmode isTagEnabled=true flags=0x2
07-10 01:07:08.515  1443  1469 I DropBoxManagerService: add tag=system_server_strictmode isTagEnabled=true flags=0x2
07-10 01:07:08.516  1443  1469 I DropBoxManagerService: add tag=system_server_strictmode isTagEnabled=true flags=0x2
07-10 01:07:08.518  1443  1443 V UserDataPreparer: Found /data/user_de/0 with serial number 0
07-10 01:07:08.518  1443  1443 V UserDataPreparer: Found /data/user/0 with serial number 0
07-10 01:07:08.518  1443  1443 V UserDataPreparer: Found /data/system_de/0 with serial number 0
07-10 01:07:08.518  1443  1443 V UserDataPreparer: Found /data/system_ce/0 with serial number 0
07-10 01:07:08.518  1443  1443 V UserDataPreparer: Found /data/misc_ce/0 with serial number 0
07-10 01:07:08.523  1443  1443 V StagingManagerTiming: restoreSessions took to complete: 2ms
07-10 01:07:08.524  1443  1443 V SystemServerTiming: MakePackageManagerServiceReady took to complete: 15ms
07-10 01:07:08.524  1443  1443 D SystemServerTiming: StartCrashRecoveryModule
07-10 01:07:08.524  1443  1443 I SystemServiceManager: Starting com.android.server.crashrecovery.CrashRecoveryModule$Lifecycle
07-10 01:07:08.558  1443  1443 I PackageWatchdog: Syncing state, reason: added new observer
07-10 01:07:08.559  1443  1443 I PackageWatchdog: Not pruning observers, elapsed time: 0ms
07-10 01:07:08.559  1443  1443 I PackageWatchdog: Cancelling state sync, nothing to sync
07-10 01:07:08.559  1443  1486 I PackageWatchdog: Saving observer state to file
07-10 01:07:08.563  1443  1443 V SystemServerTiming: StartCrashRecoveryModule took to complete: 39ms
07-10 01:07:08.563  1443  1443 D SystemServerTiming: MakeDisplayManagerServiceReady
07-10 01:07:08.575  1443  1443 I BrightnessSynchronizer: Initial brightness readings: 205(int), 0.8048913(float)
07-10 01:07:08.577  1443  1443 V SystemServerTiming: MakeDisplayManagerServiceReady took to complete: 14ms
07-10 01:07:08.577  1443  1443 D SystemServerTiming: StartDeviceSpecificServices
07-10 01:07:08.577  1443  1443 V SystemServerTiming: StartDeviceSpecificServices took to complete: 0ms
07-10 01:07:08.578  1443  1443 D SystemServerTiming: GameManagerService
07-10 01:07:08.578  1443  1443 I SystemServiceManager: Starting com.android.server.app.GameManagerService$Lifecycle
07-10 01:07:08.582  1443  1443 V SystemServerTiming: GameManagerService took to complete: 5ms
07-10 01:07:08.582  1443  1443 D SystemServerTiming: RangingService
07-10 01:07:08.583  1443  1443 I SystemServiceManager: Starting com.android.server.ranging.RangingService
07-10 01:07:08.588  1443  1443 V SystemServerTiming: RangingService took to complete: 6ms
07-10 01:07:08.588  1443  1443 D SystemServerTiming: StartBootPhaseDeviceSpecificServicesReady
07-10 01:07:08.588  1443  1443 I SystemServiceManager: Starting phase 520
07-10 01:07:08.588  1443  1443 D SystemServerTiming: OnBootPhase_520
07-10 01:07:08.588  1443  1443 D SystemServerTiming: OnBootPhase_520_com.android.server.security.FileIntegrityService
07-10 01:07:08.588  1443  1443 V SystemServerTiming: OnBootPhase_520_com.android.server.security.FileIntegrityService took to complete: 0ms
07-10 01:07:08.588  1443  1443 D SystemServerTiming: OnBootPhase_520_com.android.server.pm.Installer
07-10 01:07:08.588  1443  1443 V SystemServerTiming: OnBootPhase_520_com.android.server.pm.Installer took to complete: 0ms
07-10 01:07:08.588  1443  1443 D SystemServerTiming: OnBootPhase_520_com.android.server.os.DeviceIdentifiersPolicyService
07-10 01:07:08.588  1443  1443 V SystemServerTiming: OnBootPhase_520_com.android.server.os.DeviceIdentifiersPolicyService took to complete: 0ms
07-10 01:07:08.588  1443  1443 D SystemServerTiming: OnBootPhase_520_com.android.server.flags.FeatureFlagsService
07-10 01:07:08.588  1443  1443 V SystemServerTiming: OnBootPhase_520_com.android.server.flags.FeatureFlagsService took to complete: 0ms
07-10 01:07:08.588  1443  1443 D SystemServerTiming: OnBootPhase_520_com.android.server.uri.UriGrantsManagerService$Lifecycle
07-10 01:07:08.588  1443  1443 V SystemServerTiming: OnBootPhase_520_com.android.server.uri.UriGrantsManagerService$Lifecycle took to complete: 0ms
07-10 01:07:08.588  1443  1443 D SystemServerTiming: OnBootPhase_520_com.android.server.powerstats.PowerStatsService
07-10 01:07:08.588  1443  1443 V SystemServerTiming: OnBootPhase_520_com.android.server.powerstats.PowerStatsService took to complete: 0ms
07-10 01:07:08.588  1443  1443 D SystemServerTiming: OnBootPhase_520_com.android.server.permission.access.AccessCheckingService
07-10 01:07:08.588  1443  1443 V SystemServerTiming: OnBootPhase_520_com.android.server.permission.access.AccessCheckingService took to complete: 0ms
07-10 01:07:08.588  1443  1443 D SystemServerTiming: OnBootPhase_520_com.android.server.wm.ActivityTaskManagerService$Lifecycle
07-10 01:07:08.588  1443  1443 V SystemServerTiming: OnBootPhase_520_com.android.server.wm.ActivityTaskManagerService$Lifecycle took to complete: 0ms
07-10 01:07:08.588  1443  1443 D SystemServerTiming: OnBootPhase_520_com.android.server.am.ActivityManagerService$Lifecycle
07-10 01:07:08.588  1443  1443 V SystemServerTiming: OnBootPhase_520_com.android.server.am.ActivityManagerService$Lifecycle took to complete: 0ms
07-10 01:07:08.588  1443  1443 D SystemServerTiming: OnBootPhase_520_com.android.server.pm.DataLoaderManagerService
07-10 01:07:08.588  1443  1443 V SystemServerTiming: OnBootPhase_520_com.android.server.pm.DataLoaderManagerService took to complete: 0ms
07-10 01:07:08.588  1443  1443 D SystemServerTiming: OnBootPhase_520_com.android.server.power.PowerManagerService
07-10 01:07:08.588  1443  1443 V SystemServerTiming: OnBootPhase_520_com.android.server.power.PowerManagerService took to complete: 0ms
07-10 01:07:08.588  1443  1443 D SystemServerTiming: OnBootPhase_520_com.android.server.power.thermal.ThermalManagerService
07-10 01:07:08.588  1443  1443 V SystemServerTiming: OnBootPhase_520_com.android.server.power.thermal.ThermalManagerService took to complete: 0ms
07-10 01:07:08.589  1443  1443 D SystemServerTiming: OnBootPhase_520_com.android.server.recoverysystem.RecoverySystemService$Lifecycle
07-10 01:07:08.589  1443  1443 V SystemServerTiming: OnBootPhase_520_com.android.server.recoverysystem.RecoverySystemService$Lifecycle took to complete: 0ms
07-10 01:07:08.589  1443  1443 D SystemServerTiming: OnBootPhase_520_com.android.server.lights.LightsService
07-10 01:07:08.589  1443  1443 V SystemServerTiming: OnBootPhase_520_com.android.server.lights.LightsService took to complete: 0ms
07-10 01:07:08.589  1443  1443 D SystemServerTiming: OnBootPhase_520_com.android.server.display.DisplayManagerService
07-10 01:07:08.589  1443  1443 V SystemServerTiming: OnBootPhase_520_com.android.server.display.DisplayManagerService took to complete: 0ms
07-10 01:07:08.589  1443  1443 D SystemServerTiming: OnBootPhase_520_com.android.server.pm.verify.domain.DomainVerificationService
07-10 01:07:08.589  1443  1443 V SystemServerTiming: OnBootPhase_520_com.android.server.pm.verify.domain.DomainVerificationService took to complete: 0ms
07-10 01:07:08.589  1443  1443 D SystemServerTiming: OnBootPhase_520_com.android.server.pm.PackageInstallerService$Lifecycle
07-10 01:07:08.589  1443  1443 V SystemServerTiming: OnBootPhase_520_com.android.server.pm.PackageInstallerService$Lifecycle took to complete: 0ms
07-10 01:07:08.589  1443  1443 D SystemServerTiming: OnBootPhase_520_com.android.server.pm.UserManagerService$LifeCycle
07-10 01:07:08.589  1443  1443 V SystemServerTiming: OnBootPhase_520_com.android.server.pm.UserManagerService$LifeCycle took to complete: 0ms
07-10 01:07:08.589  1443  1443 D SystemServerTiming: OnBootPhase_520_com.android.server.om.OverlayManagerService
07-10 01:07:08.589  1443  1443 V SystemServerTiming: OnBootPhase_520_com.android.server.om.OverlayManagerService took to complete: 0ms
07-10 01:07:08.589  1443  1443 D SystemServerTiming: OnBootPhase_520_com.android.server.resources.ResourcesManagerService
07-10 01:07:08.589  1443  1443 V SystemServerTiming: OnBootPhase_520_com.android.server.resources.ResourcesManagerService took to complete: 0ms
07-10 01:07:08.589  1443  1443 D SystemServerTiming: OnBootPhase_520_com.android.server.sensorprivacy.SensorPrivacyService
07-10 01:07:08.589  1443  1443 V SystemServerTiming: OnBootPhase_520_com.android.server.sensorprivacy.SensorPrivacyService took to complete: 0ms
07-10 01:07:08.589  1443  1443 D SystemServerTiming: OnBootPhase_520_com.android.server.sensors.SensorService
07-10 01:07:08.589  1443  1443 V SystemServerTiming: OnBootPhase_520_com.android.server.sensors.SensorService took to complete: 0ms
07-10 01:07:08.589  1443  1443 D SystemServerTiming: OnBootPhase_520_com.android.server.SystemConfigService
07-10 01:07:08.589  1443  1443 V SystemServerTiming: OnBootPhase_520_com.android.server.SystemConfigService took to complete: 0ms
07-10 01:07:08.589  1443  1443 D SystemServerTiming: OnBootPhase_520_com.android.server.BatteryService
07-10 01:07:08.589  1443  1443 V SystemServerTiming: OnBootPhase_520_com.android.server.BatteryService took to complete: 0ms
07-10 01:07:08.589  1443  1443 D SystemServerTiming: OnBootPhase_520_com.android.server.usage.UsageStatsService
07-10 01:07:08.589  1443  1443 V SystemServerTiming: OnBootPhase_520_com.android.server.usage.UsageStatsService took to complete: 0ms
07-10 01:07:08.589  1443  1443 D SystemServerTiming: OnBootPhase_520_com.android.server.webkit.WebViewUpdateService
07-10 01:07:08.589  1443  1443 V SystemServerTiming: OnBootPhase_520_com.android.server.webkit.WebViewUpdateService took to complete: 0ms
07-10 01:07:08.589  1443  1443 D SystemServerTiming: OnBootPhase_520_com.android.server.CachedDeviceStateService
07-10 01:07:08.589  1443  1443 V SystemServerTiming: OnBootPhase_520_com.android.server.CachedDeviceStateService took to complete: 0ms
07-10 01:07:08.589  1443  1443 D SystemServerTiming: OnBootPhase_520_com.android.server.BinderCallsStatsService$LifeCycle
07-10 01:07:08.589  1443  1443 V SystemServerTiming: OnBootPhase_520_com.android.server.BinderCallsStatsService$LifeCycle took to complete: 0ms
07-10 01:07:08.589  1443  1443 D SystemServerTiming: OnBootPhase_520_com.android.server.LooperStatsService$Lifecycle
07-10 01:07:08.589  1443  1443 V SystemServerTiming: OnBootPhase_520_com.android.server.LooperStatsService$Lifecycle took to complete: 0ms
07-10 01:07:08.589  1443  1443 D SystemServerTiming: OnBootPhase_520_com.android.server.rollback.RollbackManagerService
07-10 01:07:08.589  1443  1443 V SystemServerTiming: OnBootPhase_520_com.android.server.rollback.RollbackManagerService took to complete: 0ms
07-10 01:07:08.589  1443  1443 D SystemServerTiming: OnBootPhase_520_com.android.server.os.NativeTombstoneManagerService
07-10 01:07:08.589  1443  1443 V SystemServerTiming: OnBootPhase_520_com.android.server.os.NativeTombstoneManagerService took to complete: 0ms
07-10 01:07:08.589  1443  1443 D SystemServerTiming: OnBootPhase_520_com.android.server.os.BugreportManagerService
07-10 01:07:08.589  1443  1443 V SystemServerTiming: OnBootPhase_520_com.android.server.os.BugreportManagerService took to complete: 0ms
07-10 01:07:08.589  1443  1443 D SystemServerTiming: OnBootPhase_520_com.android.server.gpu.GpuService
07-10 01:07:08.589  1443  1443 V SystemServerTiming: OnBootPhase_520_com.android.server.gpu.GpuService took to complete: 0ms
07-10 01:07:08.589  1443  1443 D SystemServerTiming: OnBootPhase_520_com.android.server.security.rkp.RemoteProvisioningService
07-10 01:07:08.589  1443  1443 V SystemServerTiming: OnBootPhase_520_com.android.server.security.rkp.RemoteProvisioningService took to complete: 0ms
07-10 01:07:08.589  1443  1443 D SystemServerTiming: OnBootPhase_520_com.android.server.cpu.CpuMonitorService
07-10 01:07:08.589  1443  1443 V SystemServerTiming: OnBootPhase_520_com.android.server.cpu.CpuMonitorService took to complete: 0ms
07-10 01:07:08.589  1443  1443 D SystemServerTiming: OnBootPhase_520_com.android.server.security.KeyChainSystemService
07-10 01:07:08.589  1443  1443 V SystemServerTiming: OnBootPhase_520_com.android.server.security.KeyChainSystemService took to complete: 0ms
07-10 01:07:08.589  1443  1443 D SystemServerTiming: OnBootPhase_520_com.android.server.BinaryTransparencyService
07-10 01:07:08.589  1443  1443 V SystemServerTiming: OnBootPhase_520_com.android.server.BinaryTransparencyService took to complete: 0ms
07-10 01:07:08.589  1443  1443 D SystemServerTiming: OnBootPhase_520_com.android.server.telecom.TelecomLoaderService
07-10 01:07:08.589  1443  1443 V SystemServerTiming: OnBootPhase_520_com.android.server.telecom.TelecomLoaderService took to complete: 0ms
07-10 01:07:08.589  1443  1443 D SystemServerTiming: OnBootPhase_520_com.android.server.accounts.AccountManagerService$Lifecycle
07-10 01:07:08.589  1443  1443 V SystemServerTiming: OnBootPhase_520_com.android.server.accounts.AccountManagerService$Lifecycle took to complete: 0ms
07-10 01:07:08.589  1443  1443 D SystemServerTiming: OnBootPhase_520_com.android.server.content.ContentService$Lifecycle
07-10 01:07:08.589  1443  1443 V SystemServerTiming: OnBootPhase_520_com.android.server.content.ContentService$Lifecycle took to complete: 0ms
07-10 01:07:08.589  1443  1443 D SystemServerTiming: OnBootPhase_520_com.android.server.deviceconfig.DeviceConfigInit$Lifecycle
07-10 01:07:08.589  1443  1443 V SystemServerTiming: OnBootPhase_520_com.android.server.deviceconfig.DeviceConfigInit$Lifecycle took to complete: 0ms
07-10 01:07:08.589  1443  1443 D SystemServerTiming: OnBootPhase_520_com.android.server.DropBoxManagerService
07-10 01:07:08.589  1443  1443 V SystemServerTiming: OnBootPhase_520_com.android.server.DropBoxManagerService took to complete: 0ms
07-10 01:07:08.589  1443  1443 D SystemServerTiming: OnBootPhase_520_com.android.ecm.EnhancedConfirmationService
07-10 01:07:08.589  1443  1443 V SystemServerTiming: OnBootPhase_520_com.android.ecm.EnhancedConfirmationService took to complete: 0ms
07-10 01:07:08.589  1443  1443 D SystemServerTiming: OnBootPhase_520_com.android.server.power.hint.HintManagerService
07-10 01:07:08.589  1443  1443 V SystemServerTiming: OnBootPhase_520_com.android.server.power.hint.HintManagerService took to complete: 0ms
07-10 01:07:08.589  1443  1443 D SystemServerTiming: OnBootPhase_520_com.android.role.RoleService
07-10 01:07:08.589  1443  1443 V SystemServerTiming: OnBootPhase_520_com.android.role.RoleService took to complete: 0ms
07-10 01:07:08.589  1443  1443 D SystemServerTiming: OnBootPhase_520_com.android.server.supervision.SupervisionService$Lifecycle
07-10 01:07:08.589  1443  1443 V SystemServerTiming: OnBootPhase_520_com.android.server.supervision.SupervisionService$Lifecycle took to complete: 0ms
07-10 01:07:08.589  1443  1443 D SystemServerTiming: OnBootPhase_520_com.android.server.vibrator.VibratorManagerService$Lifecycle
07-10 01:07:08.589  1443  1443 V SystemServerTiming: OnBootPhase_520_com.android.server.vibrator.VibratorManagerService$Lifecycle took to complete: 0ms
07-10 01:07:08.589  1443  1443 D SystemServerTiming: OnBootPhase_520_com.android.server.alarm.AlarmManagerService
07-10 01:07:08.589  1443  1443 V SystemServerTiming: OnBootPhase_520_com.android.server.alarm.AlarmManagerService took to complete: 0ms
07-10 01:07:08.589  1443  1443 D SystemServerTiming: OnBootPhase_520_com.android.server.input.InputManagerService$Lifecycle
07-10 01:07:08.589  1443  1443 V SystemServerTiming: OnBootPhase_520_com.android.server.input.InputManagerService$Lifecycle took to complete: 0ms
07-10 01:07:08.589  1443  1443 D SystemServerTiming: OnBootPhase_520_com.android.server.devicestate.DeviceStateManagerService
07-10 01:07:08.590  1443  1443 V SystemServerTiming: OnBootPhase_520_com.android.server.devicestate.DeviceStateManagerService took to complete: 0ms
07-10 01:07:08.590  1443  1443 D SystemServerTiming: OnBootPhase_520_com.android.server.camera.CameraServiceProxy
07-10 01:07:08.590  1443  1443 V SystemServerTiming: OnBootPhase_520_com.android.server.camera.CameraServiceProxy took to complete: 0ms
07-10 01:07:08.590  1443  1443 D SystemServerTiming: OnBootPhase_520_com.android.server.bluetooth.BluetoothService
07-10 01:07:08.590  1443  1443 V SystemServerTiming: OnBootPhase_520_com.android.server.bluetooth.BluetoothService took to complete: 0ms
07-10 01:07:08.590  1443  1443 D SystemServerTiming: OnBootPhase_520_com.android.server.connectivity.IpConnectivityMetrics
07-10 01:07:08.590  1443  1443 V SystemServerTiming: OnBootPhase_520_com.android.server.connectivity.IpConnectivityMetrics took to complete: 0ms
07-10 01:07:08.590  1443  1443 D SystemServerTiming: OnBootPhase_520_com.android.server.net.watchlist.NetworkWatchlistService$Lifecycle
07-10 01:07:08.590  1443  1443 V SystemServerTiming: OnBootPhase_520_com.android.server.net.watchlist.NetworkWatchlistService$Lifecycle took to complete: 0ms
07-10 01:07:08.590  1443  1443 D SystemServerTiming: OnBootPhase_520_com.android.server.pinner.PinnerService
07-10 01:07:08.590  1443  1443 V SystemServerTiming: OnBootPhase_520_com.android.server.pinner.PinnerService took to complete: 0ms
07-10 01:07:08.590  1443  1443 D SystemServerTiming: OnBootPhase_520_com.android.server.integrity.AppIntegrityManagerService
07-10 01:07:08.590  1443  1443 V SystemServerTiming: OnBootPhase_520_com.android.server.integrity.AppIntegrityManagerService took to complete: 0ms
07-10 01:07:08.590  1443  1443 D SystemServerTiming: OnBootPhase_520_com.android.server.logcat.LogcatManagerService
07-10 01:07:08.590  1443  1443 V SystemServerTiming: OnBootPhase_520_com.android.server.logcat.LogcatManagerService took to complete: 0ms
07-10 01:07:08.590  1443  1443 D SystemServerTiming: OnBootPhase_520_com.android.server.security.intrusiondetection.IntrusionDetectionService
07-10 01:07:08.590  1443  1443 V SystemServerTiming: OnBootPhase_520_com.android.server.security.intrusiondetection.IntrusionDetectionService took to complete: 0ms
07-10 01:07:08.590  1443  1443 D SystemServerTiming: OnBootPhase_520_com.android.server.appfunctions.AppFunctionManagerService
07-10 01:07:08.590  1443  1443 V SystemServerTiming: OnBootPhase_520_com.android.server.appfunctions.AppFunctionManagerService took to complete: 0ms
07-10 01:07:08.590  1443  1443 D SystemServerTiming: OnBootPhase_520_com.android.server.security.advancedprotection.AdvancedProtectionService$Lifecycle
07-10 01:07:08.590  1443  1443 V SystemServerTiming: OnBootPhase_520_com.android.server.security.advancedprotection.AdvancedProtectionService$Lifecycle took to complete: 0ms
07-10 01:07:08.590  1443  1443 D SystemServerTiming: OnBootPhase_520_com.android.server.TradeInModeService
07-10 01:07:08.590  1443  1443 V SystemServerTiming: OnBootPhase_520_com.android.server.TradeInModeService took to complete: 0ms
07-10 01:07:08.590  1443  1443 D SystemServerTiming: OnBootPhase_520_com.android.server.inputmethod.InputMethodManagerService$Lifecycle
07-10 01:07:08.590  1443  1443 V SystemServerTiming: OnBootPhase_520_com.android.server.inputmethod.InputMethodManagerService$Lifecycle took to complete: 0ms
07-10 01:07:08.590  1443  1443 D SystemServerTiming: OnBootPhase_520_com.android.server.accessibility.AccessibilityManagerService$Lifecycle
07-10 01:07:08.590  1443  1443 V SystemServerTiming: OnBootPhase_520_com.android.server.accessibility.AccessibilityManagerService$Lifecycle took to complete: 0ms
07-10 01:07:08.590  1443  1443 D SystemServerTiming: OnBootPhase_520_com.android.server.StorageManagerService$Lifecycle
07-10 01:07:08.590  1443  1443 V SystemServerTiming: OnBootPhase_520_com.android.server.StorageManagerService$Lifecycle took to complete: 0ms
07-10 01:07:08.590  1443  1443 D SystemServerTiming: OnBootPhase_520_com.android.server.usage.StorageStatsService$Lifecycle
07-10 01:07:08.590  1443  1443 V SystemServerTiming: OnBootPhase_520_com.android.server.usage.StorageStatsService$Lifecycle took to complete: 0ms
07-10 01:07:08.590  1443  1443 D SystemServerTiming: OnBootPhase_520_com.android.server.UiModeManagerService
07-10 01:07:08.590  1443  1443 V SystemServerTiming: OnBootPhase_520_com.android.server.UiModeManagerService took to complete: 0ms
07-10 01:07:08.590  1443  1443 D SystemServerTiming: OnBootPhase_520_com.android.server.locales.LocaleManagerService
