07-10 01:07:08.722  1443  1443 V SystemServerTiming: OnBootPhase_550_com.android.server.devicestate.DeviceStateManagerService took to complete: 0ms
07-10 01:07:08.722  1443  1443 D SystemServerTiming: OnBootPhase_550_com.android.server.camera.CameraServiceProxy
07-10 01:07:08.722  1443  1443 V SystemServerTiming: OnBootPhase_550_com.android.server.camera.CameraServiceProxy took to complete: 0ms
07-10 01:07:08.722  1443  1443 D SystemServerTiming: OnBootPhase_550_com.android.server.bluetooth.BluetoothService
07-10 01:07:08.722  1443  1443 V SystemServerTiming: OnBootPhase_550_com.android.server.bluetooth.BluetoothService took to complete: 0ms
07-10 01:07:08.722  1443  1443 D SystemServerTiming: OnBootPhase_550_com.android.server.connectivity.IpConnectivityMetrics
07-10 01:07:08.722  1443  1443 V SystemServerTiming: OnBootPhase_550_com.android.server.connectivity.IpConnectivityMetrics took to complete: 0ms
07-10 01:07:08.722  1443  1443 D SystemServerTiming: OnBootPhase_550_com.android.server.net.watchlist.NetworkWatchlistService$Lifecycle
07-10 01:07:08.723  1443  1443 V SystemServerTiming: OnBootPhase_550_com.android.server.net.watchlist.NetworkWatchlistService$Lifecycle took to complete: 1ms
07-10 01:07:08.723  1443  1443 D SystemServerTiming: OnBootPhase_550_com.android.server.pinner.PinnerService
07-10 01:07:08.723  1443  1443 V SystemServerTiming: OnBootPhase_550_com.android.server.pinner.PinnerService took to complete: 0ms
07-10 01:07:08.723  1443  1443 D SystemServerTiming: OnBootPhase_550_com.android.server.integrity.AppIntegrityManagerService
07-10 01:07:08.723  1443  1443 V SystemServerTiming: OnBootPhase_550_com.android.server.integrity.AppIntegrityManagerService took to complete: 0ms
07-10 01:07:08.723  1443  1443 D SystemServerTiming: OnBootPhase_550_com.android.server.logcat.LogcatManagerService
07-10 01:07:08.723  1443  1443 V SystemServerTiming: OnBootPhase_550_com.android.server.logcat.LogcatManagerService took to complete: 0ms
07-10 01:07:08.723  1443  1443 D SystemServerTiming: OnBootPhase_550_com.android.server.security.intrusiondetection.IntrusionDetectionService
07-10 01:07:08.723  1443  1443 V SystemServerTiming: OnBootPhase_550_com.android.server.security.intrusiondetection.IntrusionDetectionService took to complete: 0ms
07-10 01:07:08.723  1443  1443 D SystemServerTiming: OnBootPhase_550_com.android.server.appfunctions.AppFunctionManagerService
07-10 01:07:08.723  1443  1443 V SystemServerTiming: OnBootPhase_550_com.android.server.appfunctions.AppFunctionManagerService took to complete: 0ms
07-10 01:07:08.723  1443  1443 D SystemServerTiming: OnBootPhase_550_com.android.server.security.advancedprotection.AdvancedProtectionService$Lifecycle
07-10 01:07:08.723  1443  1443 V SystemServerTiming: OnBootPhase_550_com.android.server.security.advancedprotection.AdvancedProtectionService$Lifecycle took to complete: 0ms
07-10 01:07:08.723  1443  1443 D SystemServerTiming: OnBootPhase_550_com.android.server.TradeInModeService
07-10 01:07:08.723  1443  1443 V SystemServerTiming: OnBootPhase_550_com.android.server.TradeInModeService took to complete: 0ms
07-10 01:07:08.723  1443  1443 D SystemServerTiming: OnBootPhase_550_com.android.server.inputmethod.InputMethodManagerService$Lifecycle
07-10 01:07:08.736  1443  1469 I DropBoxManagerService: add tag=system_server_strictmode isTagEnabled=true flags=0x2
07-10 01:07:08.750  1443  1443 V SystemServerTiming: OnBootPhase_550_com.android.server.inputmethod.InputMethodManagerService$Lifecycle took to complete: 27ms
07-10 01:07:08.750  1443  1443 D SystemServerTiming: OnBootPhase_550_com.android.server.accessibility.AccessibilityManagerService$Lifecycle
07-10 01:07:08.750  1443  1443 V SystemServerTiming: OnBootPhase_550_com.android.server.accessibility.AccessibilityManagerService$Lifecycle took to complete: 0ms
07-10 01:07:08.750  1443  1443 D SystemServerTiming: OnBootPhase_550_com.android.server.StorageManagerService$Lifecycle
07-10 01:07:08.750  1443  1443 V SystemServerTiming: OnBootPhase_550_com.android.server.StorageManagerService$Lifecycle took to complete: 0ms
07-10 01:07:08.750  1443  1443 D SystemServerTiming: OnBootPhase_550_com.android.server.usage.StorageStatsService$Lifecycle
07-10 01:07:08.750  1443  1443 V SystemServerTiming: OnBootPhase_550_com.android.server.usage.StorageStatsService$Lifecycle took to complete: 0ms
07-10 01:07:08.750  1443  1443 D SystemServerTiming: OnBootPhase_550_com.android.server.UiModeManagerService
07-10 01:07:08.750  1443  1443 V SystemServerTiming: OnBootPhase_550_com.android.server.UiModeManagerService took to complete: 0ms
07-10 01:07:08.750  1443  1443 D SystemServerTiming: OnBootPhase_550_com.android.server.locales.LocaleManagerService
07-10 01:07:08.750  1443  1443 V SystemServerTiming: OnBootPhase_550_com.android.server.locales.LocaleManagerService took to complete: 0ms
07-10 01:07:08.750  1443  1443 D SystemServerTiming: OnBootPhase_550_com.android.server.appwindowlayout.AppWindowLayoutSettingsService
07-10 01:07:08.750  1443  1443 V SystemServerTiming: OnBootPhase_550_com.android.server.appwindowlayout.AppWindowLayoutSettingsService took to complete: 0ms
07-10 01:07:08.750  1443  1443 D SystemServerTiming: OnBootPhase_550_com.android.server.grammaticalinflection.GrammaticalInflectionService
07-10 01:07:08.750  1443  1443 V SystemServerTiming: OnBootPhase_550_com.android.server.grammaticalinflection.GrammaticalInflectionService took to complete: 0ms
07-10 01:07:08.750  1443  1443 D SystemServerTiming: OnBootPhase_550_com.android.server.apphibernation.AppHibernationService
07-10 01:07:08.750  1443  1443 V SystemServerTiming: OnBootPhase_550_com.android.server.apphibernation.AppHibernationService took to complete: 0ms
07-10 01:07:08.750  1443  1443 D SystemServerTiming: OnBootPhase_550_com.android.server.locksettings.LockSettingsService$Lifecycle
07-10 01:07:08.751  1443  1443 V SystemServerTiming: OnBootPhase_550_com.android.server.locksettings.LockSettingsService$Lifecycle took to complete: 1ms
07-10 01:07:08.751  1443  1443 D SystemServerTiming: OnBootPhase_550_com.android.server.testharness.TestHarnessModeService
07-10 01:07:08.751  1443  1443 V SystemServerTiming: OnBootPhase_550_com.android.server.testharness.TestHarnessModeService took to complete: 0ms
07-10 01:07:08.751  1443  1443 D SystemServerTiming: OnBootPhase_550_com.android.server.DeviceIdleController
07-10 01:07:08.751  1443  1443 V SystemServerTiming: OnBootPhase_550_com.android.server.DeviceIdleController took to complete: 0ms
07-10 01:07:08.751  1443  1443 D SystemServerTiming: OnBootPhase_550_com.android.server.devicepolicy.DevicePolicyManagerService$Lifecycle
07-10 01:07:08.751  1443  1443 I DevicePolicyManager: Migrating password complexity to policy engine
07-10 01:07:08.751  1443  1443 V DevicePolicyManager: ResetPasswordWithToken was previously migrated to policy engine.
07-10 01:07:08.751  1443  1443 I DevicePolicyManager: Migrating suspended packages to policy engine
07-10 01:07:08.751  1443  1443 I DevicePolicyManager: Migrating set keyguard disabled features to policy engine
07-10 01:07:08.751  1443  1443 I DevicePolicyManager: Migrating PERMISSION_GRANT policy to device policy engine.
07-10 01:07:08.751  1443  1443 I DevicePolicyManager: Migrating application restrictions to policy engine
07-10 01:07:08.751  1443  1443 V SystemServerTiming: OnBootPhase_550_com.android.server.devicepolicy.DevicePolicyManagerService$Lifecycle took to complete: 0ms
07-10 01:07:08.751  1443  1443 D SystemServerTiming: OnBootPhase_550_com.android.server.voiceinteraction.VoiceInteractionManagerService
07-10 01:07:08.751  1443  1443 V SystemServerTiming: OnBootPhase_550_com.android.server.voiceinteraction.VoiceInteractionManagerService took to complete: 0ms
07-10 01:07:08.751  1443  1443 D SystemServerTiming: OnBootPhase_550_com.android.server.texttospeech.TextToSpeechManagerService
07-10 01:07:08.752  1443  1443 V SystemServerTiming: OnBootPhase_550_com.android.server.texttospeech.TextToSpeechManagerService took to complete: 0ms
07-10 01:07:08.752  1443  1443 D SystemServerTiming: OnBootPhase_550_com.android.server.wearable.WearableSensingManagerService
07-10 01:07:08.752  1443  1443 V SystemServerTiming: OnBootPhase_550_com.android.server.wearable.WearableSensingManagerService took to complete: 0ms
07-10 01:07:08.752  1443  1443 D SystemServerTiming: OnBootPhase_550_com.android.server.ondeviceintelligence.OnDeviceIntelligenceManagerService
07-10 01:07:08.752  1443  1443 V SystemServerTiming: OnBootPhase_550_com.android.server.ondeviceintelligence.OnDeviceIntelligenceManagerService took to complete: 0ms
07-10 01:07:08.752  1443  1443 D SystemServerTiming: OnBootPhase_550_com.android.server.speech.SpeechRecognitionManagerService
07-10 01:07:08.752  1443  1443 V SystemServerTiming: OnBootPhase_550_com.android.server.speech.SpeechRecognitionManagerService took to complete: 0ms
07-10 01:07:08.752  1443  1443 D SystemServerTiming: OnBootPhase_550_com.android.server.graphics.fonts.FontManagerService$Lifecycle
07-10 01:07:08.752  1443  1443 V SystemServerTiming: OnBootPhase_550_com.android.server.graphics.fonts.FontManagerService$Lifecycle took to complete: 0ms
07-10 01:07:08.752  1443  1443 D SystemServerTiming: OnBootPhase_550_com.android.server.textservices.TextServicesManagerService$Lifecycle
07-10 01:07:08.752  1443  1443 V SystemServerTiming: OnBootPhase_550_com.android.server.textservices.TextServicesManagerService$Lifecycle took to complete: 0ms
07-10 01:07:08.752  1443  1443 D SystemServerTiming: OnBootPhase_550_com.android.server.textclassifier.TextClassificationManagerService$Lifecycle
07-10 01:07:08.752  1443  1443 V SystemServerTiming: OnBootPhase_550_com.android.server.textclassifier.TextClassificationManagerService$Lifecycle took to complete: 0ms
07-10 01:07:08.752  1443  1443 D SystemServerTiming: OnBootPhase_550_com.android.server.NetworkScoreService$Lifecycle
07-10 01:07:08.752  1443  1443 V SystemServerTiming: OnBootPhase_550_com.android.server.NetworkScoreService$Lifecycle took to complete: 0ms
07-10 01:07:08.752  1443  1443 D SystemServerTiming: OnBootPhase_550_com.android.server.NetworkStatsServiceInitializer
07-10 01:07:08.812  1443  1443 W SystemServiceManager: Service com.android.server.NetworkStatsServiceInitializer took 59 ms in onBootPhase
07-10 01:07:08.812  1443  1443 V SystemServerTiming: OnBootPhase_550_com.android.server.NetworkStatsServiceInitializer took to complete: 60ms
07-10 01:07:08.812  1443  1443 D SystemServerTiming: OnBootPhase_550_com.android.server.wifi.WifiService
07-10 01:07:08.812  1443  1443 V SystemServerTiming: OnBootPhase_550_com.android.server.wifi.WifiService took to complete: 0ms
07-10 01:07:08.812  1443  1443 D SystemServerTiming: OnBootPhase_550_com.android.server.wifi.scanner.WifiScanningService
07-10 01:07:08.812  1443  1443 V SystemServerTiming: OnBootPhase_550_com.android.server.wifi.scanner.WifiScanningService took to complete: 0ms
07-10 01:07:08.812  1443  1443 D SystemServerTiming: OnBootPhase_550_com.android.server.wifi.p2p.WifiP2pService
07-10 01:07:08.812  1443  1443 V SystemServerTiming: OnBootPhase_550_com.android.server.wifi.p2p.WifiP2pService took to complete: 0ms
07-10 01:07:08.812  1443  1443 D SystemServerTiming: OnBootPhase_550_com.android.server.ConnectivityServiceInitializer
07-10 01:07:08.818  1443  1443 V SystemServerTiming: OnBootPhase_550_com.android.server.ConnectivityServiceInitializer took to complete: 6ms
07-10 01:07:08.818  1443  1443 D SystemServerTiming: OnBootPhase_550_com.android.server.bitmapoffload.BitmapOffloadService
07-10 01:07:08.819  1443  1443 V SystemServerTiming: OnBootPhase_550_com.android.server.bitmapoffload.BitmapOffloadService took to complete: 0ms
07-10 01:07:08.819  1443  1443 D SystemServerTiming: OnBootPhase_550_com.android.server.notification.NotificationManagerService
07-10 01:07:08.819  1443  1443 V SystemServerTiming: OnBootPhase_550_com.android.server.notification.NotificationManagerService took to complete: 1ms
07-10 01:07:08.819  1443  1443 D SystemServerTiming: OnBootPhase_550_com.android.server.storage.DeviceStorageMonitorService
07-10 01:07:08.819  1443  1443 V SystemServerTiming: OnBootPhase_550_com.android.server.storage.DeviceStorageMonitorService took to complete: 0ms
07-10 01:07:08.819  1443  1443 D SystemServerTiming: OnBootPhase_550_com.android.server.timedetector.TimeDetectorService$Lifecycle
07-10 01:07:08.819  1443  1443 V SystemServerTiming: OnBootPhase_550_com.android.server.timedetector.TimeDetectorService$Lifecycle took to complete: 0ms
07-10 01:07:08.819  1443  1443 D SystemServerTiming: OnBootPhase_550_com.android.server.location.LocationManagerService$Lifecycle
07-10 01:07:08.819  1443  1443 V SystemServerTiming: OnBootPhase_550_com.android.server.location.LocationManagerService$Lifecycle took to complete: 0ms
07-10 01:07:08.819  1443  1443 D SystemServerTiming: OnBootPhase_550_com.android.server.timezonedetector.TimeZoneDetectorService$Lifecycle
07-10 01:07:08.819  1443  1443 V SystemServerTiming: OnBootPhase_550_com.android.server.timezonedetector.TimeZoneDetectorService$Lifecycle took to complete: 0ms
07-10 01:07:08.819  1443  1443 D SystemServerTiming: OnBootPhase_550_com.android.server.location.altitude.AltitudeService$Lifecycle
07-10 01:07:08.819  1443  1443 V SystemServerTiming: OnBootPhase_550_com.android.server.location.altitude.AltitudeService$Lifecycle took to complete: 0ms
07-10 01:07:08.819  1443  1443 D SystemServerTiming: OnBootPhase_550_com.android.server.timezonedetector.location.LocationTimeZoneManagerService$Lifecycle
07-10 01:07:08.819  1443  1443 V SystemServerTiming: OnBootPhase_550_com.android.server.timezonedetector.location.LocationTimeZoneManagerService$Lifecycle took to complete: 0ms
07-10 01:07:08.819  1443  1443 D SystemServerTiming: OnBootPhase_550_com.android.server.search.SearchManagerService$Lifecycle
07-10 01:07:08.819  1443  1443 V SystemServerTiming: OnBootPhase_550_com.android.server.search.SearchManagerService$Lifecycle took to complete: 0ms
07-10 01:07:08.819  1443  1443 D SystemServerTiming: OnBootPhase_550_com.android.server.wallpaper.WallpaperManagerService$Lifecycle
07-10 01:07:08.820  1443  1443 V WallpaperManagerService: bindWallpaperComponentLocked: componentName=ComponentInfo{com.android.systemui/com.android.systemui.wallpapers.GradientColorWallpaper}
07-10 01:07:08.820  1443  1443 D WallpaperManagerService: WPMS.bindWallpaperComponentLocked-ComponentInfo{com.android.systemui/com.android.systemui.wallpapers.GradientColorWallpaper}
07-10 01:07:08.821  1443  1597 I VcnManagementService: new snapshot: TelephonySubscriptionSnapshot{ mActiveDataSubId=-1, mSubIdToInfoMap={}, mSubIdToCarrierConfigMap={}, mPrivilegedPackages={} }
07-10 01:07:08.827  1443  1443 V WallpaperManagerService: WPMS.bindWallpaperComponentLocked-ComponentInfo{com.android.systemui/com.android.systemui.wallpapers.GradientColorWallpaper} took to complete: 7ms
07-10 01:07:08.830  1443  1443 I WallpaperDataParser: No static wallpaper imagery; defaults will be shown
07-10 01:07:08.835  1443  1443 D WallpaperCropper: WPMS.generateCrop
07-10 01:07:08.835  1443  1443 W WallpaperCropper: Invalid wallpaper data
07-10 01:07:08.835  1443  1443 E WallpaperCropper: Unable to apply new wallpaper
07-10 01:07:08.836  1443  1443 V WallpaperCropper: WPMS.generateCrop took to complete: 1ms
07-10 01:07:08.838  1443  1443 V SystemServerTiming: OnBootPhase_550_com.android.server.wallpaper.WallpaperManagerService$Lifecycle took to complete: 19ms
07-10 01:07:08.838  1443  1443 D SystemServerTiming: OnBootPhase_550_com.android.server.audio.AudioService$Lifecycle
07-10 01:07:08.838  1443  1443 V SystemServerTiming: OnBootPhase_550_com.android.server.audio.AudioService$Lifecycle took to complete: 0ms
07-10 01:07:08.838  1443  1443 D SystemServerTiming: OnBootPhase_550_com.android.server.soundtrigger_middleware.SoundTriggerMiddlewareService$Lifecycle
07-10 01:07:08.838  1443  1443 V SystemServerTiming: OnBootPhase_550_com.android.server.soundtrigger_middleware.SoundTriggerMiddlewareService$Lifecycle took to complete: 0ms
07-10 01:07:08.838  1443  1443 D SystemServerTiming: OnBootPhase_550_com.android.server.DockObserver
07-10 01:07:08.838  1443  1443 V SystemServerTiming: OnBootPhase_550_com.android.server.DockObserver took to complete: 0ms
07-10 01:07:08.838  1443  1443 D SystemServerTiming: OnBootPhase_550_com.android.server.midi.MidiService$Lifecycle
07-10 01:07:08.838  1443  1443 V SystemServerTiming: OnBootPhase_550_com.android.server.midi.MidiService$Lifecycle took to complete: 0ms
07-10 01:07:08.838  1443  1443 D SystemServerTiming: OnBootPhase_550_com.android.server.adb.AdbService$Lifecycle
07-10 01:07:08.838  1443  1443 D AdbService: systemReady
07-10 01:07:08.839  1443  1443 V SystemServerTiming: OnBootPhase_550_com.android.server.adb.AdbService$Lifecycle took to complete: 1ms
07-10 01:07:08.839  1443  1443 D SystemServerTiming: OnBootPhase_550_com.android.server.usb.UsbService$Lifecycle
07-10 01:07:08.839  1443  1512 D SystemServerTimingAsync: InitThreadPoolExec:UsbService$Lifecycle#onBootPhase
07-10 01:07:08.839  1443  1512 D SystemServerInitThreadPool: Started executing UsbService$Lifecycle#onBootPhase
07-10 01:07:08.840  1443  1443 V SystemServerTiming: OnBootPhase_550_com.android.server.usb.UsbService$Lifecycle took to complete: 1ms
07-10 01:07:08.840  1443  1443 D SystemServerTiming: OnBootPhase_550_com.android.server.SerialService$Lifecycle
07-10 01:07:08.840  1443  1443 V SystemServerTiming: OnBootPhase_550_com.android.server.SerialService$Lifecycle took to complete: 0ms
07-10 01:07:08.840  1443  1443 D SystemServerTiming: OnBootPhase_550_com.android.server.twilight.TwilightService
07-10 01:07:08.840  1443  1443 V SystemServerTiming: OnBootPhase_550_com.android.server.twilight.TwilightService took to complete: 0ms
07-10 01:07:08.840  1443  1443 D SystemServerTiming: OnBootPhase_550_com.android.server.display.color.ColorDisplayService
07-10 01:07:08.840  1443  1443 V SystemServerTiming: OnBootPhase_550_com.android.server.display.color.ColorDisplayService took to complete: 0ms
07-10 01:07:08.840  1443  1443 D SystemServerTiming: OnBootPhase_550_com.android.server.job.JobSchedulerService
07-10 01:07:08.840  1443  1443 V SystemServerTiming: OnBootPhase_550_com.android.server.job.JobSchedulerService took to complete: 0ms
07-10 01:07:08.840  1443  1443 D SystemServerTiming: OnBootPhase_550_com.android.server.soundtrigger.SoundTriggerService
07-10 01:07:08.840  1443  1443 D SoundTriggerService: onBootPhase: 550 : false
07-10 01:07:08.840  1443  1443 V SystemServerTiming: OnBootPhase_550_com.android.server.soundtrigger.SoundTriggerService took to complete: 0ms
07-10 01:07:08.841  1443  1443 D SystemServerTiming: OnBootPhase_550_com.android.server.trust.TrustManagerService
07-10 01:07:08.841  1443  1443 V SystemServerTiming: OnBootPhase_550_com.android.server.trust.TrustManagerService took to complete: 0ms
07-10 01:07:08.841  1443  1443 D SystemServerTiming: OnBootPhase_550_com.android.server.backup.BackupManagerService$Lifecycle
07-10 01:07:08.841  1443  1443 V SystemServerTiming: OnBootPhase_550_com.android.server.backup.BackupManagerService$Lifecycle took to complete: 0ms
07-10 01:07:08.841  1443  1443 D SystemServerTiming: OnBootPhase_550_com.android.server.appwidget.AppWidgetService
07-10 01:07:08.841  1443  1443 V SystemServerTiming: OnBootPhase_550_com.android.server.appwidget.AppWidgetService took to complete: 0ms
07-10 01:07:08.841  1443  1443 D SystemServerTiming: OnBootPhase_550_com.android.server.GestureLauncherService
07-10 01:07:08.841  1443  1512 D SystemServerInitThreadPool: Finished executing UsbService$Lifecycle#onBootPhase
07-10 01:07:08.841  1443  1512 V SystemServerTimingAsync: InitThreadPoolExec:UsbService$Lifecycle#onBootPhase took to complete: 2ms
07-10 01:07:08.841  1443  1443 V SystemServerTiming: OnBootPhase_550_com.android.server.GestureLauncherService took to complete: 0ms
07-10 01:07:08.841  1443  1443 D SystemServerTiming: OnBootPhase_550_com.android.server.SensorNotificationService
07-10 01:07:08.841  1443  1443 V SystemServerTiming: OnBootPhase_550_com.android.server.SensorNotificationService took to complete: 0ms
07-10 01:07:08.841  1443  1443 D SystemServerTiming: OnBootPhase_550_com.android.server.emergency.EmergencyAffordanceService
07-10 01:07:08.841  1443  1443 V SystemServerTiming: OnBootPhase_550_com.android.server.emergency.EmergencyAffordanceService took to complete: 0ms
07-10 01:07:08.841  1443  1443 D SystemServerTiming: OnBootPhase_550_com.android.server.blob.BlobStoreManagerService
07-10 01:07:08.844  1443  1516 I UsbPortManager: AIDL UsbDataStatus:1
07-10 01:07:08.844  1443  1516 I UsbPortManager: ClientCallback AIDL V1: port0
07-10 01:07:08.845  1443  1516 I UsbPortManager: all: opID:1 successful
07-10 01:07:08.845  1443  1443 V SystemServerTiming: OnBootPhase_550_com.android.server.blob.BlobStoreManagerService took to complete: 4ms
07-10 01:07:08.845  1443  1443 D SystemServerTiming: OnBootPhase_550_com.android.server.dreams.DreamManagerService
07-10 01:07:08.845  1443  1443 V SystemServerTiming: OnBootPhase_550_com.android.server.dreams.DreamManagerService took to complete: 0ms
07-10 01:07:08.845  1443  1443 D SystemServerTiming: OnBootPhase_550_com.android.server.print.PrintManagerService
07-10 01:07:08.845  1443  1443 V SystemServerTiming: OnBootPhase_550_com.android.server.print.PrintManagerService took to complete: 0ms
07-10 01:07:08.845  1443  1443 D SystemServerTiming: OnBootPhase_550_com.android.server.security.AttestationVerificationManagerService
07-10 01:07:08.845  1443  1443 V SystemServerTiming: OnBootPhase_550_com.android.server.security.AttestationVerificationManagerService took to complete: 0ms
07-10 01:07:08.845  1443  1443 D SystemServerTiming: OnBootPhase_550_com.android.server.companion.CompanionDeviceManagerService
07-10 01:07:08.845  1443  1443 V SystemServerTiming: OnBootPhase_550_com.android.server.companion.CompanionDeviceManagerService took to complete: 0ms
07-10 01:07:08.845  1443  1443 D SystemServerTiming: OnBootPhase_550_com.android.server.companion.virtual.VirtualDeviceManagerService
07-10 01:07:08.845  1443  1443 V SystemServerTiming: OnBootPhase_550_com.android.server.companion.virtual.VirtualDeviceManagerService took to complete: 0ms
07-10 01:07:08.845  1443  1443 D SystemServerTiming: OnBootPhase_550_com.android.server.restrictions.RestrictionsManagerService
07-10 01:07:08.845  1443  1443 V SystemServerTiming: OnBootPhase_550_com.android.server.restrictions.RestrictionsManagerService took to complete: 0ms
07-10 01:07:08.845  1443  1443 D SystemServerTiming: OnBootPhase_550_com.android.server.media.MediaSessionService
07-10 01:07:08.846  1443  1467 I UsbPortManager: USB port added: port=UsbPort{id=port0, supportedModes=dual, audio_acc, supportedContaminantProtectionModes=0, supportsEnableContaminantPresenceProtection=false, supportsEnableContaminantPresenceDetection=false, supportsComplianceWarnings=false, status=UsbPortStatus{connected=true, currentMode=ufp, currentPowerRole=sink, currentDataRole=device, supportedRoleCombinations=[source:host, sink:device], contaminantDetectionStatus=0, contaminantProtectionStatus=0, usbDataStatus=enabled, isPowerTransferLimited=false, powerBrickConnectionStatus=unknown, complianceWarnings=[], plugState=0, displayPortAltModeInfo=null}, canChangeMode=true, canChangePowerRole=false, canChangeDataRole=false, connectedAtMillis=17362, lastConnectDurationMillis=0
07-10 01:07:08.847  1443  1611 W BroadcastLoopers: Found previously unknown looper Thread[AudioDeviceBroker,5,main]
07-10 01:07:08.849  1443  1443 V SystemServerTiming: OnBootPhase_550_com.android.server.media.MediaSessionService took to complete: 3ms
07-10 01:07:08.849  1443  1443 D SystemServerTiming: OnBootPhase_550_com.android.server.media.MediaResourceMonitorService
07-10 01:07:08.849  1443  1443 V SystemServerTiming: OnBootPhase_550_com.android.server.media.MediaResourceMonitorService took to complete: 0ms
07-10 01:07:08.849  1443  1443 D SystemServerTiming: OnBootPhase_550_com.android.server.biometrics.sensors.fingerprint.FingerprintService
07-10 01:07:08.849  1443  1443 V SystemServerTiming: OnBootPhase_550_com.android.server.biometrics.sensors.fingerprint.FingerprintService took to complete: 0ms
07-10 01:07:08.849  1443  1443 D SystemServerTiming: OnBootPhase_550_com.android.server.biometrics.BiometricService
07-10 01:07:08.849  1443  1443 V SystemServerTiming: OnBootPhase_550_com.android.server.biometrics.BiometricService took to complete: 0ms
07-10 01:07:08.849  1443  1443 D SystemServerTiming: OnBootPhase_550_com.android.server.biometrics.AuthService
07-10 01:07:08.849  1443  1443 V SystemServerTiming: OnBootPhase_550_com.android.server.biometrics.AuthService took to complete: 0ms
07-10 01:07:08.849  1443  1443 D SystemServerTiming: OnBootPhase_550_com.android.server.security.authenticationpolicy.SecureLockDeviceService$Lifecycle
07-10 01:07:08.849  1443  1443 V SystemServerTiming: OnBootPhase_550_com.android.server.security.authenticationpolicy.SecureLockDeviceService$Lifecycle took to complete: 0ms
07-10 01:07:08.849  1443  1443 D SystemServerTiming: OnBootPhase_550_com.android.server.security.authenticationpolicy.AuthenticationPolicyService
07-10 01:07:08.849  1443  1443 V SystemServerTiming: OnBootPhase_550_com.android.server.security.authenticationpolicy.AuthenticationPolicyService took to complete: 0ms
07-10 01:07:08.849  1443  1443 D SystemServerTiming: OnBootPhase_550_com.android.server.pm.ShortcutService$Lifecycle
07-10 01:07:08.849  1443  1443 V SystemServerTiming: OnBootPhase_550_com.android.server.pm.ShortcutService$Lifecycle took to complete: 0ms
07-10 01:07:08.849  1443  1443 D SystemServerTiming: OnBootPhase_550_com.android.server.pm.LauncherAppsService
07-10 01:07:08.849  1443  1443 V SystemServerTiming: OnBootPhase_550_com.android.server.pm.LauncherAppsService took to complete: 0ms
07-10 01:07:08.849  1443  1443 D SystemServerTiming: OnBootPhase_550_com.android.server.pm.CrossProfileAppsService
07-10 01:07:08.849  1443  1443 V SystemServerTiming: OnBootPhase_550_com.android.server.pm.CrossProfileAppsService took to complete: 0ms
07-10 01:07:08.849  1443  1443 D SystemServerTiming: OnBootPhase_550_com.android.server.people.PeopleService
07-10 01:07:08.849  1443  1443 V SystemServerTiming: OnBootPhase_550_com.android.server.people.PeopleService took to complete: 0ms
07-10 01:07:08.849  1443  1443 D SystemServerTiming: OnBootPhase_550_com.android.server.media.metrics.MediaMetricsManagerService
07-10 01:07:08.849  1443  1443 V SystemServerTiming: OnBootPhase_550_com.android.server.media.metrics.MediaMetricsManagerService took to complete: 0ms
07-10 01:07:08.849  1443  1443 D SystemServerTiming: OnBootPhase_550_com.android.server.pm.BackgroundInstallControlService
07-10 01:07:08.849  1443  1443 V SystemServerTiming: OnBootPhase_550_com.android.server.pm.BackgroundInstallControlService took to complete: 0ms
07-10 01:07:08.849  1443  1443 D SystemServerTiming: OnBootPhase_550_com.android.server.media.projection.MediaProjectionManagerService
07-10 01:07:08.849  1443  1443 V SystemServerTiming: OnBootPhase_550_com.android.server.media.projection.MediaProjectionManagerService took to complete: 0ms
07-10 01:07:08.849  1443  1443 D SystemServerTiming: OnBootPhase_550_com.android.server.slice.SliceManagerService$Lifecycle
07-10 01:07:08.849  1443  1443 V SystemServerTiming: OnBootPhase_550_com.android.server.slice.SliceManagerService$Lifecycle took to complete: 0ms
07-10 01:07:08.849  1443  1443 D SystemServerTiming: OnBootPhase_550_com.android.server.stats.StatsCompanion$Lifecycle
07-10 01:07:08.849  1443  1443 V SystemServerTiming: OnBootPhase_550_com.android.server.stats.StatsCompanion$Lifecycle took to complete: 0ms
07-10 01:07:08.849  1443  1443 D SystemServerTiming: OnBootPhase_550_com.android.server.scheduling.RebootReadinessManagerService$Lifecycle
07-10 01:07:08.849  1443  1443 V SystemServerTiming: OnBootPhase_550_com.android.server.scheduling.RebootReadinessManagerService$Lifecycle took to complete: 0ms
07-10 01:07:08.849  1443  1443 D SystemServerTiming: OnBootPhase_550_com.android.server.stats.pull.StatsPullAtomService
07-10 01:07:08.849  1443  1443 V SystemServerTiming: OnBootPhase_550_com.android.server.stats.pull.StatsPullAtomService took to complete: 0ms
07-10 01:07:08.849  1443  1443 D SystemServerTiming: OnBootPhase_550_com.android.server.stats.bootstrap.StatsBootstrapAtomService$Lifecycle
07-10 01:07:08.849  1443  1443 V SystemServerTiming: OnBootPhase_550_com.android.server.stats.bootstrap.StatsBootstrapAtomService$Lifecycle took to complete: 0ms
07-10 01:07:08.849  1443  1443 D SystemServerTiming: OnBootPhase_550_com.android.server.incident.IncidentCompanionService
07-10 01:07:08.849  1443  1443 V SystemServerTiming: OnBootPhase_550_com.android.server.incident.IncidentCompanionService took to complete: 0ms
07-10 01:07:08.849  1443  1443 D SystemServerTiming: OnBootPhase_550_com.android.server.sdksandbox.SdkSandboxManagerService$Lifecycle
07-10 01:07:08.850  1443  1443 V SystemServerTiming: OnBootPhase_550_com.android.server.sdksandbox.SdkSandboxManagerService$Lifecycle took to complete: 0ms
07-10 01:07:08.850  1443  1443 D SystemServerTiming: OnBootPhase_550_com.android.server.adservices.AdServicesManagerService$Lifecycle
07-10 01:07:08.850  1443  1443 V SystemServerTiming: OnBootPhase_550_com.android.server.adservices.AdServicesManagerService$Lifecycle took to complete: 0ms
07-10 01:07:08.850  1443  1443 D SystemServerTiming: OnBootPhase_550_com.android.server.ondevicepersonalization.OnDevicePersonalizationSystemService$Lifecycle
07-10 01:07:08.850  1443  1443 V SystemServerTiming: OnBootPhase_550_com.android.server.ondevicepersonalization.OnDevicePersonalizationSystemService$Lifecycle took to complete: 0ms
07-10 01:07:08.850  1443  1443 D SystemServerTiming: OnBootPhase_550_android.os.profiling.ProfilingService$Lifecycle
07-10 01:07:08.850  1443  1443 V SystemServerTiming: OnBootPhase_550_android.os.profiling.ProfilingService$Lifecycle took to complete: 0ms
07-10 01:07:08.850  1443  1443 D SystemServerTiming: OnBootPhase_550_com.android.server.MmsServiceBroker
07-10 01:07:08.850  1443  1443 V SystemServerTiming: OnBootPhase_550_com.android.server.MmsServiceBroker took to complete: 0ms
07-10 01:07:08.850  1443  1443 D SystemServerTiming: OnBootPhase_550_com.android.server.autofill.AutofillManagerService
07-10 01:07:08.850  1443  1443 V SystemServerTiming: OnBootPhase_550_com.android.server.autofill.AutofillManagerService took to complete: 0ms
07-10 01:07:08.850  1443  1443 D SystemServerTiming: OnBootPhase_550_com.android.server.credentials.CredentialManagerService
07-10 01:07:08.850  1443  1478 I ActivityManager: Start proc 1716:com.android.systemui/u0a116 for service {com.android.systemui/com.android.systemui.wallpapers.GradientColorWallpaper}
07-10 01:07:08.850  1443  1443 V SystemServerTiming: OnBootPhase_550_com.android.server.credentials.CredentialManagerService took to complete: 0ms
07-10 01:07:08.850  1443  1443 D SystemServerTiming: OnBootPhase_550_com.android.server.clipboard.ClipboardService
07-10 01:07:08.850  1443  1443 V SystemServerTiming: OnBootPhase_550_com.android.server.clipboard.ClipboardService took to complete: 0ms
07-10 01:07:08.850  1443  1443 D SystemServerTiming: OnBootPhase_550_com.android.server.selectiontoolbar.SelectionToolbarManagerService
07-10 01:07:08.850  1443  1443 V SystemServerTiming: OnBootPhase_550_com.android.server.selectiontoolbar.SelectionToolbarManagerService took to complete: 0ms
07-10 01:07:08.850  1443  1443 D SystemServerTiming: OnBootPhase_550_com.android.server.appbinding.AppBindingService$Lifecycle
07-10 01:07:08.853  1443  1443 I AppBindingService: Updating constants with: null
07-10 01:07:08.853  1443  1443 V SystemServerTiming: OnBootPhase_550_com.android.server.appbinding.AppBindingService$Lifecycle took to complete: 3ms
07-10 01:07:08.853  1443  1443 D SystemServerTiming: OnBootPhase_550_com.android.server.tracing.TracingServiceProxy
07-10 01:07:08.853  1443  1443 V SystemServerTiming: OnBootPhase_550_com.android.server.tracing.TracingServiceProxy took to complete: 0ms
07-10 01:07:08.853  1443  1443 D SystemServerTiming: OnBootPhase_550_com.android.server.os.instrumentation.DynamicInstrumentationManagerService
07-10 01:07:08.853  1443  1443 V SystemServerTiming: OnBootPhase_550_com.android.server.os.instrumentation.DynamicInstrumentationManagerService took to complete: 0ms
07-10 01:07:08.853  1443  1443 D SystemServerTiming: OnBootPhase_550_org.lineageos.platform.internal.ProfileManagerService
07-10 01:07:08.866  1111  1111 W wificond: Failed to get NL80211_ATTR_MAX_NUM_AKM_SUITES
07-10 01:07:08.867  1443  1443 V SystemServerTiming: OnBootPhase_550_org.lineageos.platform.internal.ProfileManagerService took to complete: 14ms
07-10 01:07:08.867  1443  1443 D SystemServerTiming: OnBootPhase_550_org.lineageos.platform.internal.LineageHardwareService
07-10 01:07:08.867  1443  1443 V SystemServerTiming: OnBootPhase_550_org.lineageos.platform.internal.LineageHardwareService took to complete: 0ms
07-10 01:07:08.867  1443  1443 D SystemServerTiming: OnBootPhase_550_org.lineageos.platform.internal.display.LiveDisplayService
07-10 01:07:08.867  1443  1443 V SystemServerTiming: OnBootPhase_550_org.lineageos.platform.internal.display.LiveDisplayService took to complete: 0ms
07-10 01:07:08.867  1443  1443 D SystemServerTiming: OnBootPhase_550_org.lineageos.platform.internal.TrustInterfaceService
07-10 01:07:08.867  1443  1443 V SystemServerTiming: OnBootPhase_550_org.lineageos.platform.internal.TrustInterfaceService took to complete: 0ms
07-10 01:07:08.867  1443  1443 D SystemServerTiming: OnBootPhase_550_org.lineageos.platform.internal.LineageSettingsService
07-10 01:07:08.867  1443  1443 V SystemServerTiming: OnBootPhase_550_org.lineageos.platform.internal.LineageSettingsService took to complete: 0ms
07-10 01:07:08.867  1443  1443 D SystemServerTiming: OnBootPhase_550_org.lineageos.platform.internal.LineageGlobalActionsService
07-10 01:07:08.867  1443  1443 V SystemServerTiming: OnBootPhase_550_org.lineageos.platform.internal.LineageGlobalActionsService took to complete: 0ms
07-10 01:07:08.867  1443  1443 D SystemServerTiming: OnBootPhase_550_org.lineageos.platform.internal.health.HealthInterfaceService
07-10 01:07:08.867  1443  1443 V SystemServerTiming: OnBootPhase_550_org.lineageos.platform.internal.health.HealthInterfaceService took to complete: 0ms
07-10 01:07:08.867  1443  1443 D SystemServerTiming: OnBootPhase_550_com.android.server.policy.PermissionPolicyService
07-10 01:07:08.867  1443  1443 D SystemServerTiming: Permission_grant_default_permissions-0
07-10 01:07:08.867  1443  1443 V SystemServerTiming: Permission_grant_default_permissions-0 took to complete: 0ms
07-10 01:07:08.867  1443  1443 D SystemServerTiming: Permission_synchronize_permissions-0
07-10 01:07:08.868  1111  1111 W wificond: Failed to get NL80211_ATTR_MAX_NUM_AKM_SUITES
07-10 01:07:08.870  1443  1443 D SystemServerTiming: Permission_synchronize_addPackages-0
07-10 01:07:08.880  1111  1111 W wificond: Failed to get NL80211_ATTR_MAX_NUM_AKM_SUITES
07-10 01:07:08.880  1443  1516 D GameManagerService: User ID '0' does not have a Game Mode selected for package: 'com.android.systemui'
07-10 01:07:08.888  1111  1111 W wificond: Failed to get NL80211_ATTR_MAX_NUM_AKM_SUITES
07-10 01:07:08.891  1111  1111 W wificond: Failed to get NL80211_ATTR_MAX_NUM_AKM_SUITES
07-10 01:07:08.892  1111  1111 W wificond: Failed to get NL80211_ATTR_MAX_NUM_AKM_SUITES
07-10 01:07:08.967  1443  1443 V SystemServerTiming: Permission_synchronize_addPackages-0 took to complete: 97ms
07-10 01:07:08.967  1443  1443 D SystemServerTiming: Permission_syncPackages-0
07-10 01:07:08.973  1443  1443 V SystemServerTiming: Permission_syncPackages-0 took to complete: 6ms
07-10 01:07:08.973  1443  1443 V SystemServerTiming: Permission_synchronize_permissions-0 took to complete: 106ms
07-10 01:07:08.974  1443  1443 W SystemServiceManager: Service com.android.server.policy.PermissionPolicyService took 106 ms in onBootPhase
07-10 01:07:08.974  1443  1443 V SystemServerTiming: OnBootPhase_550_com.android.server.policy.PermissionPolicyService took to complete: 107ms
07-10 01:07:08.974  1443  1443 D SystemServerTiming: OnBootPhase_550_com.android.server.pm.StagingManager$Lifecycle
07-10 01:07:08.974  1443  1443 V SystemServerTiming: OnBootPhase_550_com.android.server.pm.StagingManager$Lifecycle took to complete: 0ms
07-10 01:07:08.974  1443  1443 D SystemServerTiming: OnBootPhase_550_com.android.server.crashrecovery.CrashRecoveryModule$Lifecycle
07-10 01:07:08.975  1443  1443 V SystemServerTiming: OnBootPhase_550_com.android.server.crashrecovery.CrashRecoveryModule$Lifecycle took to complete: 1ms
07-10 01:07:08.975  1443  1443 D SystemServerTiming: OnBootPhase_550_com.android.server.app.GameManagerService$Lifecycle
07-10 01:07:08.975  1443  1443 V SystemServerTiming: OnBootPhase_550_com.android.server.app.GameManagerService$Lifecycle took to complete: 0ms
07-10 01:07:08.975  1443  1443 D SystemServerTiming: OnBootPhase_550_com.android.server.ranging.RangingService
07-10 01:07:08.975  1443  1443 V SystemServerTiming: OnBootPhase_550_com.android.server.ranging.RangingService took to complete: 0ms
07-10 01:07:08.975  1443  1443 D SystemServerTiming: OnBootPhase_550_com.android.safetycenter.SafetyCenterService
07-10 01:07:08.975  1443  1443 V SystemServerTiming: OnBootPhase_550_com.android.safetycenter.SafetyCenterService took to complete: 0ms
07-10 01:07:08.975  1443  1443 D SystemServerTiming: OnBootPhase_550_com.android.server.appsearch.AppSearchModule$Lifecycle
07-10 01:07:08.975  1443  1443 V SystemServerTiming: OnBootPhase_550_com.android.server.appsearch.AppSearchModule$Lifecycle took to complete: 0ms
07-10 01:07:08.975  1443  1443 D SystemServerTiming: OnBootPhase_550_com.android.server.media.MediaCommunicationService
07-10 01:07:08.975  1443  1443 V SystemServerTiming: OnBootPhase_550_com.android.server.media.MediaCommunicationService took to complete: 0ms
07-10 01:07:08.975  1443  1443 D SystemServerTiming: OnBootPhase_550_com.android.server.compat.overrides.AppCompatOverridesService$Lifecycle
07-10 01:07:08.975  1443  1443 V SystemServerTiming: OnBootPhase_550_com.android.server.compat.overrides.AppCompatOverridesService$Lifecycle took to complete: 0ms
07-10 01:07:08.975  1443  1443 D SystemServerTiming: OnBootPhase_550_com.android.server.healthconnect.HealthConnectManagerService
07-10 01:07:08.975  1443  1443 V SystemServerTiming: OnBootPhase_550_com.android.server.healthconnect.HealthConnectManagerService took to complete: 0ms
07-10 01:07:08.975  1443  1443 D SystemServerTiming: OnBootPhase_550_com.android.server.devicelock.DeviceLockService
07-10 01:07:08.975  1443  1443 D DeviceLockService: onBootPhase: 550
07-10 01:07:08.975  1443  1443 V SystemServerTiming: OnBootPhase_550_com.android.server.devicelock.DeviceLockService took to complete: 0ms
07-10 01:07:08.975  1443  1443 D SystemServerTiming: OnBootPhase_550_com.android.server.SensitiveContentProtectionManagerService
07-10 01:07:08.975  1443  1443 V SystemServerTiming: OnBootPhase_550_com.android.server.SensitiveContentProtectionManagerService took to complete: 0ms
07-10 01:07:08.975  1443  1443 V SystemServerTiming: OnBootPhase_550 took to complete: 273ms
07-10 01:07:08.975  1443  1443 V SystemServerTiming: StartActivityManagerReadyPhase took to complete: 273ms
07-10 01:07:08.975  1443  1443 D SystemServerTiming: StartObservingNativeCrashes
07-10 01:07:08.976  1443  1443 V SystemServerTiming: StartObservingNativeCrashes took to complete: 0ms
07-10 01:07:08.976  1443  1443 D SystemServerTiming: RegisterAppOpsPolicy
07-10 01:07:08.977  1443  1443 V SystemServerTiming: RegisterAppOpsPolicy took to complete: 1ms
07-10 01:07:08.977  1443  1558 D SystemServerTimingAsync: InitThreadPoolExec:WebViewFactoryPreparation
07-10 01:07:08.977  1443  1558 D SystemServerInitThreadPool: Started executing WebViewFactoryPreparation
07-10 01:07:08.977  1443  1558 I SystemServer: WebViewFactoryPreparation
07-10 01:07:08.977  1443  1558 D SystemServerTimingAsync: WebViewFactoryPreparation
07-10 01:07:08.980  1443  1443 D SystemServerTiming: MakeNetworkManagementServiceReady
07-10 01:07:08.981  1443  1443 V SystemServerTiming: MakeNetworkManagementServiceReady took to complete: 1ms
07-10 01:07:08.981  1443  1443 D SystemServerTiming: MakeConnectivityServiceReady
07-10 01:07:08.984  1443  1487 W BatteryExternalStatsWorker: error reading modem stats:ERROR_PHONE_NOT_AVAILABLE
07-10 01:07:08.985  1443  1558 W PinnerService: Could not find pinlist.meta for "/product/app/webview/webview.apk": pinning as blob
07-10 01:07:09.060  1443  1443 V SystemServerTiming: MakeConnectivityServiceReady took to complete: 79ms
07-10 01:07:09.060  1443  1443 D SystemServerTiming: MakeVpnManagerServiceReady
07-10 01:07:09.063  1716  1716 V WindowManagerShell: Adding init callback for OneHandedController
07-10 01:07:09.064  1443  1558 E AppOps  : Bad call made by uid 1000. Package "android" does not belong to uid 1037.
07-10 01:07:09.064  1443  1558 E AppOps  : Cannot getAppOpMode: non-application UID 1037
07-10 01:07:09.065  1716  1716 V WindowManagerShell: Adding init callback for DragAndDropController
07-10 01:07:09.066  1443  1443 V SystemServerTiming: MakeVpnManagerServiceReady took to complete: 6ms
07-10 01:07:09.066  1443  1443 D SystemServerTiming: MakeNetworkPolicyServiceReady
07-10 01:07:09.066  1443  1558 V SystemServerTimingAsync: WebViewFactoryPreparation took to complete: 89ms
07-10 01:07:09.067  1443  1558 D SystemServerInitThreadPool: Finished executing WebViewFactoryPreparation
07-10 01:07:09.067  1443  1558 V SystemServerTimingAsync: InitThreadPoolExec:WebViewFactoryPreparation took to complete: 89ms
07-10 01:07:09.068  1443  1443 V SystemServerTiming: MakeNetworkPolicyServiceReady took to complete: 2ms
07-10 01:07:09.068  1443  1443 D SystemServerTiming: PhaseThirdPartyAppsCanStart
07-10 01:07:09.068  1443  1443 I SystemServiceManager: Starting phase 600
07-10 01:07:09.068  1443  1443 D SystemServerTiming: OnBootPhase_600
07-10 01:07:09.068  1443  1443 D SystemServerTiming: OnBootPhase_600_com.android.server.security.FileIntegrityService
07-10 01:07:09.068  1443  1443 V SystemServerTiming: OnBootPhase_600_com.android.server.security.FileIntegrityService took to complete: 0ms
07-10 01:07:09.068  1443  1443 D SystemServerTiming: OnBootPhase_600_com.android.server.pm.Installer
07-10 01:07:09.068  1443  1443 V SystemServerTiming: OnBootPhase_600_com.android.server.pm.Installer took to complete: 0ms
07-10 01:07:09.068  1443  1443 D SystemServerTiming: OnBootPhase_600_com.android.server.os.DeviceIdentifiersPolicyService
07-10 01:07:09.068  1443  1443 V SystemServerTiming: OnBootPhase_600_com.android.server.os.DeviceIdentifiersPolicyService took to complete: 0ms
07-10 01:07:09.068  1443  1443 D SystemServerTiming: OnBootPhase_600_com.android.server.flags.FeatureFlagsService
07-10 01:07:09.068  1443  1443 V SystemServerTiming: OnBootPhase_600_com.android.server.flags.FeatureFlagsService took to complete: 0ms
07-10 01:07:09.068  1443  1443 D SystemServerTiming: OnBootPhase_600_com.android.server.uri.UriGrantsManagerService$Lifecycle
07-10 01:07:09.068  1443  1443 V SystemServerTiming: OnBootPhase_600_com.android.server.uri.UriGrantsManagerService$Lifecycle took to complete: 0ms
07-10 01:07:09.068  1443  1443 D SystemServerTiming: OnBootPhase_600_com.android.server.powerstats.PowerStatsService
07-10 01:07:09.068  1443  1443 V SystemServerTiming: OnBootPhase_600_com.android.server.powerstats.PowerStatsService took to complete: 0ms
07-10 01:07:09.068  1443  1443 D SystemServerTiming: OnBootPhase_600_com.android.server.permission.access.AccessCheckingService
07-10 01:07:09.068  1443  1443 V SystemServerTiming: OnBootPhase_600_com.android.server.permission.access.AccessCheckingService took to complete: 0ms
07-10 01:07:09.068  1443  1443 D SystemServerTiming: OnBootPhase_600_com.android.server.wm.ActivityTaskManagerService$Lifecycle
07-10 01:07:09.068  1443  1443 V SystemServerTiming: OnBootPhase_600_com.android.server.wm.ActivityTaskManagerService$Lifecycle took to complete: 0ms
07-10 01:07:09.068  1443  1443 D SystemServerTiming: OnBootPhase_600_com.android.server.am.ActivityManagerService$Lifecycle
07-10 01:07:09.068  1443  1443 D ActivityManager: ThemeHomeDelay: Home launch is not delayable, skipping timeout creation
07-10 01:07:09.068  1443  1443 V SystemServerTiming: OnBootPhase_600_com.android.server.am.ActivityManagerService$Lifecycle took to complete: 0ms
07-10 01:07:09.068  1443  1443 D SystemServerTiming: OnBootPhase_600_com.android.server.pm.DataLoaderManagerService
07-10 01:07:09.068  1443  1443 V SystemServerTiming: OnBootPhase_600_com.android.server.pm.DataLoaderManagerService took to complete: 0ms
07-10 01:07:09.068  1443  1443 D SystemServerTiming: OnBootPhase_600_com.android.server.power.PowerManagerService
07-10 01:07:09.069  1443  1443 V SystemServerTiming: OnBootPhase_600_com.android.server.power.PowerManagerService took to complete: 1ms
07-10 01:07:09.069  1443  1443 D SystemServerTiming: OnBootPhase_600_com.android.server.power.thermal.ThermalManagerService
07-10 01:07:09.069  1443  1443 V SystemServerTiming: OnBootPhase_600_com.android.server.power.thermal.ThermalManagerService took to complete: 0ms
07-10 01:07:09.069  1443  1443 D SystemServerTiming: OnBootPhase_600_com.android.server.recoverysystem.RecoverySystemService$Lifecycle
07-10 01:07:09.069  1443  1443 V SystemServerTiming: OnBootPhase_600_com.android.server.recoverysystem.RecoverySystemService$Lifecycle took to complete: 0ms
07-10 01:07:09.069  1443  1443 D SystemServerTiming: OnBootPhase_600_com.android.server.lights.LightsService
07-10 01:07:09.069  1443  1443 V SystemServerTiming: OnBootPhase_600_com.android.server.lights.LightsService took to complete: 0ms
07-10 01:07:09.069  1443  1443 D SystemServerTiming: OnBootPhase_600_com.android.server.display.DisplayManagerService
07-10 01:07:09.069  1443  1443 V SystemServerTiming: OnBootPhase_600_com.android.server.display.DisplayManagerService took to complete: 0ms
07-10 01:07:09.069  1443  1443 D SystemServerTiming: OnBootPhase_600_com.android.server.pm.verify.domain.DomainVerificationService
07-10 01:07:09.069  1443  1443 V SystemServerTiming: OnBootPhase_600_com.android.server.pm.verify.domain.DomainVerificationService took to complete: 0ms
07-10 01:07:09.069  1443  1443 D SystemServerTiming: OnBootPhase_600_com.android.server.pm.PackageInstallerService$Lifecycle
07-10 01:07:09.069  1443  1443 V SystemServerTiming: OnBootPhase_600_com.android.server.pm.PackageInstallerService$Lifecycle took to complete: 0ms
07-10 01:07:09.069  1443  1443 D SystemServerTiming: OnBootPhase_600_com.android.server.pm.UserManagerService$LifeCycle
07-10 01:07:09.069  1443  1443 V SystemServerTiming: OnBootPhase_600_com.android.server.pm.UserManagerService$LifeCycle took to complete: 0ms
07-10 01:07:09.069  1443  1443 D SystemServerTiming: OnBootPhase_600_com.android.server.om.OverlayManagerService
07-10 01:07:09.069  1443  1443 V SystemServerTiming: OnBootPhase_600_com.android.server.om.OverlayManagerService took to complete: 0ms
07-10 01:07:09.069  1443  1443 D SystemServerTiming: OnBootPhase_600_com.android.server.resources.ResourcesManagerService
07-10 01:07:09.069  1443  1443 V SystemServerTiming: OnBootPhase_600_com.android.server.resources.ResourcesManagerService took to complete: 0ms
07-10 01:07:09.069  1443  1443 D SystemServerTiming: OnBootPhase_600_com.android.server.sensorprivacy.SensorPrivacyService
07-10 01:07:09.069  1443  1443 V SystemServerTiming: OnBootPhase_600_com.android.server.sensorprivacy.SensorPrivacyService took to complete: 0ms
07-10 01:07:09.069  1443  1443 D SystemServerTiming: OnBootPhase_600_com.android.server.sensors.SensorService
07-10 01:07:09.069  1443  1443 V SystemServerTiming: OnBootPhase_600_com.android.server.sensors.SensorService took to complete: 0ms
07-10 01:07:09.069  1443  1443 D SystemServerTiming: OnBootPhase_600_com.android.server.SystemConfigService
07-10 01:07:09.069  1443  1443 V SystemServerTiming: OnBootPhase_600_com.android.server.SystemConfigService took to complete: 0ms
07-10 01:07:09.069  1443  1443 D SystemServerTiming: OnBootPhase_600_com.android.server.BatteryService
07-10 01:07:09.069  1443  1443 V SystemServerTiming: OnBootPhase_600_com.android.server.BatteryService took to complete: 0ms
07-10 01:07:09.069  1443  1443 D SystemServerTiming: OnBootPhase_600_com.android.server.usage.UsageStatsService
07-10 01:07:09.069  1443  1443 V SystemServerTiming: OnBootPhase_600_com.android.server.usage.UsageStatsService took to complete: 0ms
07-10 01:07:09.069  1443  1443 D SystemServerTiming: OnBootPhase_600_com.android.server.webkit.WebViewUpdateService
07-10 01:07:09.069  1443  1443 V SystemServerTiming: OnBootPhase_600_com.android.server.webkit.WebViewUpdateService took to complete: 0ms
07-10 01:07:09.069  1443  1443 D SystemServerTiming: OnBootPhase_600_com.android.server.CachedDeviceStateService
07-10 01:07:09.069  1443  1443 V SystemServerTiming: OnBootPhase_600_com.android.server.CachedDeviceStateService took to complete: 0ms
07-10 01:07:09.069  1443  1443 D SystemServerTiming: OnBootPhase_600_com.android.server.BinderCallsStatsService$LifeCycle
07-10 01:07:09.069  1443  1443 V SystemServerTiming: OnBootPhase_600_com.android.server.BinderCallsStatsService$LifeCycle took to complete: 0ms
07-10 01:07:09.069  1443  1443 D SystemServerTiming: OnBootPhase_600_com.android.server.LooperStatsService$Lifecycle
07-10 01:07:09.069  1443  1443 V SystemServerTiming: OnBootPhase_600_com.android.server.LooperStatsService$Lifecycle took to complete: 0ms
07-10 01:07:09.069  1443  1443 D SystemServerTiming: OnBootPhase_600_com.android.server.rollback.RollbackManagerService
