07-10 01:07:08.099  1443  1541 D SystemServerInitThreadPool: Started executing DevicePolicyManager
07-10 01:07:08.100  1443  1443 I UserManagerService: Setting device owner user as -10000
07-10 01:07:08.100  1443  1443 V SystemServerTiming: OnBootPhase_480_com.android.server.devicepolicy.DevicePolicyManagerService$Lifecycle took to complete: 7ms
07-10 01:07:08.100  1443  1443 D SystemServerTiming: OnBootPhase_480_com.android.server.voiceinteraction.VoiceInteractionManagerService
07-10 01:07:08.100  1443  1443 V SystemServerTiming: OnBootPhase_480_com.android.server.voiceinteraction.VoiceInteractionManagerService took to complete: 0ms
07-10 01:07:08.100  1443  1443 D SystemServerTiming: OnBootPhase_480_com.android.server.texttospeech.TextToSpeechManagerService
07-10 01:07:08.100  1443  1443 V SystemServerTiming: OnBootPhase_480_com.android.server.texttospeech.TextToSpeechManagerService took to complete: 0ms
07-10 01:07:08.100  1443  1443 D SystemServerTiming: OnBootPhase_480_com.android.server.wearable.WearableSensingManagerService
07-10 01:07:08.100  1443  1443 V SystemServerTiming: OnBootPhase_480_com.android.server.wearable.WearableSensingManagerService took to complete: 0ms
07-10 01:07:08.100  1443  1443 D SystemServerTiming: OnBootPhase_480_com.android.server.ondeviceintelligence.OnDeviceIntelligenceManagerService
07-10 01:07:08.100  1443  1443 V SystemServerTiming: OnBootPhase_480_com.android.server.ondeviceintelligence.OnDeviceIntelligenceManagerService took to complete: 0ms
07-10 01:07:08.100  1443  1443 D SystemServerTiming: OnBootPhase_480_com.android.server.speech.SpeechRecognitionManagerService
07-10 01:07:08.100  1443  1443 V SystemServerTiming: OnBootPhase_480_com.android.server.speech.SpeechRecognitionManagerService took to complete: 0ms
07-10 01:07:08.100  1443  1443 D SystemServerTiming: OnBootPhase_480_com.android.server.graphics.fonts.FontManagerService$Lifecycle
07-10 01:07:08.100  1443  1443 V SystemServerTiming: OnBootPhase_480_com.android.server.graphics.fonts.FontManagerService$Lifecycle took to complete: 0ms
07-10 01:07:08.100  1443  1443 D SystemServerTiming: OnBootPhase_480_com.android.server.textservices.TextServicesManagerService$Lifecycle
07-10 01:07:08.100  1443  1443 V SystemServerTiming: OnBootPhase_480_com.android.server.textservices.TextServicesManagerService$Lifecycle took to complete: 0ms
07-10 01:07:08.100  1443  1443 D SystemServerTiming: OnBootPhase_480_com.android.server.textclassifier.TextClassificationManagerService$Lifecycle
07-10 01:07:08.100  1443  1443 V SystemServerTiming: OnBootPhase_480_com.android.server.textclassifier.TextClassificationManagerService$Lifecycle took to complete: 0ms
07-10 01:07:08.100  1443  1443 D SystemServerTiming: OnBootPhase_480_com.android.server.NetworkScoreService$Lifecycle
07-10 01:07:08.100  1443  1443 V SystemServerTiming: OnBootPhase_480_com.android.server.NetworkScoreService$Lifecycle took to complete: 0ms
07-10 01:07:08.100  1443  1443 D SystemServerTiming: OnBootPhase_480_com.android.server.NetworkStatsServiceInitializer
07-10 01:07:08.100  1443  1443 V SystemServerTiming: OnBootPhase_480_com.android.server.NetworkStatsServiceInitializer took to complete: 0ms
07-10 01:07:08.100  1443  1443 D SystemServerTiming: OnBootPhase_480_com.android.server.wifi.WifiService
07-10 01:07:08.100  1443  1443 V SystemServerTiming: OnBootPhase_480_com.android.server.wifi.WifiService took to complete: 0ms
07-10 01:07:08.100  1443  1443 D SystemServerTiming: OnBootPhase_480_com.android.server.wifi.scanner.WifiScanningService
07-10 01:07:08.100  1443  1443 V SystemServerTiming: OnBootPhase_480_com.android.server.wifi.scanner.WifiScanningService took to complete: 0ms
07-10 01:07:08.100  1443  1443 D SystemServerTiming: OnBootPhase_480_com.android.server.wifi.p2p.WifiP2pService
07-10 01:07:08.100  1443  1443 V SystemServerTiming: OnBootPhase_480_com.android.server.wifi.p2p.WifiP2pService took to complete: 0ms
07-10 01:07:08.100  1443  1443 D SystemServerTiming: OnBootPhase_480_com.android.server.ConnectivityServiceInitializer
07-10 01:07:08.100  1443  1541 D SystemServerInitThreadPool: Finished executing DevicePolicyManager
07-10 01:07:08.100  1443  1443 V SystemServerTiming: OnBootPhase_480_com.android.server.ConnectivityServiceInitializer took to complete: 0ms
07-10 01:07:08.100  1443  1443 D SystemServerTiming: OnBootPhase_480_com.android.server.bitmapoffload.BitmapOffloadService
07-10 01:07:08.100  1443  1443 V SystemServerTiming: OnBootPhase_480_com.android.server.bitmapoffload.BitmapOffloadService took to complete: 0ms
07-10 01:07:08.100  1443  1443 D SystemServerTiming: OnBootPhase_480_com.android.server.notification.NotificationManagerService
07-10 01:07:08.100  1443  1443 V SystemServerTiming: OnBootPhase_480_com.android.server.notification.NotificationManagerService took to complete: 0ms
07-10 01:07:08.100  1443  1443 D SystemServerTiming: OnBootPhase_480_com.android.server.storage.DeviceStorageMonitorService
07-10 01:07:08.100  1443  1541 V SystemServerTimingAsync: InitThreadPoolExec:DevicePolicyManager took to complete: 1ms
07-10 01:07:08.100  1443  1443 V SystemServerTiming: OnBootPhase_480_com.android.server.storage.DeviceStorageMonitorService took to complete: 0ms
07-10 01:07:08.100  1443  1443 D SystemServerTiming: OnBootPhase_480_com.android.server.timedetector.TimeDetectorService$Lifecycle
07-10 01:07:08.100  1443  1443 V SystemServerTiming: OnBootPhase_480_com.android.server.timedetector.TimeDetectorService$Lifecycle took to complete: 0ms
07-10 01:07:08.100  1443  1443 D SystemServerTiming: OnBootPhase_480_com.android.server.location.LocationManagerService$Lifecycle
07-10 01:07:08.100  1443  1443 V SystemServerTiming: OnBootPhase_480_com.android.server.location.LocationManagerService$Lifecycle took to complete: 0ms
07-10 01:07:08.100  1443  1443 D SystemServerTiming: OnBootPhase_480_com.android.server.timezonedetector.TimeZoneDetectorService$Lifecycle
07-10 01:07:08.100  1443  1443 V SystemServerTiming: OnBootPhase_480_com.android.server.timezonedetector.TimeZoneDetectorService$Lifecycle took to complete: 0ms
07-10 01:07:08.100  1443  1443 D SystemServerTiming: OnBootPhase_480_com.android.server.location.altitude.AltitudeService$Lifecycle
07-10 01:07:08.100  1443  1443 V SystemServerTiming: OnBootPhase_480_com.android.server.location.altitude.AltitudeService$Lifecycle took to complete: 0ms
07-10 01:07:08.100  1443  1443 D SystemServerTiming: OnBootPhase_480_com.android.server.timezonedetector.location.LocationTimeZoneManagerService$Lifecycle
07-10 01:07:08.100  1443  1443 V SystemServerTiming: OnBootPhase_480_com.android.server.timezonedetector.location.LocationTimeZoneManagerService$Lifecycle took to complete: 0ms
07-10 01:07:08.101  1443  1443 D SystemServerTiming: OnBootPhase_480_com.android.server.search.SearchManagerService$Lifecycle
07-10 01:07:08.101  1443  1443 V SystemServerTiming: OnBootPhase_480_com.android.server.search.SearchManagerService$Lifecycle took to complete: 0ms
07-10 01:07:08.101  1443  1443 D SystemServerTiming: OnBootPhase_480_com.android.server.wallpaper.WallpaperManagerService$Lifecycle
07-10 01:07:08.101  1443  1443 V SystemServerTiming: OnBootPhase_480_com.android.server.wallpaper.WallpaperManagerService$Lifecycle took to complete: 1ms
07-10 01:07:08.101  1443  1443 D SystemServerTiming: OnBootPhase_480_com.android.server.audio.AudioService$Lifecycle
07-10 01:07:08.101  1443  1443 V SystemServerTiming: OnBootPhase_480_com.android.server.audio.AudioService$Lifecycle took to complete: 0ms
07-10 01:07:08.101  1443  1443 D SystemServerTiming: OnBootPhase_480_com.android.server.soundtrigger_middleware.SoundTriggerMiddlewareService$Lifecycle
07-10 01:07:08.101  1443  1443 V SystemServerTiming: OnBootPhase_480_com.android.server.soundtrigger_middleware.SoundTriggerMiddlewareService$Lifecycle took to complete: 0ms
07-10 01:07:08.101  1443  1443 D SystemServerTiming: OnBootPhase_480_com.android.server.DockObserver
07-10 01:07:08.101  1443  1443 V SystemServerTiming: OnBootPhase_480_com.android.server.DockObserver took to complete: 0ms
07-10 01:07:08.101  1443  1443 D SystemServerTiming: OnBootPhase_480_com.android.server.midi.MidiService$Lifecycle
07-10 01:07:08.101  1443  1443 V SystemServerTiming: OnBootPhase_480_com.android.server.midi.MidiService$Lifecycle took to complete: 0ms
07-10 01:07:08.101  1443  1443 D SystemServerTiming: OnBootPhase_480_com.android.server.adb.AdbService$Lifecycle
07-10 01:07:08.101  1443  1443 V SystemServerTiming: OnBootPhase_480_com.android.server.adb.AdbService$Lifecycle took to complete: 0ms
07-10 01:07:08.101  1443  1443 D SystemServerTiming: OnBootPhase_480_com.android.server.usb.UsbService$Lifecycle
07-10 01:07:08.101  1443  1443 V SystemServerTiming: OnBootPhase_480_com.android.server.usb.UsbService$Lifecycle took to complete: 0ms
07-10 01:07:08.101  1443  1443 D SystemServerTiming: OnBootPhase_480_com.android.server.SerialService$Lifecycle
07-10 01:07:08.101  1443  1443 V SystemServerTiming: OnBootPhase_480_com.android.server.SerialService$Lifecycle took to complete: 0ms
07-10 01:07:08.101  1443  1443 D SystemServerTiming: OnBootPhase_480_com.android.server.twilight.TwilightService
07-10 01:07:08.101  1443  1443 V SystemServerTiming: OnBootPhase_480_com.android.server.twilight.TwilightService took to complete: 0ms
07-10 01:07:08.101  1443  1443 D SystemServerTiming: OnBootPhase_480_com.android.server.display.color.ColorDisplayService
07-10 01:07:08.101  1443  1443 V SystemServerTiming: OnBootPhase_480_com.android.server.display.color.ColorDisplayService took to complete: 0ms
07-10 01:07:08.101  1443  1443 D SystemServerTiming: OnBootPhase_480_com.android.server.job.JobSchedulerService
07-10 01:07:08.101  1443  1443 V SystemServerTiming: OnBootPhase_480_com.android.server.job.JobSchedulerService took to complete: 0ms
07-10 01:07:08.101  1443  1443 D SystemServerTiming: OnBootPhase_480_com.android.server.soundtrigger.SoundTriggerService
07-10 01:07:08.101  1443  1443 D SoundTriggerService: onBootPhase: 480 : false
07-10 01:07:08.101  1443  1443 V SystemServerTiming: OnBootPhase_480_com.android.server.soundtrigger.SoundTriggerService took to complete: 0ms
07-10 01:07:08.101  1443  1443 D SystemServerTiming: OnBootPhase_480_com.android.server.trust.TrustManagerService
07-10 01:07:08.101  1443  1443 V SystemServerTiming: OnBootPhase_480_com.android.server.trust.TrustManagerService took to complete: 0ms
07-10 01:07:08.101  1443  1443 D SystemServerTiming: OnBootPhase_480_com.android.server.backup.BackupManagerService$Lifecycle
07-10 01:07:08.101  1443  1443 V SystemServerTiming: OnBootPhase_480_com.android.server.backup.BackupManagerService$Lifecycle took to complete: 0ms
07-10 01:07:08.101  1443  1443 D SystemServerTiming: OnBootPhase_480_com.android.server.appwidget.AppWidgetService
07-10 01:07:08.101  1443  1443 V SystemServerTiming: OnBootPhase_480_com.android.server.appwidget.AppWidgetService took to complete: 0ms
07-10 01:07:08.101  1443  1443 D SystemServerTiming: OnBootPhase_480_com.android.server.GestureLauncherService
07-10 01:07:08.101  1443  1443 V SystemServerTiming: OnBootPhase_480_com.android.server.GestureLauncherService took to complete: 0ms
07-10 01:07:08.101  1443  1443 D SystemServerTiming: OnBootPhase_480_com.android.server.SensorNotificationService
07-10 01:07:08.101  1443  1443 V SystemServerTiming: OnBootPhase_480_com.android.server.SensorNotificationService took to complete: 0ms
07-10 01:07:08.102  1443  1443 D SystemServerTiming: OnBootPhase_480_com.android.server.emergency.EmergencyAffordanceService
07-10 01:07:08.102  1443  1443 V SystemServerTiming: OnBootPhase_480_com.android.server.emergency.EmergencyAffordanceService took to complete: 0ms
07-10 01:07:08.102  1443  1443 D SystemServerTiming: OnBootPhase_480_com.android.server.blob.BlobStoreManagerService
07-10 01:07:08.102  1443  1443 V SystemServerTiming: OnBootPhase_480_com.android.server.blob.BlobStoreManagerService took to complete: 0ms
07-10 01:07:08.102  1443  1443 D SystemServerTiming: OnBootPhase_480_com.android.server.dreams.DreamManagerService
07-10 01:07:08.102  1443  1443 V SystemServerTiming: OnBootPhase_480_com.android.server.dreams.DreamManagerService took to complete: 0ms
07-10 01:07:08.102  1443  1443 D SystemServerTiming: OnBootPhase_480_com.android.server.print.PrintManagerService
07-10 01:07:08.102  1443  1443 V SystemServerTiming: OnBootPhase_480_com.android.server.print.PrintManagerService took to complete: 0ms
07-10 01:07:08.102  1443  1443 D SystemServerTiming: OnBootPhase_480_com.android.server.security.AttestationVerificationManagerService
07-10 01:07:08.102  1443  1443 V SystemServerTiming: OnBootPhase_480_com.android.server.security.AttestationVerificationManagerService took to complete: 0ms
07-10 01:07:08.102  1443  1443 D SystemServerTiming: OnBootPhase_480_com.android.server.companion.CompanionDeviceManagerService
07-10 01:07:08.102  1443  1443 V SystemServerTiming: OnBootPhase_480_com.android.server.companion.CompanionDeviceManagerService took to complete: 0ms
07-10 01:07:08.102  1443  1443 D SystemServerTiming: OnBootPhase_480_com.android.server.companion.virtual.VirtualDeviceManagerService
07-10 01:07:08.102  1443  1443 V SystemServerTiming: OnBootPhase_480_com.android.server.companion.virtual.VirtualDeviceManagerService took to complete: 0ms
07-10 01:07:08.102  1443  1443 D SystemServerTiming: OnBootPhase_480_com.android.server.restrictions.RestrictionsManagerService
07-10 01:07:08.102  1443  1443 V SystemServerTiming: OnBootPhase_480_com.android.server.restrictions.RestrictionsManagerService took to complete: 0ms
07-10 01:07:08.102  1443  1443 D SystemServerTiming: OnBootPhase_480_com.android.server.media.MediaSessionService
07-10 01:07:08.102  1443  1443 V SystemServerTiming: OnBootPhase_480_com.android.server.media.MediaSessionService took to complete: 0ms
07-10 01:07:08.102  1443  1443 D SystemServerTiming: OnBootPhase_480_com.android.server.media.MediaResourceMonitorService
07-10 01:07:08.102  1443  1443 V SystemServerTiming: OnBootPhase_480_com.android.server.media.MediaResourceMonitorService took to complete: 0ms
07-10 01:07:08.102  1443  1443 D SystemServerTiming: OnBootPhase_480_com.android.server.biometrics.sensors.fingerprint.FingerprintService
07-10 01:07:08.102  1443  1443 V SystemServerTiming: OnBootPhase_480_com.android.server.biometrics.sensors.fingerprint.FingerprintService took to complete: 0ms
07-10 01:07:08.102  1443  1443 D SystemServerTiming: OnBootPhase_480_com.android.server.biometrics.BiometricService
07-10 01:07:08.102  1443  1443 V SystemServerTiming: OnBootPhase_480_com.android.server.biometrics.BiometricService took to complete: 0ms
07-10 01:07:08.102  1443  1443 D SystemServerTiming: OnBootPhase_480_com.android.server.biometrics.AuthService
07-10 01:07:08.102  1443  1443 V SystemServerTiming: OnBootPhase_480_com.android.server.biometrics.AuthService took to complete: 0ms
07-10 01:07:08.102  1443  1443 D SystemServerTiming: OnBootPhase_480_com.android.server.security.authenticationpolicy.SecureLockDeviceService$Lifecycle
07-10 01:07:08.102  1443  1443 D SecureLockDeviceService: onLockSettingsReady()
07-10 01:07:08.102  1443  1443 V SystemServerTiming: OnBootPhase_480_com.android.server.security.authenticationpolicy.SecureLockDeviceService$Lifecycle took to complete: 0ms
07-10 01:07:08.102  1443  1443 D SystemServerTiming: OnBootPhase_480_com.android.server.security.authenticationpolicy.AuthenticationPolicyService
07-10 01:07:08.102  1443  1443 V SystemServerTiming: OnBootPhase_480_com.android.server.security.authenticationpolicy.AuthenticationPolicyService took to complete: 0ms
07-10 01:07:08.102  1443  1443 D SystemServerTiming: OnBootPhase_480_com.android.server.pm.ShortcutService$Lifecycle
07-10 01:07:08.106  1443  1443 V SystemServerTiming: OnBootPhase_480_com.android.server.pm.ShortcutService$Lifecycle took to complete: 4ms
07-10 01:07:08.106  1443  1443 D SystemServerTiming: OnBootPhase_480_com.android.server.pm.LauncherAppsService
07-10 01:07:08.106  1443  1443 V SystemServerTiming: OnBootPhase_480_com.android.server.pm.LauncherAppsService took to complete: 0ms
07-10 01:07:08.106  1443  1443 D SystemServerTiming: OnBootPhase_480_com.android.server.pm.CrossProfileAppsService
07-10 01:07:08.106  1443  1443 V SystemServerTiming: OnBootPhase_480_com.android.server.pm.CrossProfileAppsService took to complete: 0ms
07-10 01:07:08.106  1443  1443 D SystemServerTiming: OnBootPhase_480_com.android.server.people.PeopleService
07-10 01:07:08.106  1443  1443 V SystemServerTiming: OnBootPhase_480_com.android.server.people.PeopleService took to complete: 0ms
07-10 01:07:08.106  1443  1443 D SystemServerTiming: OnBootPhase_480_com.android.server.media.metrics.MediaMetricsManagerService
07-10 01:07:08.106  1443  1443 V SystemServerTiming: OnBootPhase_480_com.android.server.media.metrics.MediaMetricsManagerService took to complete: 0ms
07-10 01:07:08.106  1443  1443 D SystemServerTiming: OnBootPhase_480_com.android.server.pm.BackgroundInstallControlService
07-10 01:07:08.106  1443  1443 V SystemServerTiming: OnBootPhase_480_com.android.server.pm.BackgroundInstallControlService took to complete: 0ms
07-10 01:07:08.106  1443  1443 D SystemServerTiming: OnBootPhase_480_com.android.server.media.projection.MediaProjectionManagerService
07-10 01:07:08.106  1443  1443 V SystemServerTiming: OnBootPhase_480_com.android.server.media.projection.MediaProjectionManagerService took to complete: 0ms
07-10 01:07:08.106  1443  1443 D SystemServerTiming: OnBootPhase_480_com.android.server.slice.SliceManagerService$Lifecycle
07-10 01:07:08.106  1443  1443 V SystemServerTiming: OnBootPhase_480_com.android.server.slice.SliceManagerService$Lifecycle took to complete: 0ms
07-10 01:07:08.106  1443  1443 D SystemServerTiming: OnBootPhase_480_com.android.server.stats.StatsCompanion$Lifecycle
07-10 01:07:08.106  1443  1443 V SystemServerTiming: OnBootPhase_480_com.android.server.stats.StatsCompanion$Lifecycle took to complete: 0ms
07-10 01:07:08.106  1443  1443 D SystemServerTiming: OnBootPhase_480_com.android.server.scheduling.RebootReadinessManagerService$Lifecycle
07-10 01:07:08.106  1443  1443 V SystemServerTiming: OnBootPhase_480_com.android.server.scheduling.RebootReadinessManagerService$Lifecycle took to complete: 0ms
07-10 01:07:08.106  1443  1443 D SystemServerTiming: OnBootPhase_480_com.android.server.stats.pull.StatsPullAtomService
07-10 01:07:08.106  1443  1443 V SystemServerTiming: OnBootPhase_480_com.android.server.stats.pull.StatsPullAtomService took to complete: 0ms
07-10 01:07:08.106  1443  1443 D SystemServerTiming: OnBootPhase_480_com.android.server.stats.bootstrap.StatsBootstrapAtomService$Lifecycle
07-10 01:07:08.106  1443  1443 V SystemServerTiming: OnBootPhase_480_com.android.server.stats.bootstrap.StatsBootstrapAtomService$Lifecycle took to complete: 0ms
07-10 01:07:08.106  1443  1443 D SystemServerTiming: OnBootPhase_480_com.android.server.incident.IncidentCompanionService
07-10 01:07:08.106  1443  1443 V SystemServerTiming: OnBootPhase_480_com.android.server.incident.IncidentCompanionService took to complete: 0ms
07-10 01:07:08.106  1443  1443 D SystemServerTiming: OnBootPhase_480_com.android.server.sdksandbox.SdkSandboxManagerService$Lifecycle
07-10 01:07:08.106  1443  1443 V SystemServerTiming: OnBootPhase_480_com.android.server.sdksandbox.SdkSandboxManagerService$Lifecycle took to complete: 0ms
07-10 01:07:08.106  1443  1443 D SystemServerTiming: OnBootPhase_480_com.android.server.adservices.AdServicesManagerService$Lifecycle
07-10 01:07:08.106  1443  1443 V SystemServerTiming: OnBootPhase_480_com.android.server.adservices.AdServicesManagerService$Lifecycle took to complete: 0ms
07-10 01:07:08.106  1443  1443 D SystemServerTiming: OnBootPhase_480_com.android.server.ondevicepersonalization.OnDevicePersonalizationSystemService$Lifecycle
07-10 01:07:08.107  1443  1443 V SystemServerTiming: OnBootPhase_480_com.android.server.ondevicepersonalization.OnDevicePersonalizationSystemService$Lifecycle took to complete: 0ms
07-10 01:07:08.107  1443  1443 D SystemServerTiming: OnBootPhase_480_android.os.profiling.ProfilingService$Lifecycle
07-10 01:07:08.107  1443  1443 V SystemServerTiming: OnBootPhase_480_android.os.profiling.ProfilingService$Lifecycle took to complete: 0ms
07-10 01:07:08.107  1443  1443 D SystemServerTiming: OnBootPhase_480_com.android.server.MmsServiceBroker
07-10 01:07:08.107  1443  1443 V SystemServerTiming: OnBootPhase_480_com.android.server.MmsServiceBroker took to complete: 0ms
07-10 01:07:08.107  1443  1443 D SystemServerTiming: OnBootPhase_480_com.android.server.autofill.AutofillManagerService
07-10 01:07:08.107  1443  1443 V SystemServerTiming: OnBootPhase_480_com.android.server.autofill.AutofillManagerService took to complete: 0ms
07-10 01:07:08.107  1443  1443 D SystemServerTiming: OnBootPhase_480_com.android.server.credentials.CredentialManagerService
07-10 01:07:08.107  1443  1443 V SystemServerTiming: OnBootPhase_480_com.android.server.credentials.CredentialManagerService took to complete: 0ms
07-10 01:07:08.107  1443  1443 D SystemServerTiming: OnBootPhase_480_com.android.server.clipboard.ClipboardService
07-10 01:07:08.107  1443  1443 V SystemServerTiming: OnBootPhase_480_com.android.server.clipboard.ClipboardService took to complete: 0ms
07-10 01:07:08.107  1443  1443 D SystemServerTiming: OnBootPhase_480_com.android.server.selectiontoolbar.SelectionToolbarManagerService
07-10 01:07:08.107  1443  1443 V SystemServerTiming: OnBootPhase_480_com.android.server.selectiontoolbar.SelectionToolbarManagerService took to complete: 0ms
07-10 01:07:08.107  1443  1443 D SystemServerTiming: OnBootPhase_480_com.android.server.appbinding.AppBindingService$Lifecycle
07-10 01:07:08.107  1443  1443 V SystemServerTiming: OnBootPhase_480_com.android.server.appbinding.AppBindingService$Lifecycle took to complete: 0ms
07-10 01:07:08.107  1443  1443 D SystemServerTiming: OnBootPhase_480_com.android.server.tracing.TracingServiceProxy
07-10 01:07:08.107  1443  1443 V SystemServerTiming: OnBootPhase_480_com.android.server.tracing.TracingServiceProxy took to complete: 0ms
07-10 01:07:08.107  1443  1443 D SystemServerTiming: OnBootPhase_480_com.android.server.os.instrumentation.DynamicInstrumentationManagerService
07-10 01:07:08.107  1443  1443 V SystemServerTiming: OnBootPhase_480_com.android.server.os.instrumentation.DynamicInstrumentationManagerService took to complete: 0ms
07-10 01:07:08.107  1443  1443 D SystemServerTiming: OnBootPhase_480_org.lineageos.platform.internal.ProfileManagerService
07-10 01:07:08.107  1443  1443 V SystemServerTiming: OnBootPhase_480_org.lineageos.platform.internal.ProfileManagerService took to complete: 0ms
07-10 01:07:08.107  1443  1443 D SystemServerTiming: OnBootPhase_480_org.lineageos.platform.internal.LineageHardwareService
07-10 01:07:08.107  1443  1443 V SystemServerTiming: OnBootPhase_480_org.lineageos.platform.internal.LineageHardwareService took to complete: 0ms
07-10 01:07:08.107  1443  1443 D SystemServerTiming: OnBootPhase_480_org.lineageos.platform.internal.display.LiveDisplayService
07-10 01:07:08.107  1443  1443 V SystemServerTiming: OnBootPhase_480_org.lineageos.platform.internal.display.LiveDisplayService took to complete: 0ms
07-10 01:07:08.107  1443  1443 D SystemServerTiming: OnBootPhase_480_org.lineageos.platform.internal.TrustInterfaceService
07-10 01:07:08.107  1443  1443 V SystemServerTiming: OnBootPhase_480_org.lineageos.platform.internal.TrustInterfaceService took to complete: 0ms
07-10 01:07:08.107  1443  1443 D SystemServerTiming: OnBootPhase_480_org.lineageos.platform.internal.LineageSettingsService
07-10 01:07:08.107  1443  1443 V SystemServerTiming: OnBootPhase_480_org.lineageos.platform.internal.LineageSettingsService took to complete: 0ms
07-10 01:07:08.107  1443  1443 D SystemServerTiming: OnBootPhase_480_org.lineageos.platform.internal.LineageGlobalActionsService
07-10 01:07:08.107  1443  1443 V SystemServerTiming: OnBootPhase_480_org.lineageos.platform.internal.LineageGlobalActionsService took to complete: 0ms
07-10 01:07:08.107  1443  1443 D SystemServerTiming: OnBootPhase_480_org.lineageos.platform.internal.health.HealthInterfaceService
07-10 01:07:08.107  1443  1443 V SystemServerTiming: OnBootPhase_480_org.lineageos.platform.internal.health.HealthInterfaceService took to complete: 0ms
07-10 01:07:08.107  1443  1443 V SystemServerTiming: OnBootPhase_480 took to complete: 16ms
07-10 01:07:08.107  1443  1443 V SystemServerTiming: StartBootPhaseLockSettingsReady took to complete: 16ms
07-10 01:07:08.108  1443  1443 D SystemServerTiming: CommunalProfileInitializer.removeCommunalProfileIfPresent
07-10 01:07:08.108  1443  1443 V SystemServerTiming: CommunalProfileInitializer.removeCommunalProfileIfPresent took to complete: 0ms
07-10 01:07:08.108  1443  1443 D SystemServerTiming: StartBootPhaseSystemServicesReady
07-10 01:07:08.108  1443  1443 I SystemServiceManager: Starting phase 500
07-10 01:07:08.108  1443  1443 D SystemServerTiming: OnBootPhase_500
07-10 01:07:08.108  1443  1443 D SystemServerTiming: OnBootPhase_500_com.android.server.security.FileIntegrityService
07-10 01:07:08.108  1443  1443 V SystemServerTiming: OnBootPhase_500_com.android.server.security.FileIntegrityService took to complete: 0ms
07-10 01:07:08.108  1443  1443 D SystemServerTiming: OnBootPhase_500_com.android.server.pm.Installer
07-10 01:07:08.108  1443  1443 V SystemServerTiming: OnBootPhase_500_com.android.server.pm.Installer took to complete: 0ms
07-10 01:07:08.108  1443  1443 D SystemServerTiming: OnBootPhase_500_com.android.server.os.DeviceIdentifiersPolicyService
07-10 01:07:08.108  1443  1443 V SystemServerTiming: OnBootPhase_500_com.android.server.os.DeviceIdentifiersPolicyService took to complete: 0ms
07-10 01:07:08.108  1443  1443 D SystemServerTiming: OnBootPhase_500_com.android.server.flags.FeatureFlagsService
07-10 01:07:08.109  1443  1443 V SystemServerTiming: OnBootPhase_500_com.android.server.flags.FeatureFlagsService took to complete: 1ms
07-10 01:07:08.109  1443  1443 D SystemServerTiming: OnBootPhase_500_com.android.server.uri.UriGrantsManagerService$Lifecycle
07-10 01:07:08.109  1443  1443 V SystemServerTiming: OnBootPhase_500_com.android.server.uri.UriGrantsManagerService$Lifecycle took to complete: 0ms
07-10 01:07:08.109  1443  1443 D SystemServerTiming: OnBootPhase_500_com.android.server.powerstats.PowerStatsService
07-10 01:07:08.109  1443  1443 E StatsPullAtomCallbackImpl: Failed to start PowerStatsService statsd pullers
07-10 01:07:08.111  1443  1443 V SystemServerTiming: OnBootPhase_500_com.android.server.powerstats.PowerStatsService took to complete: 2ms
07-10 01:07:08.112  1443  1443 D SystemServerTiming: OnBootPhase_500_com.android.server.permission.access.AccessCheckingService
07-10 01:07:08.112  1443  1443 V SystemServerTiming: OnBootPhase_500_com.android.server.permission.access.AccessCheckingService took to complete: 0ms
07-10 01:07:08.112  1443  1443 D SystemServerTiming: OnBootPhase_500_com.android.server.wm.ActivityTaskManagerService$Lifecycle
07-10 01:07:08.112  1443  1443 V SystemServerTiming: OnBootPhase_500_com.android.server.wm.ActivityTaskManagerService$Lifecycle took to complete: 0ms
07-10 01:07:08.112  1443  1443 D SystemServerTiming: OnBootPhase_500_com.android.server.am.ActivityManagerService$Lifecycle
07-10 01:07:08.113  1443  1443 W BatteryStatsImpl: Unexpected per uid modem model name ()
07-10 01:07:08.115  1443  1443 E BatteryStatsService: Could not register PowerStatsInternal
07-10 01:07:08.118  1443  1443 V SystemServerTiming: OnBootPhase_500_com.android.server.am.ActivityManagerService$Lifecycle took to complete: 6ms
07-10 01:07:08.118  1443  1443 D SystemServerTiming: OnBootPhase_500_com.android.server.pm.DataLoaderManagerService
07-10 01:07:08.118  1443  1443 V SystemServerTiming: OnBootPhase_500_com.android.server.pm.DataLoaderManagerService took to complete: 0ms
07-10 01:07:08.118  1443  1443 D SystemServerTiming: OnBootPhase_500_com.android.server.power.PowerManagerService
07-10 01:07:08.120  1443  1443 I AttentionDetector: readValuesFromDeviceConfig():
07-10 01:07:08.120  1443  1443 I AttentionDetector: mMaximumExtensionMillis=900000
07-10 01:07:08.120  1443  1443 I AttentionDetector: mPreDimCheckDurationMillis=2000
07-10 01:07:08.120  1443  1443 I AttentionDetector: mRequestedPostDimTimeoutMillis=0
07-10 01:07:08.128  1443  1443 E DisplayPowerController[0]: failed to set up display white-balance: java.lang.IllegalStateException: cannot find sensor com.google.sensor.color
07-10 01:07:08.128  1443  1443 W DisplayPowerController[0]: Screen brightness nits configuration is unavailable; falling back
07-10 01:07:08.128  1443  1487 W BatteryExternalStatsWorker: error reading Bluetooth stats: 9
07-10 01:07:08.129  1443  1487 W BatteryExternalStatsWorker: error reading modem stats:ERROR_PHONE_NOT_AVAILABLE
07-10 01:07:08.132  1443  1487 W KernelCpuUidFreqTimeBpfMapReader: Failed to start tracking
07-10 01:07:08.132  1443  1487 W KernelCpuProcStringReader: File not found. It's normal if not implemented: /proc/uid_time_in_state
07-10 01:07:08.132  1443  1487 W KernelCpuUidActiveTimeBpfMapReader: Failed to start tracking
07-10 01:07:08.132  1443  1487 W KernelCpuProcStringReader: File not found. It's normal if not implemented: /proc/uid_concurrent_active_time
07-10 01:07:08.132  1443  1487 W KernelCpuUidClusterTimeBpfMapReader: Failed to start tracking
07-10 01:07:08.132  1443  1487 W KernelCpuProcStringReader: File not found. It's normal if not implemented: /proc/uid_concurrent_policy_time
07-10 01:07:08.133  1443  1443 W ScreenTimeoutOverridePolicy: Screen timeout override is smaller than the minimum timeout : -1
07-10 01:07:08.137  1443  1443 I FaceDownDetector: readValuesFromDeviceConfig():
07-10 01:07:08.137  1443  1443 I FaceDownDetector: mAccelerationThreshold=0.2
07-10 01:07:08.137  1443  1443 I FaceDownDetector: mZAccelerationThreshold=-9.5
07-10 01:07:08.137  1443  1443 I FaceDownDetector: mTimeThreshold=PT1S
07-10 01:07:08.137  1443  1443 I FaceDownDetector: mIsEnabled=true
07-10 01:07:08.137  1443  1443 I ScreenUndimDetector: readValuesFromDeviceConfig():
07-10 01:07:08.137  1443  1443 I ScreenUndimDetector: mKeepScreenOnForMillis=300000
07-10 01:07:08.137  1443  1443 I ScreenUndimDetector: mKeepScreenOnEnabled=false
07-10 01:07:08.137  1443  1443 I ScreenUndimDetector: mUndimsRequired=2
07-10 01:07:08.137  1443  1443 I ScreenUndimDetector: mMaxDurationBetweenUndimsMillis=600000
07-10 01:07:08.139  1443  1443 V SystemServerTiming: OnBootPhase_500_com.android.server.power.PowerManagerService took to complete: 21ms
07-10 01:07:08.139  1443  1443 D SystemServerTiming: OnBootPhase_500_com.android.server.power.thermal.ThermalManagerService
07-10 01:07:08.139  1443  1443 V SystemServerTiming: OnBootPhase_500_com.android.server.power.thermal.ThermalManagerService took to complete: 0ms
07-10 01:07:08.139  1443  1443 D SystemServerTiming: OnBootPhase_500_com.android.server.recoverysystem.RecoverySystemService$Lifecycle
07-10 01:07:08.139  1443  1443 V SystemServerTiming: OnBootPhase_500_com.android.server.recoverysystem.RecoverySystemService$Lifecycle took to complete: 0ms
07-10 01:07:08.139  1443  1443 D SystemServerTiming: OnBootPhase_500_com.android.server.lights.LightsService
07-10 01:07:08.139  1443  1443 V SystemServerTiming: OnBootPhase_500_com.android.server.lights.LightsService took to complete: 0ms
07-10 01:07:08.139  1443  1499 D WindowManager: Remove SleepToken: tag=Display-off, displayId=0
07-10 01:07:08.140  1443  1443 D SystemServerTiming: OnBootPhase_500_com.android.server.display.DisplayManagerService
07-10 01:07:08.140  1443  1443 V SystemServerTiming: OnBootPhase_500_com.android.server.display.DisplayManagerService took to complete: 0ms
07-10 01:07:08.140  1443  1443 D SystemServerTiming: OnBootPhase_500_com.android.server.pm.verify.domain.DomainVerificationService
07-10 01:07:08.140  1443  1443 V SystemServerTiming: OnBootPhase_500_com.android.server.pm.verify.domain.DomainVerificationService took to complete: 0ms
07-10 01:07:08.140  1443  1443 D SystemServerTiming: OnBootPhase_500_com.android.server.pm.PackageInstallerService$Lifecycle
07-10 01:07:08.140  1443  1443 V SystemServerTiming: OnBootPhase_500_com.android.server.pm.PackageInstallerService$Lifecycle took to complete: 0ms
07-10 01:07:08.140  1443  1443 D SystemServerTiming: OnBootPhase_500_com.android.server.pm.UserManagerService$LifeCycle
07-10 01:07:08.140  1443  1443 V SystemServerTiming: OnBootPhase_500_com.android.server.pm.UserManagerService$LifeCycle took to complete: 0ms
07-10 01:07:08.140  1443  1443 D SystemServerTiming: OnBootPhase_500_com.android.server.om.OverlayManagerService
07-10 01:07:08.140  1443  1443 V SystemServerTiming: OnBootPhase_500_com.android.server.om.OverlayManagerService took to complete: 0ms
07-10 01:07:08.140  1443  1443 D SystemServerTiming: OnBootPhase_500_com.android.server.resources.ResourcesManagerService
07-10 01:07:08.140  1443  1443 V SystemServerTiming: OnBootPhase_500_com.android.server.resources.ResourcesManagerService took to complete: 0ms
07-10 01:07:08.140  1443  1443 D SystemServerTiming: OnBootPhase_500_com.android.server.sensorprivacy.SensorPrivacyService
07-10 01:07:08.140  1443  1499 D WindowManager: Remove non-existent sleep token: Display-off from com.android.server.wm.DisplayPolicy.screenTurningOn:901 com.android.server.policy.PhoneWindowManager.screenTurningOn:6417 com.android.server.display.DisplayPowerController.setScreenState:2297 com.android.server.display.DisplayPowerController.setScreenState:2211 com.android.server.display.DisplayPowerController.animateScreenStateChange:2414 com.android.server.display.DisplayPowerController.updatePowerStateInternal:1391 
07-10 01:07:08.140  1443  1499 W KeyguardServiceDelegate: onScreenTurningOn(): no keyguard service!
07-10 01:07:08.140  1443  1499 I DisplayPowerController: Window Manager Policy screenTurningOn complete
07-10 01:07:08.141  1443  1499 I DisplayBrightnessStrategySelector: Changing the DisplayBrightnessStrategy from InvalidBrightnessStrategy to OverrideBrightnessStrategy for display 0
07-10 01:07:08.143  1443  1443 V SystemServerTiming: OnBootPhase_500_com.android.server.sensorprivacy.SensorPrivacyService took to complete: 3ms
07-10 01:07:08.143  1443  1443 D SystemServerTiming: OnBootPhase_500_com.android.server.sensors.SensorService
07-10 01:07:08.143  1443  1443 V SystemServerTiming: OnBootPhase_500_com.android.server.sensors.SensorService took to complete: 0ms
07-10 01:07:08.143  1443  1443 D SystemServerTiming: OnBootPhase_500_com.android.server.SystemConfigService
07-10 01:07:08.143  1443  1443 V SystemServerTiming: OnBootPhase_500_com.android.server.SystemConfigService took to complete: 0ms
07-10 01:07:08.143  1443  1443 D SystemServerTiming: OnBootPhase_500_com.android.server.BatteryService
07-10 01:07:08.143  1443  1443 V SystemServerTiming: OnBootPhase_500_com.android.server.BatteryService took to complete: 0ms
07-10 01:07:08.143  1443  1443 D SystemServerTiming: OnBootPhase_500_com.android.server.usage.UsageStatsService
07-10 01:07:08.143  1443  1499 V DisplayPowerController[0]: Brightness [0.4] reason changing to: 'override(boot)', previous reason: '0'.
07-10 01:07:08.143  1443  1443 D AppStandbyController: Setting app idle enabled state
07-10 01:07:08.144  1443  1499 I DisplayPowerController[0]: BrightnessEvent: brt=0.4(83.0%), nits=-1.0, lux=-1.0, reason=override(boot), strat=OverrideBrightnessStrategy, state=ON, stateReason=DEFAULT_POLICY, policy=BRIGHT, flags=, initBrt=NaN, rcmdBrt=NaN, preBrt=NaN, preLux=0.0, wasShortTermModelActive=false, autoBrightness=false (default), unclampedBrt=0.4, hbmMax=1.0, hbmMode=off, thrmMax=1.0, rbcStrength=0, powerFactor=1.0, physDisp=Built-in Screen(local:0), logicalId=0, slowChange=false, rampSpeed=0.70472443
07-10 01:07:08.145  1443  1476 I AppWidgetServiceImpl: getInstalledProvidersForProfiles() 0
07-10 01:07:08.145  1443  1470 I DisplayDeviceRepository: Display device changed state: "Built-in Screen", ON
07-10 01:07:08.147  1443  1468 D WindowManager: DeferredDisplayUpdater: applying DisplayInfo(1080 x 2436) immediately
07-10 01:07:08.147  1443  1499 D BrightnessThermalClamper: Thermal status observer already started
07-10 01:07:08.150  1443  1443 V SystemServerTiming: OnBootPhase_500_com.android.server.usage.UsageStatsService took to complete: 7ms
07-10 01:07:08.150  1443  1443 D SystemServerTiming: OnBootPhase_500_com.android.server.webkit.WebViewUpdateService
07-10 01:07:08.150  1443  1443 V SystemServerTiming: OnBootPhase_500_com.android.server.webkit.WebViewUpdateService took to complete: 0ms
07-10 01:07:08.150  1443  1443 D SystemServerTiming: OnBootPhase_500_com.android.server.CachedDeviceStateService
07-10 01:07:08.150  1443  1443 V SystemServerTiming: OnBootPhase_500_com.android.server.CachedDeviceStateService took to complete: 0ms
07-10 01:07:08.150  1443  1443 D SystemServerTiming: OnBootPhase_500_com.android.server.BinderCallsStatsService$LifeCycle
07-10 01:07:08.154  1443  1686 I LocalDisplayAdapter: SF.setDisplayPowerMode took 9ms
07-10 01:07:08.159  1443  1443 I NativeBinderStats: Native binder stats settings changed: false, 50, 10, 20, 10,  50, 100
07-10 01:07:08.159  1443  1443 V SystemServerTiming: OnBootPhase_500_com.android.server.BinderCallsStatsService$LifeCycle took to complete: 9ms
07-10 01:07:08.159  1443  1443 D SystemServerTiming: OnBootPhase_500_com.android.server.LooperStatsService$Lifecycle
07-10 01:07:08.160  1443  1443 V SystemServerTiming: OnBootPhase_500_com.android.server.LooperStatsService$Lifecycle took to complete: 0ms
07-10 01:07:08.160  1443  1443 D SystemServerTiming: OnBootPhase_500_com.android.server.rollback.RollbackManagerService
07-10 01:07:08.160  1443  1443 V SystemServerTiming: OnBootPhase_500_com.android.server.rollback.RollbackManagerService took to complete: 0ms
07-10 01:07:08.160  1443  1443 D SystemServerTiming: OnBootPhase_500_com.android.server.os.NativeTombstoneManagerService
07-10 01:07:08.160  1443  1443 V SystemServerTiming: OnBootPhase_500_com.android.server.os.NativeTombstoneManagerService took to complete: 0ms
07-10 01:07:08.160  1443  1443 D SystemServerTiming: OnBootPhase_500_com.android.server.os.BugreportManagerService
07-10 01:07:08.160  1443  1443 V SystemServerTiming: OnBootPhase_500_com.android.server.os.BugreportManagerService took to complete: 0ms
07-10 01:07:08.160  1443  1443 D SystemServerTiming: OnBootPhase_500_com.android.server.gpu.GpuService
07-10 01:07:08.160  1443  1443 V SystemServerTiming: OnBootPhase_500_com.android.server.gpu.GpuService took to complete: 0ms
07-10 01:07:08.160  1443  1443 D SystemServerTiming: OnBootPhase_500_com.android.server.security.rkp.RemoteProvisioningService
07-10 01:07:08.160  1443  1443 V SystemServerTiming: OnBootPhase_500_com.android.server.security.rkp.RemoteProvisioningService took to complete: 0ms
07-10 01:07:08.160  1443  1443 D SystemServerTiming: OnBootPhase_500_com.android.server.cpu.CpuMonitorService
07-10 01:07:08.160  1443  1443 V SystemServerTiming: OnBootPhase_500_com.android.server.cpu.CpuMonitorService took to complete: 0ms
07-10 01:07:08.160  1443  1443 D SystemServerTiming: OnBootPhase_500_com.android.server.security.KeyChainSystemService
07-10 01:07:08.160  1443  1443 V SystemServerTiming: OnBootPhase_500_com.android.server.security.KeyChainSystemService took to complete: 0ms
07-10 01:07:08.160  1443  1443 D SystemServerTiming: OnBootPhase_500_com.android.server.BinaryTransparencyService
07-10 01:07:08.160  1443  1443 V SystemServerTiming: OnBootPhase_500_com.android.server.BinaryTransparencyService took to complete: 0ms
07-10 01:07:08.160  1443  1443 D SystemServerTiming: OnBootPhase_500_com.android.server.telecom.TelecomLoaderService
07-10 01:07:08.160  1443  1443 V SystemServerTiming: OnBootPhase_500_com.android.server.telecom.TelecomLoaderService took to complete: 0ms
07-10 01:07:08.160  1443  1443 D SystemServerTiming: OnBootPhase_500_com.android.server.accounts.AccountManagerService$Lifecycle
07-10 01:07:08.160  1443  1443 V SystemServerTiming: OnBootPhase_500_com.android.server.accounts.AccountManagerService$Lifecycle took to complete: 0ms
07-10 01:07:08.160  1443  1443 D SystemServerTiming: OnBootPhase_500_com.android.server.content.ContentService$Lifecycle
07-10 01:07:08.160  1443  1443 V SystemServerTiming: OnBootPhase_500_com.android.server.content.ContentService$Lifecycle took to complete: 0ms
07-10 01:07:08.160  1443  1443 D SystemServerTiming: OnBootPhase_500_com.android.server.deviceconfig.DeviceConfigInit$Lifecycle
07-10 01:07:08.160  1443  1443 V SystemServerTiming: OnBootPhase_500_com.android.server.deviceconfig.DeviceConfigInit$Lifecycle took to complete: 0ms
07-10 01:07:08.160  1443  1443 D SystemServerTiming: OnBootPhase_500_com.android.server.DropBoxManagerService
07-10 01:07:08.160  1443  1443 V SystemServerTiming: OnBootPhase_500_com.android.server.DropBoxManagerService took to complete: 0ms
07-10 01:07:08.160  1443  1443 D SystemServerTiming: OnBootPhase_500_com.android.ecm.EnhancedConfirmationService
07-10 01:07:08.160  1443  1443 V SystemServerTiming: OnBootPhase_500_com.android.ecm.EnhancedConfirmationService took to complete: 0ms
07-10 01:07:08.160  1443  1443 D SystemServerTiming: OnBootPhase_500_com.android.server.power.hint.HintManagerService
07-10 01:07:08.160  1443  1443 V HintManagerService: Initializing HintManager service...
07-10 01:07:08.161  1443  1443 V SystemServerTiming: OnBootPhase_500_com.android.server.power.hint.HintManagerService took to complete: 0ms
07-10 01:07:08.161  1443  1443 D SystemServerTiming: OnBootPhase_500_com.android.role.RoleService
07-10 01:07:08.161  1443  1443 V SystemServerTiming: OnBootPhase_500_com.android.role.RoleService took to complete: 0ms
07-10 01:07:08.161  1443  1443 D SystemServerTiming: OnBootPhase_500_com.android.server.supervision.SupervisionService$Lifecycle
07-10 01:07:08.161  1443  1443 V SystemServerTiming: OnBootPhase_500_com.android.server.supervision.SupervisionService$Lifecycle took to complete: 0ms
07-10 01:07:08.161  1443  1443 D SystemServerTiming: OnBootPhase_500_com.android.server.vibrator.VibratorManagerService$Lifecycle
07-10 01:07:08.161  1443  1443 V VibratorManagerService: Initializing VibratorManager service...
07-10 01:07:08.419  1443  1443 V VibratorManagerService: VibratorManager service initialized
07-10 01:07:08.419  1443  1443 W SystemServiceManager: Service com.android.server.vibrator.VibratorManagerService$Lifecycle took 258 ms in onBootPhase
07-10 01:07:08.419  1443  1443 V SystemServerTiming: OnBootPhase_500_com.android.server.vibrator.VibratorManagerService$Lifecycle took to complete: 258ms
07-10 01:07:08.419  1443  1443 D SystemServerTiming: OnBootPhase_500_com.android.server.alarm.AlarmManagerService
07-10 01:07:08.437  1443  1487 W KernelMemoryBandwidthStats: No kernel memory bandwidth stats available
07-10 01:07:08.440  1443  1443 V SystemServerTiming: OnBootPhase_500_com.android.server.alarm.AlarmManagerService took to complete: 20ms
07-10 01:07:08.440  1443  1443 D SystemServerTiming: OnBootPhase_500_com.android.server.input.InputManagerService$Lifecycle
07-10 01:07:08.440  1443  1443 V SystemServerTiming: OnBootPhase_500_com.android.server.input.InputManagerService$Lifecycle took to complete: 0ms
07-10 01:07:08.440  1443  1443 D SystemServerTiming: OnBootPhase_500_com.android.server.devicestate.DeviceStateManagerService
07-10 01:07:08.440  1443  1443 V SystemServerTiming: OnBootPhase_500_com.android.server.devicestate.DeviceStateManagerService took to complete: 0ms
07-10 01:07:08.440  1443  1443 D SystemServerTiming: OnBootPhase_500_com.android.server.camera.CameraServiceProxy
07-10 01:07:08.440  1443  1443 V SystemServerTiming: OnBootPhase_500_com.android.server.camera.CameraServiceProxy took to complete: 0ms
07-10 01:07:08.440  1443  1443 D SystemServerTiming: OnBootPhase_500_com.android.server.bluetooth.BluetoothService
07-10 01:07:08.440  1443  1443 V SystemServerTiming: OnBootPhase_500_com.android.server.bluetooth.BluetoothService took to complete: 0ms
07-10 01:07:08.440  1443  1443 D SystemServerTiming: OnBootPhase_500_com.android.server.connectivity.IpConnectivityMetrics
07-10 01:07:08.442  1443  1443 V SystemServerTiming: OnBootPhase_500_com.android.server.connectivity.IpConnectivityMetrics took to complete: 2ms
07-10 01:07:08.442  1443  1443 D SystemServerTiming: OnBootPhase_500_com.android.server.net.watchlist.NetworkWatchlistService$Lifecycle
07-10 01:07:08.442  1443  1443 V SystemServerTiming: OnBootPhase_500_com.android.server.net.watchlist.NetworkWatchlistService$Lifecycle took to complete: 0ms
07-10 01:07:08.442  1443  1443 D SystemServerTiming: OnBootPhase_500_com.android.server.pinner.PinnerService
07-10 01:07:08.442  1443  1443 V SystemServerTiming: OnBootPhase_500_com.android.server.pinner.PinnerService took to complete: 0ms
07-10 01:07:08.442  1443  1443 D SystemServerTiming: OnBootPhase_500_com.android.server.integrity.AppIntegrityManagerService
07-10 01:07:08.442  1443  1443 V SystemServerTiming: OnBootPhase_500_com.android.server.integrity.AppIntegrityManagerService took to complete: 0ms
07-10 01:07:08.442  1443  1443 D SystemServerTiming: OnBootPhase_500_com.android.server.logcat.LogcatManagerService
07-10 01:07:08.442  1443  1443 V SystemServerTiming: OnBootPhase_500_com.android.server.logcat.LogcatManagerService took to complete: 0ms
07-10 01:07:08.442  1443  1443 D SystemServerTiming: OnBootPhase_500_com.android.server.security.intrusiondetection.IntrusionDetectionService
07-10 01:07:08.442  1443  1443 V SystemServerTiming: OnBootPhase_500_com.android.server.security.intrusiondetection.IntrusionDetectionService took to complete: 0ms
07-10 01:07:08.442  1443  1443 D SystemServerTiming: OnBootPhase_500_com.android.server.appfunctions.AppFunctionManagerService
07-10 01:07:08.442  1443  1443 V SystemServerTiming: OnBootPhase_500_com.android.server.appfunctions.AppFunctionManagerService took to complete: 0ms
07-10 01:07:08.442  1443  1443 D SystemServerTiming: OnBootPhase_500_com.android.server.security.advancedprotection.AdvancedProtectionService$Lifecycle
07-10 01:07:08.442  1443  1443 D AdvancedProtectionDisallowInstallUnknown: Clearing DISALLOW_INSTALL_UNKNOWN_SOURCES_GLOBALLY restriction
07-10 01:07:08.444  1443  1443 I DevicePolicyManager: Changing user restriction no_install_unknown_sources_globally on all users to: false caller: CallerIdentity[uid=1000]
07-10 01:07:08.444  1443  1443 I AdvancedProtectionMTE: MTE unavailable on device, skipping.
07-10 01:07:08.444  1443  1443 D AdvancedProtectionDisallowCellular2G: Clearing DISALLOW_CELLULAR_2G_GLOBALLY restriction
07-10 01:07:08.446  1443  1443 I DevicePolicyManager: Changing user restriction no_cellular_2g on all users to: false caller: CallerIdentity[uid=1000]
07-10 01:07:08.447  1443  1443 I UsbPortManager: USB HAL AIDL version: USB_HAL_V2_0
07-10 01:07:08.447  1443  1443 I AdvancedProtectionUsb: USB_HAL_VERSION: 20
07-10 01:07:08.447  1443  1443 I UsbPortManager: USB HAL AIDL version: USB_HAL_V2_0
07-10 01:07:08.447  1443  1443 D AdvancedProtectionUsb: USB data protection is disabled through system property
07-10 01:07:08.447  1443  1443 I AdvancedProtectionUsb: onAdvancedProtectionChanged: false
07-10 01:07:08.447  1443  1443 D AdvancedProtectionUsb: Setting USB data: true
07-10 01:07:08.447  1443  1443 D AdvancedProtectionUsb: Successfully set USB data
07-10 01:07:08.447  1443  1443 V SystemServerTiming: OnBootPhase_500_com.android.server.security.advancedprotection.AdvancedProtectionService$Lifecycle took to complete: 5ms
07-10 01:07:08.447  1443  1443 D SystemServerTiming: OnBootPhase_500_com.android.server.TradeInModeService
07-10 01:07:08.448  1443  1443 V SystemServerTiming: OnBootPhase_500_com.android.server.TradeInModeService took to complete: 0ms
07-10 01:07:08.448  1443  1443 D SystemServerTiming: OnBootPhase_500_com.android.server.inputmethod.InputMethodManagerService$Lifecycle
07-10 01:07:08.448  1443  1443 V SystemServerTiming: OnBootPhase_500_com.android.server.inputmethod.InputMethodManagerService$Lifecycle took to complete: 0ms
07-10 01:07:08.448  1443  1443 D SystemServerTiming: OnBootPhase_500_com.android.server.accessibility.AccessibilityManagerService$Lifecycle
07-10 01:07:08.448  1443  1443 V SystemServerTiming: OnBootPhase_500_com.android.server.accessibility.AccessibilityManagerService$Lifecycle took to complete: 0ms
07-10 01:07:08.448  1443  1443 D SystemServerTiming: OnBootPhase_500_com.android.server.StorageManagerService$Lifecycle
07-10 01:07:08.448  1443  1443 V SystemServerTiming: OnBootPhase_500_com.android.server.StorageManagerService$Lifecycle took to complete: 0ms
07-10 01:07:08.448  1443  1443 D SystemServerTiming: OnBootPhase_500_com.android.server.usage.StorageStatsService$Lifecycle
07-10 01:07:08.448  1443  1443 V SystemServerTiming: OnBootPhase_500_com.android.server.usage.StorageStatsService$Lifecycle took to complete: 0ms
07-10 01:07:08.448  1443  1443 D SystemServerTiming: OnBootPhase_500_com.android.server.UiModeManagerService
07-10 01:07:08.450  1443  1443 I ActivityTaskManager: Config changes=200 {1.0 ?mcc0mnc [en_US] ldltr sw393dp w393dp h886dp 440dpi nrml long compactNeeded port night finger -keyb/v/h -nav/h winConfig={ mBounds=Rect(0, 0 - 1080, 2436) mAppBounds=Rect(0, 0 - 1080, 2436) mMaxBounds=Rect(0, 0 - 1080, 2436) mDisplayRotation=ROTATION_0 mWindowingMode=fullscreen mActivityType=undefined mAlwaysOnTop=undefined mRotation=ROTATION_0} s.4 ?fontWeightAdjustment}
