07-10 01:07:09.069  1443  1443 V SystemServerTiming: OnBootPhase_600_com.android.server.rollback.RollbackManagerService took to complete: 0ms
07-10 01:07:09.069  1443  1443 D SystemServerTiming: OnBootPhase_600_com.android.server.os.NativeTombstoneManagerService
07-10 01:07:09.069  1443  1443 V SystemServerTiming: OnBootPhase_600_com.android.server.os.NativeTombstoneManagerService took to complete: 0ms
07-10 01:07:09.069  1443  1443 D SystemServerTiming: OnBootPhase_600_com.android.server.os.BugreportManagerService
07-10 01:07:09.069  1443  1443 V SystemServerTiming: OnBootPhase_600_com.android.server.os.BugreportManagerService took to complete: 0ms
07-10 01:07:09.069  1443  1443 D SystemServerTiming: OnBootPhase_600_com.android.server.gpu.GpuService
07-10 01:07:09.069  1443  1443 V SystemServerTiming: OnBootPhase_600_com.android.server.gpu.GpuService took to complete: 0ms
07-10 01:07:09.069  1443  1443 D SystemServerTiming: OnBootPhase_600_com.android.server.security.rkp.RemoteProvisioningService
07-10 01:07:09.069  1443  1443 V SystemServerTiming: OnBootPhase_600_com.android.server.security.rkp.RemoteProvisioningService took to complete: 0ms
07-10 01:07:09.069  1443  1443 D SystemServerTiming: OnBootPhase_600_com.android.server.cpu.CpuMonitorService
07-10 01:07:09.069  1443  1443 V SystemServerTiming: OnBootPhase_600_com.android.server.cpu.CpuMonitorService took to complete: 0ms
07-10 01:07:09.069  1443  1443 D SystemServerTiming: OnBootPhase_600_com.android.server.security.KeyChainSystemService
07-10 01:07:09.069  1443  1443 V SystemServerTiming: OnBootPhase_600_com.android.server.security.KeyChainSystemService took to complete: 0ms
07-10 01:07:09.069  1443  1443 D SystemServerTiming: OnBootPhase_600_com.android.server.BinaryTransparencyService
07-10 01:07:09.069  1443  1443 V SystemServerTiming: OnBootPhase_600_com.android.server.BinaryTransparencyService took to complete: 0ms
07-10 01:07:09.069  1443  1443 D SystemServerTiming: OnBootPhase_600_com.android.server.telecom.TelecomLoaderService
07-10 01:07:09.070  1443  1443 V SystemServerTiming: OnBootPhase_600_com.android.server.telecom.TelecomLoaderService took to complete: 0ms
07-10 01:07:09.070  1443  1443 D SystemServerTiming: OnBootPhase_600_com.android.server.accounts.AccountManagerService$Lifecycle
07-10 01:07:09.070  1443  1443 V SystemServerTiming: OnBootPhase_600_com.android.server.accounts.AccountManagerService$Lifecycle took to complete: 0ms
07-10 01:07:09.070  1443  1443 D SystemServerTiming: OnBootPhase_600_com.android.server.content.ContentService$Lifecycle
07-10 01:07:09.070  1443  1443 V SystemServerTiming: OnBootPhase_600_com.android.server.content.ContentService$Lifecycle took to complete: 0ms
07-10 01:07:09.070  1443  1443 D SystemServerTiming: OnBootPhase_600_com.android.server.deviceconfig.DeviceConfigInit$Lifecycle
07-10 01:07:09.070  1443  1443 V SystemServerTiming: OnBootPhase_600_com.android.server.deviceconfig.DeviceConfigInit$Lifecycle took to complete: 1ms
07-10 01:07:09.070  1443  1443 D SystemServerTiming: OnBootPhase_600_com.android.server.DropBoxManagerService
07-10 01:07:09.070  1443  1443 V SystemServerTiming: OnBootPhase_600_com.android.server.DropBoxManagerService took to complete: 0ms
07-10 01:07:09.070  1443  1443 D SystemServerTiming: OnBootPhase_600_com.android.ecm.EnhancedConfirmationService
07-10 01:07:09.070  1443  1443 V SystemServerTiming: OnBootPhase_600_com.android.ecm.EnhancedConfirmationService took to complete: 0ms
07-10 01:07:09.070  1443  1443 D SystemServerTiming: OnBootPhase_600_com.android.server.power.hint.HintManagerService
07-10 01:07:09.070  1443  1443 V SystemServerTiming: OnBootPhase_600_com.android.server.power.hint.HintManagerService took to complete: 0ms
07-10 01:07:09.070  1443  1443 D SystemServerTiming: OnBootPhase_600_com.android.role.RoleService
07-10 01:07:09.070  1443  1443 V SystemServerTiming: OnBootPhase_600_com.android.role.RoleService took to complete: 0ms
07-10 01:07:09.070  1443  1443 D SystemServerTiming: OnBootPhase_600_com.android.server.supervision.SupervisionService$Lifecycle
07-10 01:07:09.070  1443  1443 V SystemServerTiming: OnBootPhase_600_com.android.server.supervision.SupervisionService$Lifecycle took to complete: 0ms
07-10 01:07:09.070  1443  1443 D SystemServerTiming: OnBootPhase_600_com.android.server.vibrator.VibratorManagerService$Lifecycle
07-10 01:07:09.070  1443  1443 V SystemServerTiming: OnBootPhase_600_com.android.server.vibrator.VibratorManagerService$Lifecycle took to complete: 0ms
07-10 01:07:09.070  1443  1443 D SystemServerTiming: OnBootPhase_600_com.android.server.alarm.AlarmManagerService
07-10 01:07:09.070  1443  1443 V SystemServerTiming: OnBootPhase_600_com.android.server.alarm.AlarmManagerService took to complete: 0ms
07-10 01:07:09.070  1443  1443 D SystemServerTiming: OnBootPhase_600_com.android.server.input.InputManagerService$Lifecycle
07-10 01:07:09.070  1443  1443 V SystemServerTiming: OnBootPhase_600_com.android.server.input.InputManagerService$Lifecycle took to complete: 0ms
07-10 01:07:09.070  1443  1443 D SystemServerTiming: OnBootPhase_600_com.android.server.devicestate.DeviceStateManagerService
07-10 01:07:09.070  1443  1443 V SystemServerTiming: OnBootPhase_600_com.android.server.devicestate.DeviceStateManagerService took to complete: 0ms
07-10 01:07:09.070  1443  1443 D SystemServerTiming: OnBootPhase_600_com.android.server.camera.CameraServiceProxy
07-10 01:07:09.070  1443  1443 V SystemServerTiming: OnBootPhase_600_com.android.server.camera.CameraServiceProxy took to complete: 0ms
07-10 01:07:09.070  1443  1443 D SystemServerTiming: OnBootPhase_600_com.android.server.bluetooth.BluetoothService
07-10 01:07:09.070  1443  1443 V SystemServerTiming: OnBootPhase_600_com.android.server.bluetooth.BluetoothService took to complete: 0ms
07-10 01:07:09.070  1443  1443 D SystemServerTiming: OnBootPhase_600_com.android.server.connectivity.IpConnectivityMetrics
07-10 01:07:09.070  1443  1443 V SystemServerTiming: OnBootPhase_600_com.android.server.connectivity.IpConnectivityMetrics took to complete: 0ms
07-10 01:07:09.070  1443  1443 D SystemServerTiming: OnBootPhase_600_com.android.server.net.watchlist.NetworkWatchlistService$Lifecycle
07-10 01:07:09.070  1443  1443 V SystemServerTiming: OnBootPhase_600_com.android.server.net.watchlist.NetworkWatchlistService$Lifecycle took to complete: 0ms
07-10 01:07:09.070  1443  1443 D SystemServerTiming: OnBootPhase_600_com.android.server.pinner.PinnerService
07-10 01:07:09.070  1443  1443 V SystemServerTiming: OnBootPhase_600_com.android.server.pinner.PinnerService took to complete: 0ms
07-10 01:07:09.070  1443  1443 D SystemServerTiming: OnBootPhase_600_com.android.server.integrity.AppIntegrityManagerService
07-10 01:07:09.070  1443  1443 V SystemServerTiming: OnBootPhase_600_com.android.server.integrity.AppIntegrityManagerService took to complete: 0ms
07-10 01:07:09.070  1443  1443 D SystemServerTiming: OnBootPhase_600_com.android.server.logcat.LogcatManagerService
07-10 01:07:09.070  1443  1443 V SystemServerTiming: OnBootPhase_600_com.android.server.logcat.LogcatManagerService took to complete: 0ms
07-10 01:07:09.070  1443  1443 D SystemServerTiming: OnBootPhase_600_com.android.server.security.intrusiondetection.IntrusionDetectionService
07-10 01:07:09.070  1443  1443 V SystemServerTiming: OnBootPhase_600_com.android.server.security.intrusiondetection.IntrusionDetectionService took to complete: 0ms
07-10 01:07:09.070  1443  1443 D SystemServerTiming: OnBootPhase_600_com.android.server.appfunctions.AppFunctionManagerService
07-10 01:07:09.070  1443  1443 V SystemServerTiming: OnBootPhase_600_com.android.server.appfunctions.AppFunctionManagerService took to complete: 0ms
07-10 01:07:09.070  1443  1443 D SystemServerTiming: OnBootPhase_600_com.android.server.security.advancedprotection.AdvancedProtectionService$Lifecycle
07-10 01:07:09.070  1443  1443 V SystemServerTiming: OnBootPhase_600_com.android.server.security.advancedprotection.AdvancedProtectionService$Lifecycle took to complete: 0ms
07-10 01:07:09.070  1443  1443 D SystemServerTiming: OnBootPhase_600_com.android.server.TradeInModeService
07-10 01:07:09.070  1443  1443 V SystemServerTiming: OnBootPhase_600_com.android.server.TradeInModeService took to complete: 0ms
07-10 01:07:09.070  1443  1443 D SystemServerTiming: OnBootPhase_600_com.android.server.inputmethod.InputMethodManagerService$Lifecycle
07-10 01:07:09.070  1443  1443 V SystemServerTiming: OnBootPhase_600_com.android.server.inputmethod.InputMethodManagerService$Lifecycle took to complete: 0ms
07-10 01:07:09.070  1443  1443 D SystemServerTiming: OnBootPhase_600_com.android.server.accessibility.AccessibilityManagerService$Lifecycle
07-10 01:07:09.070  1443  1443 V SystemServerTiming: OnBootPhase_600_com.android.server.accessibility.AccessibilityManagerService$Lifecycle took to complete: 0ms
07-10 01:07:09.070  1443  1443 D SystemServerTiming: OnBootPhase_600_com.android.server.StorageManagerService$Lifecycle
07-10 01:07:09.070  1443  1443 V SystemServerTiming: OnBootPhase_600_com.android.server.StorageManagerService$Lifecycle took to complete: 0ms
07-10 01:07:09.070  1443  1443 D SystemServerTiming: OnBootPhase_600_com.android.server.usage.StorageStatsService$Lifecycle
07-10 01:07:09.070  1443  1443 V SystemServerTiming: OnBootPhase_600_com.android.server.usage.StorageStatsService$Lifecycle took to complete: 0ms
07-10 01:07:09.070  1443  1443 D SystemServerTiming: OnBootPhase_600_com.android.server.UiModeManagerService
07-10 01:07:09.070  1443  1443 V SystemServerTiming: OnBootPhase_600_com.android.server.UiModeManagerService took to complete: 0ms
07-10 01:07:09.071  1443  1443 D SystemServerTiming: OnBootPhase_600_com.android.server.locales.LocaleManagerService
07-10 01:07:09.071  1443  1443 V SystemServerTiming: OnBootPhase_600_com.android.server.locales.LocaleManagerService took to complete: 0ms
07-10 01:07:09.071  1443  1443 D SystemServerTiming: OnBootPhase_600_com.android.server.appwindowlayout.AppWindowLayoutSettingsService
07-10 01:07:09.071  1443  1443 V SystemServerTiming: OnBootPhase_600_com.android.server.appwindowlayout.AppWindowLayoutSettingsService took to complete: 0ms
07-10 01:07:09.071  1443  1443 D SystemServerTiming: OnBootPhase_600_com.android.server.grammaticalinflection.GrammaticalInflectionService
07-10 01:07:09.071  1443  1443 V SystemServerTiming: OnBootPhase_600_com.android.server.grammaticalinflection.GrammaticalInflectionService took to complete: 0ms
07-10 01:07:09.071  1443  1443 D SystemServerTiming: OnBootPhase_600_com.android.server.apphibernation.AppHibernationService
07-10 01:07:09.071  1443  1443 V SystemServerTiming: OnBootPhase_600_com.android.server.apphibernation.AppHibernationService took to complete: 0ms
07-10 01:07:09.071  1443  1443 D SystemServerTiming: OnBootPhase_600_com.android.server.locksettings.LockSettingsService$Lifecycle
07-10 01:07:09.071  1443  1443 V SystemServerTiming: OnBootPhase_600_com.android.server.locksettings.LockSettingsService$Lifecycle took to complete: 0ms
07-10 01:07:09.071  1443  1443 D SystemServerTiming: OnBootPhase_600_com.android.server.testharness.TestHarnessModeService
07-10 01:07:09.071  1443  1443 V SystemServerTiming: OnBootPhase_600_com.android.server.testharness.TestHarnessModeService took to complete: 0ms
07-10 01:07:09.071  1443  1443 D SystemServerTiming: OnBootPhase_600_com.android.server.DeviceIdleController
07-10 01:07:09.071  1443  1443 V SystemServerTiming: OnBootPhase_600_com.android.server.DeviceIdleController took to complete: 0ms
07-10 01:07:09.071  1443  1443 D SystemServerTiming: OnBootPhase_600_com.android.server.devicepolicy.DevicePolicyManagerService$Lifecycle
07-10 01:07:09.071  1443  1443 V SystemServerTiming: OnBootPhase_600_com.android.server.devicepolicy.DevicePolicyManagerService$Lifecycle took to complete: 0ms
07-10 01:07:09.071  1443  1443 D SystemServerTiming: OnBootPhase_600_com.android.server.voiceinteraction.VoiceInteractionManagerService
07-10 01:07:09.072  1443  1443 V SystemServerTiming: OnBootPhase_600_com.android.server.voiceinteraction.VoiceInteractionManagerService took to complete: 1ms
07-10 01:07:09.072  1443  1443 D SystemServerTiming: OnBootPhase_600_com.android.server.texttospeech.TextToSpeechManagerService
07-10 01:07:09.073  1443  1443 V SystemServerTiming: OnBootPhase_600_com.android.server.texttospeech.TextToSpeechManagerService took to complete: 1ms
07-10 01:07:09.073  1443  1443 D SystemServerTiming: OnBootPhase_600_com.android.server.wearable.WearableSensingManagerService
07-10 01:07:09.073  1443  1443 V SystemServerTiming: OnBootPhase_600_com.android.server.wearable.WearableSensingManagerService took to complete: 0ms
07-10 01:07:09.073  1443  1443 D SystemServerTiming: OnBootPhase_600_com.android.server.ondeviceintelligence.OnDeviceIntelligenceManagerService
07-10 01:07:09.073  1443  1443 V SystemServerTiming: OnBootPhase_600_com.android.server.ondeviceintelligence.OnDeviceIntelligenceManagerService took to complete: 0ms
07-10 01:07:09.073  1443  1443 D SystemServerTiming: OnBootPhase_600_com.android.server.speech.SpeechRecognitionManagerService
07-10 01:07:09.074  1443  1443 V SystemServerTiming: OnBootPhase_600_com.android.server.speech.SpeechRecognitionManagerService took to complete: 0ms
07-10 01:07:09.074  1443  1443 D SystemServerTiming: OnBootPhase_600_com.android.server.graphics.fonts.FontManagerService$Lifecycle
07-10 01:07:09.074  1443  1443 V SystemServerTiming: OnBootPhase_600_com.android.server.graphics.fonts.FontManagerService$Lifecycle took to complete: 0ms
07-10 01:07:09.074  1443  1443 D SystemServerTiming: OnBootPhase_600_com.android.server.textservices.TextServicesManagerService$Lifecycle
07-10 01:07:09.074  1443  1443 V SystemServerTiming: OnBootPhase_600_com.android.server.textservices.TextServicesManagerService$Lifecycle took to complete: 0ms
07-10 01:07:09.074  1443  1443 D SystemServerTiming: OnBootPhase_600_com.android.server.textclassifier.TextClassificationManagerService$Lifecycle
07-10 01:07:09.074  1443  1443 V SystemServerTiming: OnBootPhase_600_com.android.server.textclassifier.TextClassificationManagerService$Lifecycle took to complete: 0ms
07-10 01:07:09.074  1443  1443 D SystemServerTiming: OnBootPhase_600_com.android.server.NetworkScoreService$Lifecycle
07-10 01:07:09.074  1443  1443 V SystemServerTiming: OnBootPhase_600_com.android.server.NetworkScoreService$Lifecycle took to complete: 0ms
07-10 01:07:09.075  1443  1443 D SystemServerTiming: OnBootPhase_600_com.android.server.NetworkStatsServiceInitializer
07-10 01:07:09.075  1443  1443 V SystemServerTiming: OnBootPhase_600_com.android.server.NetworkStatsServiceInitializer took to complete: 0ms
07-10 01:07:09.075  1443  1443 D SystemServerTiming: OnBootPhase_600_com.android.server.wifi.WifiService
07-10 01:07:09.075  1716  1716 V WindowManagerShell: Adding init callback for BubbleController
07-10 01:07:09.075  1443  1443 V SystemServerTiming: OnBootPhase_600_com.android.server.wifi.WifiService took to complete: 0ms
07-10 01:07:09.075  1443  1443 D SystemServerTiming: OnBootPhase_600_com.android.server.wifi.scanner.WifiScanningService
07-10 01:07:09.075  1443  1443 V SystemServerTiming: OnBootPhase_600_com.android.server.wifi.scanner.WifiScanningService took to complete: 0ms
07-10 01:07:09.075  1443  1443 D SystemServerTiming: OnBootPhase_600_com.android.server.wifi.p2p.WifiP2pService
07-10 01:07:09.075  1443  1443 V SystemServerTiming: OnBootPhase_600_com.android.server.wifi.p2p.WifiP2pService took to complete: 0ms
07-10 01:07:09.075  1443  1443 D SystemServerTiming: OnBootPhase_600_com.android.server.ConnectivityServiceInitializer
07-10 01:07:09.075  1443  1443 V SystemServerTiming: OnBootPhase_600_com.android.server.ConnectivityServiceInitializer took to complete: 0ms
07-10 01:07:09.075  1443  1443 D SystemServerTiming: OnBootPhase_600_com.android.server.bitmapoffload.BitmapOffloadService
07-10 01:07:09.075  1443  1443 V SystemServerTiming: OnBootPhase_600_com.android.server.bitmapoffload.BitmapOffloadService took to complete: 0ms
07-10 01:07:09.075  1443  1443 D SystemServerTiming: OnBootPhase_600_com.android.server.notification.NotificationManagerService
07-10 01:07:09.077  1443  1478 I ActivityManager: Start proc 1764:WebViewLoader-arm64-v8a/1037 [android.webkit.WebViewLibraryLoader$RelroFileCreator] for 
07-10 01:07:09.080  1716  1716 V WindowManagerShell: Adding init callback for RootTaskDesksOrganizer
07-10 01:07:09.081  1716  1716 V WindowManagerShell: Adding init callback for DesktopImmersiveController
07-10 01:07:09.082  1716  1716 V WindowManagerShell: Adding init callback for DefaultHomePackageSupplier
07-10 01:07:09.083  1716  1716 V WindowManagerShell: Adding init callback for SystemModalsTransitionHandler
07-10 01:07:09.084  1716  1716 V WindowManagerShell: Adding init callback for DesktopMixedTransitionHandler
07-10 01:07:09.089  1716  1716 V ShellDesktopMode: DesktopTasksLimiter: Starting limiter without the task limit
07-10 01:07:09.092  1716  1716 V WindowManagerShell: Adding init callback for DesktopModeLoggerTransitionObserver
07-10 01:07:09.093  1716  1716 V WindowManagerShell: Adding init callback for RecentsTransitionHandler
07-10 01:07:09.093  1716  1716 V WindowManagerShell: Adding init callback for MultiInstanceHelper
07-10 01:07:09.096  1443  1443 V SystemServerTiming: OnBootPhase_600_com.android.server.notification.NotificationManagerService took to complete: 21ms
07-10 01:07:09.096  1716  1716 V WindowManagerShell: Adding init callback for OverviewToDesktopTransitionObserver
07-10 01:07:09.096  1443  1443 D SystemServerTiming: OnBootPhase_600_com.android.server.storage.DeviceStorageMonitorService
07-10 01:07:09.096  1443  1443 V SystemServerTiming: OnBootPhase_600_com.android.server.storage.DeviceStorageMonitorService took to complete: 0ms
07-10 01:07:09.096  1443  1443 D SystemServerTiming: OnBootPhase_600_com.android.server.timedetector.TimeDetectorService$Lifecycle
07-10 01:07:09.096  1443  1443 V SystemServerTiming: OnBootPhase_600_com.android.server.timedetector.TimeDetectorService$Lifecycle took to complete: 0ms
07-10 01:07:09.096  1716  1716 V WindowManagerShell: Adding init callback for UserProfileContexts
07-10 01:07:09.096  1443  1443 D SystemServerTiming: OnBootPhase_600_com.android.server.location.LocationManagerService$Lifecycle
07-10 01:07:09.098  1443  1516 D GameManagerService: User ID '0' does not have a Game Mode selected for package: 'android'
07-10 01:07:09.098  1716  1716 V WindowManagerShell: Adding init callback for VisualIndicatorUpdateScheduler
07-10 01:07:09.099  1716  1716 V WindowManagerShell: Adding init callback for DesktopFirstListenerManager
07-10 01:07:09.100  1443  1469 I DropBoxManagerService: add tag=system_server_strictmode isTagEnabled=true flags=0x2
07-10 01:07:09.100  1716  1716 V WindowManagerShell: Adding init callback for DesktopTasksController
07-10 01:07:09.103  1716  1716 V WindowManagerShell: Adding init callback for AppToWebRepositoryImpl
07-10 01:07:09.106  1443  1581 W BroadcastLoopers: Found previously unknown looper Thread[NetworkStats,5,main]
07-10 01:07:09.106  1716  1716 V WindowManagerShell: Adding init callback for DesktopActivityOrientationChangeHandler
07-10 01:07:09.107  1716  1716 V WindowManagerShell: Adding init callback for WindowDecorTaskResourceLoaderImpl
07-10 01:07:09.108  1716  1716 V WindowManagerShell: Adding init callback for DesktopTilingDecorViewModel
07-10 01:07:09.108  1716  1716 V WindowManagerShell: Adding init callback for LockTaskChangeListener
07-10 01:07:09.110  1716  1716 V WindowManagerShell: Adding init callback for WindowDecorationGestureExclusionTracker
07-10 01:07:09.110  1716  1716 V WindowManagerShell: Adding init callback for DesktopModeWindowDecorViewModel
07-10 01:07:09.110  1716  1716 V WindowManagerShell: Adding init callback for RootDisplayAreaOrganizer
07-10 01:07:09.113  1443  1755 W PackageManager: Invalid dex load report. loadingPackageName=null, uid=1037
07-10 01:07:09.115  1716  1716 E VibratorInfo: Invalid frequency profile received from HAL. resonantFrequencyHz=NaN, frequenciesHz=null, outputAccelerationsGs=null
07-10 01:07:09.118  1716  1716 V WindowManagerShell: Adding init callback for SplitScreenController
07-10 01:07:09.118  1716  1716 V WindowManagerShell: Adding init callback for FullscreenTaskListener
07-10 01:07:09.119  1716  1716 V WindowManagerShell: Adding init callback for DesktopImeHandler
07-10 01:07:09.125  1716  1716 V WindowManagerShell: Adding init callback for BackAnimationController
07-10 01:07:09.125  1716  1716 V WindowManagerShell: addHandler: BackAnimationController$BackTransitionHandler
07-10 01:07:09.126  1716  1716 V WindowManagerShell: Adding init callback for DesktopBackNavTransitionObserver
07-10 01:07:09.127  1716  1716 V WindowManagerShell: Adding init callback for FreeformTaskTransitionStarterInitializer
07-10 01:07:09.128  1716  1716 V WindowManagerShell: Adding init callback for AppZoomOutController
07-10 01:07:09.129  1716  1716 V WindowManagerShell: Adding init callback for HideDisplayCutoutController
07-10 01:07:09.129  1716  1716 V WindowManagerShell: Adding init callback for ActivityEmbeddingController
07-10 01:07:09.130  1716  1716 V WindowManagerShell: Adding init callback for PipDisplayLayoutState
07-10 01:07:09.139  1443  1443 V SystemServerTiming: OnBootPhase_600_com.android.server.location.LocationManagerService$Lifecycle took to complete: 43ms
07-10 01:07:09.140  1443  1443 D SystemServerTiming: OnBootPhase_600_com.android.server.timezonedetector.TimeZoneDetectorService$Lifecycle
07-10 01:07:09.140  1443  1443 V SystemServerTiming: OnBootPhase_600_com.android.server.timezonedetector.TimeZoneDetectorService$Lifecycle took to complete: 0ms
07-10 01:07:09.140  1443  1443 D SystemServerTiming: OnBootPhase_600_com.android.server.location.altitude.AltitudeService$Lifecycle
07-10 01:07:09.140  1443  1443 V SystemServerTiming: OnBootPhase_600_com.android.server.location.altitude.AltitudeService$Lifecycle took to complete: 0ms
07-10 01:07:09.140  1443  1443 D SystemServerTiming: OnBootPhase_600_com.android.server.timezonedetector.location.LocationTimeZoneManagerService$Lifecycle
07-10 01:07:09.140  1443  1443 V SystemServerTiming: OnBootPhase_600_com.android.server.timezonedetector.location.LocationTimeZoneManagerService$Lifecycle took to complete: 1ms
07-10 01:07:09.140  1443  1443 D SystemServerTiming: OnBootPhase_600_com.android.server.search.SearchManagerService$Lifecycle
07-10 01:07:09.140  1443  1443 V SystemServerTiming: OnBootPhase_600_com.android.server.search.SearchManagerService$Lifecycle took to complete: 0ms
07-10 01:07:09.140  1443  1443 D SystemServerTiming: OnBootPhase_600_com.android.server.wallpaper.WallpaperManagerService$Lifecycle
07-10 01:07:09.140  1443  1443 D WallpaperManagerService: Wallpaper_switch-user-0
07-10 01:07:09.140  1443  1443 V WallpaperManagerService: bindWallpaperComponentLocked: componentName=ComponentInfo{com.android.systemui/com.android.systemui.wallpapers.ImageWallpaper}
07-10 01:07:09.140  1443  1443 D WallpaperManagerService: WPMS.bindWallpaperComponentLocked-ComponentInfo{com.android.systemui/com.android.systemui.wallpapers.ImageWallpaper}
07-10 01:07:09.141  1716  1716 V WindowManagerShell: Adding init callback for PipTransition
07-10 01:07:09.141  1443  1443 V WallpaperManagerService: WPMS.bindWallpaperComponentLocked-ComponentInfo{com.android.systemui/com.android.systemui.wallpapers.ImageWallpaper} took to complete: 1ms
07-10 01:07:09.141  1443  1443 V WallpaperManagerService: Wallpaper_switch-user-0 took to complete: 1ms
07-10 01:07:09.141  1443  1443 V SystemServerTiming: OnBootPhase_600_com.android.server.wallpaper.WallpaperManagerService$Lifecycle took to complete: 1ms
07-10 01:07:09.141  1443  1443 D SystemServerTiming: OnBootPhase_600_com.android.server.audio.AudioService$Lifecycle
07-10 01:07:09.141  1443  1443 V SystemServerTiming: OnBootPhase_600_com.android.server.audio.AudioService$Lifecycle took to complete: 0ms
07-10 01:07:09.141  1443  1443 D SystemServerTiming: OnBootPhase_600_com.android.server.soundtrigger_middleware.SoundTriggerMiddlewareService$Lifecycle
07-10 01:07:09.141  1443  1443 V SystemServerTiming: OnBootPhase_600_com.android.server.soundtrigger_middleware.SoundTriggerMiddlewareService$Lifecycle took to complete: 0ms
07-10 01:07:09.141  1716  1716 V WindowManagerShell: Adding init callback for PipSurfaceTransactionHelper
07-10 01:07:09.141  1443  1443 D SystemServerTiming: OnBootPhase_600_com.android.server.DockObserver
07-10 01:07:09.141  1443  1443 V SystemServerTiming: OnBootPhase_600_com.android.server.DockObserver took to complete: 0ms
07-10 01:07:09.141  1443  1443 D SystemServerTiming: OnBootPhase_600_com.android.server.midi.MidiService$Lifecycle
07-10 01:07:09.141  1443  1443 V SystemServerTiming: OnBootPhase_600_com.android.server.midi.MidiService$Lifecycle took to complete: 0ms
07-10 01:07:09.141  1443  1443 D SystemServerTiming: OnBootPhase_600_com.android.server.adb.AdbService$Lifecycle
07-10 01:07:09.141  1443  1443 V SystemServerTiming: OnBootPhase_600_com.android.server.adb.AdbService$Lifecycle took to complete: 0ms
07-10 01:07:09.141  1443  1443 D SystemServerTiming: OnBootPhase_600_com.android.server.usb.UsbService$Lifecycle
07-10 01:07:09.141  1443  1443 V SystemServerTiming: OnBootPhase_600_com.android.server.usb.UsbService$Lifecycle took to complete: 0ms
07-10 01:07:09.141  1443  1443 D SystemServerTiming: OnBootPhase_600_com.android.server.SerialService$Lifecycle
07-10 01:07:09.141  1443  1443 V SystemServerTiming: OnBootPhase_600_com.android.server.SerialService$Lifecycle took to complete: 0ms
07-10 01:07:09.142  1443  1443 D SystemServerTiming: OnBootPhase_600_com.android.server.twilight.TwilightService
07-10 01:07:09.142  1443  1443 V SystemServerTiming: OnBootPhase_600_com.android.server.twilight.TwilightService took to complete: 0ms
07-10 01:07:09.142  1443  1443 D SystemServerTiming: OnBootPhase_600_com.android.server.display.color.ColorDisplayService
07-10 01:07:09.142  1443  1443 V SystemServerTiming: OnBootPhase_600_com.android.server.display.color.ColorDisplayService took to complete: 0ms
07-10 01:07:09.142  1443  1443 D SystemServerTiming: OnBootPhase_600_com.android.server.job.JobSchedulerService
07-10 01:07:09.143  1716  1743 V ShellTaskOrganizer: addListenerForType types=[-4] listener=com.android.wm.shell.pip2.phone.PipTaskListener@fba7e6b
07-10 01:07:09.144  1716  1716 V WindowManagerShell: Adding init callback for PipTransition
07-10 01:07:09.146  1716  1716 V WindowManagerShell: Adding init callback for KeyguardTransitionHandler
07-10 01:07:09.147  1716  1716 V WindowManagerShell: Adding init callback for DefaultMixedHandler
07-10 01:07:09.156  1443  1443 V SystemServerTiming: OnBootPhase_600_com.android.server.job.JobSchedulerService took to complete: 13ms
07-10 01:07:09.156  1443  1443 D SystemServerTiming: OnBootPhase_600_com.android.server.soundtrigger.SoundTriggerService
07-10 01:07:09.156  1443  1443 D SoundTriggerService: onBootPhase: 600 : false
07-10 01:07:09.157  1716  1716 V WindowManagerShell: Adding init callback for StartingWindowController
07-10 01:07:09.158  1443  1443 V SystemServerTiming: OnBootPhase_600_com.android.server.soundtrigger.SoundTriggerService took to complete: 1ms
07-10 01:07:09.158  1443  1443 D SystemServerTiming: OnBootPhase_600_com.android.server.trust.TrustManagerService
07-10 01:07:09.158  1716  1716 V WindowManagerShell: Adding init callback for ProtoLogController
07-10 01:07:09.160  1716  1716 V AppCompat: LetterboxAnimationHandler: Initializing...
07-10 01:07:09.160  1716  1716 V WindowManagerShell: Adding init callback for LetterboxAnimationHandler
07-10 01:07:09.162   647   663 I keystore2: system/security/keystore2/src/authorization.rs:130 - on_device_unlocked(AndroidUserId(0), password.is_some()=false)
07-10 01:07:09.162  1716  1716 V AppCompat: DelegateLetterboxTransitionObserver: Initializing LetterboxTransitionObserver
07-10 01:07:09.162  1716  1716 V WindowManagerShell: Adding init callback for DelegateLetterboxTransitionObserver
07-10 01:07:09.162  1716  1716 V AppCompat: LetterboxCommandHandler: Initializing LetterboxCommandHandler
07-10 01:07:09.162  1716  1716 V WindowManagerShell: Adding init callback for LetterboxCommandHandler
07-10 01:07:09.162  1716  1716 V WindowManagerShell: Adding init callback for LetterboxTaskListenerAdapter
07-10 01:07:09.162  1716  1716 V WindowManagerShell: Adding init callback for LetterboxCleanupAdapter
07-10 01:07:09.163  1716  1716 V WindowManagerShell: Adding init callback for DesktopTasksTransitionObserver
07-10 01:07:09.163  1716  1716 V WindowManagerShell: Adding init callback for DesktopDisplayModeController
07-10 01:07:09.164  1443  1443 V SystemServerTiming: OnBootPhase_600_com.android.server.trust.TrustManagerService took to complete: 6ms
07-10 01:07:09.164  1443  1443 D SystemServerTiming: OnBootPhase_600_com.android.server.backup.BackupManagerService$Lifecycle
07-10 01:07:09.164  1443  1443 V SystemServerTiming: OnBootPhase_600_com.android.server.backup.BackupManagerService$Lifecycle took to complete: 0ms
07-10 01:07:09.164  1443  1443 D SystemServerTiming: OnBootPhase_600_com.android.server.appwidget.AppWidgetService
07-10 01:07:09.164  1443  1443 V SystemServerTiming: OnBootPhase_600_com.android.server.appwidget.AppWidgetService took to complete: 0ms
07-10 01:07:09.164  1443  1443 D SystemServerTiming: OnBootPhase_600_com.android.server.GestureLauncherService
07-10 01:07:09.164  1716  1716 V WindowManagerShell: Adding init callback for DesktopDisplayEventHandler
07-10 01:07:09.166  1443  1443 V SystemServerTiming: OnBootPhase_600_com.android.server.GestureLauncherService took to complete: 2ms
07-10 01:07:09.166  1443  1443 D SystemServerTiming: OnBootPhase_600_com.android.server.SensorNotificationService
07-10 01:07:09.167  1716  1716 V WindowManagerShell: Adding init callback for DisplayDisconnectTransitionHandler
07-10 01:07:09.167  1716  1716 V WindowManagerShell: Adding init callback for ShellCrashHandler
07-10 01:07:09.168  1443  1443 V SystemServerTiming: OnBootPhase_600_com.android.server.SensorNotificationService took to complete: 2ms
07-10 01:07:09.168  1443  1443 D SystemServerTiming: OnBootPhase_600_com.android.server.emergency.EmergencyAffordanceService
07-10 01:07:09.170  1443  1443 V SystemServerTiming: OnBootPhase_600_com.android.server.emergency.EmergencyAffordanceService took to complete: 2ms
07-10 01:07:09.170  1443  1443 D SystemServerTiming: OnBootPhase_600_com.android.server.blob.BlobStoreManagerService
07-10 01:07:09.172  1443  1443 V SystemServerTiming: OnBootPhase_600_com.android.server.blob.BlobStoreManagerService took to complete: 2ms
07-10 01:07:09.172  1443  1443 D SystemServerTiming: OnBootPhase_600_com.android.server.dreams.DreamManagerService
07-10 01:07:09.172  1716  1716 V WindowManagerShell: Adding init callback for PerfHintController
07-10 01:07:09.173  1443  1443 V SystemServerTiming: OnBootPhase_600_com.android.server.dreams.DreamManagerService took to complete: 1ms
07-10 01:07:09.173  1443  1443 D SystemServerTiming: OnBootPhase_600_com.android.server.print.PrintManagerService
07-10 01:07:09.173  1443  1443 V SystemServerTiming: OnBootPhase_600_com.android.server.print.PrintManagerService took to complete: 0ms
07-10 01:07:09.173  1443  1443 D SystemServerTiming: OnBootPhase_600_com.android.server.security.AttestationVerificationManagerService
07-10 01:07:09.173  1443  1443 V SystemServerTiming: OnBootPhase_600_com.android.server.security.AttestationVerificationManagerService took to complete: 0ms
07-10 01:07:09.173  1443  1443 D SystemServerTiming: OnBootPhase_600_com.android.server.companion.CompanionDeviceManagerService
07-10 01:07:09.173  1443  1443 V SystemServerTiming: OnBootPhase_600_com.android.server.companion.CompanionDeviceManagerService took to complete: 0ms
07-10 01:07:09.173  1443  1443 D SystemServerTiming: OnBootPhase_600_com.android.server.companion.virtual.VirtualDeviceManagerService
07-10 01:07:09.173  1443  1443 V SystemServerTiming: OnBootPhase_600_com.android.server.companion.virtual.VirtualDeviceManagerService took to complete: 0ms
07-10 01:07:09.173  1443  1443 D SystemServerTiming: OnBootPhase_600_com.android.server.restrictions.RestrictionsManagerService
07-10 01:07:09.173  1443  1443 V SystemServerTiming: OnBootPhase_600_com.android.server.restrictions.RestrictionsManagerService took to complete: 0ms
07-10 01:07:09.173  1443  1443 D SystemServerTiming: OnBootPhase_600_com.android.server.media.MediaSessionService
07-10 01:07:09.173  1443  1443 V SystemServerTiming: OnBootPhase_600_com.android.server.media.MediaSessionService took to complete: 0ms
07-10 01:07:09.173  1443  1443 D SystemServerTiming: OnBootPhase_600_com.android.server.media.MediaResourceMonitorService
07-10 01:07:09.173  1443  1443 V SystemServerTiming: OnBootPhase_600_com.android.server.media.MediaResourceMonitorService took to complete: 0ms
07-10 01:07:09.173  1443  1443 D SystemServerTiming: OnBootPhase_600_com.android.server.biometrics.sensors.fingerprint.FingerprintService
07-10 01:07:09.173  1443  1443 V SystemServerTiming: OnBootPhase_600_com.android.server.biometrics.sensors.fingerprint.FingerprintService took to complete: 0ms
07-10 01:07:09.173  1443  1443 D SystemServerTiming: OnBootPhase_600_com.android.server.biometrics.BiometricService
07-10 01:07:09.173  1443  1443 V SystemServerTiming: OnBootPhase_600_com.android.server.biometrics.BiometricService took to complete: 0ms
07-10 01:07:09.173  1443  1443 D SystemServerTiming: OnBootPhase_600_com.android.server.biometrics.AuthService
07-10 01:07:09.173  1443  1443 V SystemServerTiming: OnBootPhase_600_com.android.server.biometrics.AuthService took to complete: 0ms
07-10 01:07:09.173  1443  1443 D SystemServerTiming: OnBootPhase_600_com.android.server.security.authenticationpolicy.SecureLockDeviceService$Lifecycle
07-10 01:07:09.173  1443  1443 V SystemServerTiming: OnBootPhase_600_com.android.server.security.authenticationpolicy.SecureLockDeviceService$Lifecycle took to complete: 0ms
07-10 01:07:09.173  1443  1443 D SystemServerTiming: OnBootPhase_600_com.android.server.security.authenticationpolicy.AuthenticationPolicyService
07-10 01:07:09.173  1443  1443 V SystemServerTiming: OnBootPhase_600_com.android.server.security.authenticationpolicy.AuthenticationPolicyService took to complete: 0ms
07-10 01:07:09.173  1443  1443 D SystemServerTiming: OnBootPhase_600_com.android.server.pm.ShortcutService$Lifecycle
07-10 01:07:09.173  1443  1443 V SystemServerTiming: OnBootPhase_600_com.android.server.pm.ShortcutService$Lifecycle took to complete: 0ms
07-10 01:07:09.173  1443  1443 D SystemServerTiming: OnBootPhase_600_com.android.server.pm.LauncherAppsService
07-10 01:07:09.173  1443  1443 V SystemServerTiming: OnBootPhase_600_com.android.server.pm.LauncherAppsService took to complete: 0ms
07-10 01:07:09.173  1443  1443 D SystemServerTiming: OnBootPhase_600_com.android.server.pm.CrossProfileAppsService
07-10 01:07:09.173  1443  1443 V SystemServerTiming: OnBootPhase_600_com.android.server.pm.CrossProfileAppsService took to complete: 0ms
07-10 01:07:09.173  1443  1443 D SystemServerTiming: OnBootPhase_600_com.android.server.people.PeopleService
07-10 01:07:09.173  1443  1443 V SystemServerTiming: OnBootPhase_600_com.android.server.people.PeopleService took to complete: 0ms
07-10 01:07:09.173  1443  1443 D SystemServerTiming: OnBootPhase_600_com.android.server.media.metrics.MediaMetricsManagerService
07-10 01:07:09.173  1443  1443 V SystemServerTiming: OnBootPhase_600_com.android.server.media.metrics.MediaMetricsManagerService took to complete: 0ms
07-10 01:07:09.173  1443  1443 D SystemServerTiming: OnBootPhase_600_com.android.server.pm.BackgroundInstallControlService
07-10 01:07:09.173  1443  1443 V SystemServerTiming: OnBootPhase_600_com.android.server.pm.BackgroundInstallControlService took to complete: 0ms
07-10 01:07:09.173  1443  1443 D SystemServerTiming: OnBootPhase_600_com.android.server.media.projection.MediaProjectionManagerService
07-10 01:07:09.173  1443  1443 V SystemServerTiming: OnBootPhase_600_com.android.server.media.projection.MediaProjectionManagerService took to complete: 0ms
07-10 01:07:09.173  1443  1443 D SystemServerTiming: OnBootPhase_600_com.android.server.slice.SliceManagerService$Lifecycle
07-10 01:07:09.173  1443  1443 V SystemServerTiming: OnBootPhase_600_com.android.server.slice.SliceManagerService$Lifecycle took to complete: 0ms
07-10 01:07:09.173  1443  1443 D SystemServerTiming: OnBootPhase_600_com.android.server.stats.StatsCompanion$Lifecycle
07-10 01:07:09.174  1716  1716 V WindowManagerShell: Adding init callback for DevicePostureController
07-10 01:07:09.175  1716  1716 V WindowManagerShell: Adding init callback for TabletopModeController
07-10 01:07:09.176  1716  1716 V WindowManagerShell: Adding init callback for PipTouchHandler
07-10 01:07:09.178  1716  1716 V WindowManagerShell: Adding init callback for PipController
07-10 01:07:09.180  1716  1743 V WindowManagerShell: Initializing Shell Components: 71
07-10 01:07:09.181  1716  1743 V WindowManagerShell: 	DisplayChangeController init took 0ms
07-10 01:07:09.184  1443  1443 V SystemServerTiming: OnBootPhase_600_com.android.server.stats.StatsCompanion$Lifecycle took to complete: 10ms
07-10 01:07:09.184  1443  1443 D SystemServerTiming: OnBootPhase_600_com.android.server.scheduling.RebootReadinessManagerService$Lifecycle
07-10 01:07:09.184  1443  1443 V SystemServerTiming: OnBootPhase_600_com.android.server.scheduling.RebootReadinessManagerService$Lifecycle took to complete: 0ms
07-10 01:07:09.184  1443  1443 D SystemServerTiming: OnBootPhase_600_com.android.server.stats.pull.StatsPullAtomService
07-10 01:07:09.184  1443  1443 V SystemServerTiming: OnBootPhase_600_com.android.server.stats.pull.StatsPullAtomService took to complete: 0ms
07-10 01:07:09.184  1443  1443 D SystemServerTiming: OnBootPhase_600_com.android.server.stats.bootstrap.StatsBootstrapAtomService$Lifecycle
07-10 01:07:09.184  1443  1443 V SystemServerTiming: OnBootPhase_600_com.android.server.stats.bootstrap.StatsBootstrapAtomService$Lifecycle took to complete: 0ms
07-10 01:07:09.184  1443  1443 D SystemServerTiming: OnBootPhase_600_com.android.server.incident.IncidentCompanionService
07-10 01:07:09.184  1443  1443 V SystemServerTiming: OnBootPhase_600_com.android.server.incident.IncidentCompanionService took to complete: 0ms
07-10 01:07:09.184  1443  1443 D SystemServerTiming: OnBootPhase_600_com.android.server.sdksandbox.SdkSandboxManagerService$Lifecycle
07-10 01:07:09.184  1443  1443 V SystemServerTiming: OnBootPhase_600_com.android.server.sdksandbox.SdkSandboxManagerService$Lifecycle took to complete: 0ms
07-10 01:07:09.184  1443  1443 D SystemServerTiming: OnBootPhase_600_com.android.server.adservices.AdServicesManagerService$Lifecycle
07-10 01:07:09.184  1443  1443 V SystemServerTiming: OnBootPhase_600_com.android.server.adservices.AdServicesManagerService$Lifecycle took to complete: 0ms
07-10 01:07:09.184  1443  1443 D SystemServerTiming: OnBootPhase_600_com.android.server.ondevicepersonalization.OnDevicePersonalizationSystemService$Lifecycle
07-10 01:07:09.184  1443  1443 V SystemServerTiming: OnBootPhase_600_com.android.server.ondevicepersonalization.OnDevicePersonalizationSystemService$Lifecycle took to complete: 0ms
07-10 01:07:09.184  1443  1443 D SystemServerTiming: OnBootPhase_600_android.os.profiling.ProfilingService$Lifecycle
07-10 01:07:09.184  1443  1443 V SystemServerTiming: OnBootPhase_600_android.os.profiling.ProfilingService$Lifecycle took to complete: 0ms
07-10 01:07:09.184  1443  1443 D SystemServerTiming: OnBootPhase_600_com.android.server.MmsServiceBroker
07-10 01:07:09.184  1443  1443 V SystemServerTiming: OnBootPhase_600_com.android.server.MmsServiceBroker took to complete: 0ms
07-10 01:07:09.184  1443  1443 D SystemServerTiming: OnBootPhase_600_com.android.server.autofill.AutofillManagerService
07-10 01:07:09.185  1443  1443 V SystemServerTiming: OnBootPhase_600_com.android.server.autofill.AutofillManagerService took to complete: 1ms
07-10 01:07:09.185  1443  1443 D SystemServerTiming: OnBootPhase_600_com.android.server.credentials.CredentialManagerService
07-10 01:07:09.185  1443  1443 V SystemServerTiming: OnBootPhase_600_com.android.server.credentials.CredentialManagerService took to complete: 0ms
07-10 01:07:09.185  1443  1443 D SystemServerTiming: OnBootPhase_600_com.android.server.clipboard.ClipboardService
07-10 01:07:09.185  1443  1443 V SystemServerTiming: OnBootPhase_600_com.android.server.clipboard.ClipboardService took to complete: 0ms
07-10 01:07:09.185  1443  1443 D SystemServerTiming: OnBootPhase_600_com.android.server.selectiontoolbar.SelectionToolbarManagerService
07-10 01:07:09.186  1443  1443 V SystemServerTiming: OnBootPhase_600_com.android.server.selectiontoolbar.SelectionToolbarManagerService took to complete: 0ms
07-10 01:07:09.186  1443  1443 D SystemServerTiming: OnBootPhase_600_com.android.server.appbinding.AppBindingService$Lifecycle
07-10 01:07:09.186  1443  1443 V SystemServerTiming: OnBootPhase_600_com.android.server.appbinding.AppBindingService$Lifecycle took to complete: 1ms
07-10 01:07:09.186  1443  1443 D SystemServerTiming: OnBootPhase_600_com.android.server.tracing.TracingServiceProxy
07-10 01:07:09.186  1443  1443 V SystemServerTiming: OnBootPhase_600_com.android.server.tracing.TracingServiceProxy took to complete: 0ms
07-10 01:07:09.186  1443  1443 D SystemServerTiming: OnBootPhase_600_com.android.server.os.instrumentation.DynamicInstrumentationManagerService
07-10 01:07:09.186  1443  1443 V SystemServerTiming: OnBootPhase_600_com.android.server.os.instrumentation.DynamicInstrumentationManagerService took to complete: 0ms
07-10 01:07:09.186  1443  1443 D SystemServerTiming: OnBootPhase_600_org.lineageos.platform.internal.ProfileManagerService
07-10 01:07:09.186  1443  1443 V SystemServerTiming: OnBootPhase_600_org.lineageos.platform.internal.ProfileManagerService took to complete: 0ms
07-10 01:07:09.186  1443  1443 D SystemServerTiming: OnBootPhase_600_org.lineageos.platform.internal.LineageHardwareService
07-10 01:07:09.186  1443  1443 V SystemServerTiming: OnBootPhase_600_org.lineageos.platform.internal.LineageHardwareService took to complete: 0ms
07-10 01:07:09.186  1443  1443 D SystemServerTiming: OnBootPhase_600_org.lineageos.platform.internal.display.LiveDisplayService
07-10 01:07:09.186  1443  1443 V SystemServerTiming: OnBootPhase_600_org.lineageos.platform.internal.display.LiveDisplayService took to complete: 0ms
07-10 01:07:09.186  1443  1443 D SystemServerTiming: OnBootPhase_600_org.lineageos.platform.internal.TrustInterfaceService
07-10 01:07:09.186  1443  1443 V SystemServerTiming: OnBootPhase_600_org.lineageos.platform.internal.TrustInterfaceService took to complete: 0ms
07-10 01:07:09.186  1443  1443 D SystemServerTiming: OnBootPhase_600_org.lineageos.platform.internal.LineageSettingsService
07-10 01:07:09.186  1443  1443 V SystemServerTiming: OnBootPhase_600_org.lineageos.platform.internal.LineageSettingsService took to complete: 0ms
07-10 01:07:09.186  1443  1443 D SystemServerTiming: OnBootPhase_600_org.lineageos.platform.internal.LineageGlobalActionsService
07-10 01:07:09.186  1443  1443 V SystemServerTiming: OnBootPhase_600_org.lineageos.platform.internal.LineageGlobalActionsService took to complete: 0ms
07-10 01:07:09.186  1443  1443 D SystemServerTiming: OnBootPhase_600_org.lineageos.platform.internal.health.HealthInterfaceService
07-10 01:07:09.186  1443  1443 V SystemServerTiming: OnBootPhase_600_org.lineageos.platform.internal.health.HealthInterfaceService took to complete: 0ms
07-10 01:07:09.186  1443  1443 D SystemServerTiming: OnBootPhase_600_com.android.server.policy.PermissionPolicyService
07-10 01:07:09.186  1443  1443 V SystemServerTiming: OnBootPhase_600_com.android.server.policy.PermissionPolicyService took to complete: 0ms
07-10 01:07:09.186  1443  1443 D SystemServerTiming: OnBootPhase_600_com.android.server.pm.StagingManager$Lifecycle
07-10 01:07:09.186  1443  1443 V SystemServerTiming: OnBootPhase_600_com.android.server.pm.StagingManager$Lifecycle took to complete: 0ms
07-10 01:07:09.186  1443  1443 D SystemServerTiming: OnBootPhase_600_com.android.server.crashrecovery.CrashRecoveryModule$Lifecycle
07-10 01:07:09.186  1716  1743 V WindowManagerShell: 	DisplayController init took 5ms
07-10 01:07:09.188  1716  1743 V WindowManagerShell: 	DisplayInsetsController init took 2ms
07-10 01:07:09.188  1716  1743 V WindowManagerShell: 	DisplayImeController init took 0ms
07-10 01:07:09.192  1443  1514 I ActivityManager: Process WebViewLoader-arm64-v8a (pid 1764) has died: psvc PER 
07-10 01:07:09.192  1716  1743 V WindowManagerShell: 	RootTaskDisplayAreaOrganizer init took 4ms
07-10 01:07:09.192  1716  1743 V WindowManagerShell: Adding command class dump for ShellController
07-10 01:07:09.192  1716  1743 V WindowManagerShell: Adding dump callback for ShellController
07-10 01:07:09.193  1716  1743 V WindowManagerShell: 	ShellController init took 0ms
07-10 01:07:09.194  1716  1743 D ShellDesktopMode: DesktopUserRepositories: onUserChanged previousUserId=0, newUserId=0
07-10 01:07:09.195  1443  1443 I ExplicitHealthCheckController: Explicit health checks enabled.
07-10 01:07:09.195  1443  1443 I PackageWatchdog: Syncing state, reason: health check state enabled
07-10 01:07:09.195  1443  1443 I PackageWatchdog: Not pruning observers, elapsed time: 0ms
07-10 01:07:09.195  1443  1443 I PackageWatchdog: Cancelling state sync, nothing to sync
07-10 01:07:09.195  1443  1443 V SystemServerTiming: OnBootPhase_600_com.android.server.crashrecovery.CrashRecoveryModule$Lifecycle took to complete: 9ms
07-10 01:07:09.195  1443  1443 D SystemServerTiming: OnBootPhase_600_com.android.server.app.GameManagerService$Lifecycle
07-10 01:07:09.195  1443  1443 V SystemServerTiming: OnBootPhase_600_com.android.server.app.GameManagerService$Lifecycle took to complete: 0ms
07-10 01:07:09.196  1443  1443 D SystemServerTiming: OnBootPhase_600_com.android.server.ranging.RangingService
07-10 01:07:09.196  1443  1443 V SystemServerTiming: OnBootPhase_600_com.android.server.ranging.RangingService took to complete: 0ms
07-10 01:07:09.196  1443  1443 D SystemServerTiming: OnBootPhase_600_com.android.safetycenter.SafetyCenterService
07-10 01:07:09.196  1443  1443 V SystemServerTiming: OnBootPhase_600_com.android.safetycenter.SafetyCenterService took to complete: 0ms
07-10 01:07:09.196  1443  1443 D SystemServerTiming: OnBootPhase_600_com.android.server.appsearch.AppSearchModule$Lifecycle
07-10 01:07:09.196  1443  1443 V SystemServerTiming: OnBootPhase_600_com.android.server.appsearch.AppSearchModule$Lifecycle took to complete: 0ms
07-10 01:07:09.196  1443  1443 D SystemServerTiming: OnBootPhase_600_com.android.server.media.MediaCommunicationService
07-10 01:07:09.196  1443  1443 V SystemServerTiming: OnBootPhase_600_com.android.server.media.MediaCommunicationService took to complete: 0ms
07-10 01:07:09.196  1443  1443 D SystemServerTiming: OnBootPhase_600_com.android.server.compat.overrides.AppCompatOverridesService$Lifecycle
07-10 01:07:09.196  1443  1443 V SystemServerTiming: OnBootPhase_600_com.android.server.compat.overrides.AppCompatOverridesService$Lifecycle took to complete: 0ms
07-10 01:07:09.196  1443  1443 D SystemServerTiming: OnBootPhase_600_com.android.server.healthconnect.HealthConnectManagerService
07-10 01:07:09.196  1443  1443 V SystemServerTiming: OnBootPhase_600_com.android.server.healthconnect.HealthConnectManagerService took to complete: 0ms
07-10 01:07:09.196  1443  1443 D SystemServerTiming: OnBootPhase_600_com.android.server.devicelock.DeviceLockService
07-10 01:07:09.196  1443  1443 D DeviceLockService: onBootPhase: 600
07-10 01:07:09.196  1443  1443 V SystemServerTiming: OnBootPhase_600_com.android.server.devicelock.DeviceLockService took to complete: 0ms
07-10 01:07:09.196  1443  1443 D SystemServerTiming: OnBootPhase_600_com.android.server.SensitiveContentProtectionManagerService
07-10 01:07:09.196  1443  1443 V SystemServerTiming: OnBootPhase_600_com.android.server.SensitiveContentProtectionManagerService took to complete: 0ms
07-10 01:07:09.196  1443  1443 V SystemServerTiming: OnBootPhase_600 took to complete: 128ms
07-10 01:07:09.196  1443  1443 V SystemServerTiming: PhaseThirdPartyAppsCanStart took to complete: 128ms
07-10 01:07:09.196  1443  1443 D SystemServerTiming: StartNetworkStack
07-10 01:07:09.197  1443  1486 I PackageWatchdog: Saving observer state to file
07-10 01:07:09.198  1443  1443 V SystemServerTiming: StartNetworkStack took to complete: 2ms
07-10 01:07:09.198  1443  1443 D SystemServerTiming: StartTethering
07-10 01:07:09.199  1443  1443 V SystemServerTiming: StartTethering took to complete: 1ms
07-10 01:07:09.199  1443  1443 D SystemServerTiming: MakeCountryDetectionServiceReady
07-10 01:07:09.199  1443  1443 V SystemServerTiming: MakeCountryDetectionServiceReady took to complete: 0ms
07-10 01:07:09.199  1443  1443 D SystemServerTiming: MakeNetworkTimeUpdateReady
07-10 01:07:09.199  1716  1743 D ShellDesktopMode: DesktopUserRepositories: onUserProfilesChanged profiles=[UserInfo{0:Owner:4c13}]
07-10 01:07:09.199  1716  1743 V WindowManagerShell: 	DesktopUserRepositories init took 7ms
07-10 01:07:09.200  1716  1743 V WindowManagerShell: Adding command class compatui for CompatUIShellCommandHandler
07-10 01:07:09.200  1716  1743 V WindowManagerShell: 	CompatUIController init took 1ms
07-10 01:07:09.200  1716  1743 V WindowManagerShell: Adding dump callback for TaskStackTransitionObserver
07-10 01:07:09.200  1716  1743 V WindowManagerShell: 	TaskStackTransitionObserver init took 0ms
07-10 01:07:09.200  1716  1743 V WindowManagerShell: Adding external interface from RecentTasksController with key com.android.wm.shell.recents.IRecentTasks
